
Optional file libmchp_peripheral.a not found

Optional file libmchp_peripheral_32MX320F128H.a not found
Archive member included because of file (symbol)

/diski/opt/microchip/xc32/v1.44/bin/bin/../../lib/gcc/pic32mx/4.8.3/libgcc.a(floatunsisf.o)
                              build/default/production/_ext/1360937237/orient.o (__floatunsisf)
/diski/opt/microchip/xc32/v1.44/bin/bin/../../lib/gcc/pic32mx/4.8.3/../../../../pic32mx/lib/libpic32.a(memset.o)
                              build/default/production/_ext/730406118/drv_spi.o (memset)
/diski/opt/microchip/xc32/v1.44/bin/bin/../../lib/gcc/pic32mx/4.8.3/../../../../pic32mx/lib/libpic32.a(default-bootstrap-exception-handler.o)
                              /diski/opt/microchip/xc32/v1.44/bin/bin/../../lib/gcc/pic32mx/4.8.3/../../../../pic32mx/lib/./proc/32MX320F128H/crt0_mips32r2.o (_bootstrap_exception_handler)
/diski/opt/microchip/xc32/v1.44/bin/bin/../../lib/gcc/pic32mx/4.8.3/../../../../pic32mx/lib/libpic32.a(default-on-reset.o)
                              /diski/opt/microchip/xc32/v1.44/bin/bin/../../lib/gcc/pic32mx/4.8.3/../../../../pic32mx/lib/./proc/32MX320F128H/crt0_mips32r2.o (_on_reset)
/diski/opt/microchip/xc32/v1.44/bin/bin/../../lib/gcc/pic32mx/4.8.3/../../../../pic32mx/lib/libpic32.a(default-on-bootstrap.o)
                              /diski/opt/microchip/xc32/v1.44/bin/bin/../../lib/gcc/pic32mx/4.8.3/../../../../pic32mx/lib/./proc/32MX320F128H/crt0_mips32r2.o (_on_bootstrap)
/diski/opt/microchip/xc32/v1.44/bin/bin/../../lib/gcc/pic32mx/4.8.3/../../../../pic32mx/lib/libpic32.a(default-nmi-handler.o)
                              /diski/opt/microchip/xc32/v1.44/bin/bin/../../lib/gcc/pic32mx/4.8.3/../../../../pic32mx/lib/./proc/32MX320F128H/crt0_mips32r2.o (_nmi_handler)
/diski/opt/microchip/xc32/v1.44/bin/bin/../../lib/gcc/pic32mx/4.8.3/../../../../pic32mx/lib/libpic32.a(general-exception.o)
                              /diski/opt/microchip/xc32/v1.44/bin/bin/../../lib/gcc/pic32mx/4.8.3/../../../../pic32mx/lib/./proc/32MX320F128H/crt0_mips32r2.o (_general_exception_context)
/diski/opt/microchip/xc32/v1.44/bin/bin/../../lib/gcc/pic32mx/4.8.3/../../../../pic32mx/lib/libpic32.a(vector0.o)
                              /diski/opt/microchip/xc32/v1.44/bin/bin/../../lib/gcc/pic32mx/4.8.3/../../../../pic32mx/lib/./proc/32MX320F128H/default_isr_vectors.o (__vector_dispatch_0)
/diski/opt/microchip/xc32/v1.44/bin/bin/../../lib/gcc/pic32mx/4.8.3/../../../../pic32mx/lib/libpic32.a(vector1.o)
                              /diski/opt/microchip/xc32/v1.44/bin/bin/../../lib/gcc/pic32mx/4.8.3/../../../../pic32mx/lib/./proc/32MX320F128H/default_isr_vectors.o (__vector_dispatch_1)
/diski/opt/microchip/xc32/v1.44/bin/bin/../../lib/gcc/pic32mx/4.8.3/../../../../pic32mx/lib/libpic32.a(vector2.o)
                              /diski/opt/microchip/xc32/v1.44/bin/bin/../../lib/gcc/pic32mx/4.8.3/../../../../pic32mx/lib/./proc/32MX320F128H/default_isr_vectors.o (__vector_dispatch_2)
/diski/opt/microchip/xc32/v1.44/bin/bin/../../lib/gcc/pic32mx/4.8.3/../../../../pic32mx/lib/libpic32.a(vector3.o)
                              /diski/opt/microchip/xc32/v1.44/bin/bin/../../lib/gcc/pic32mx/4.8.3/../../../../pic32mx/lib/./proc/32MX320F128H/default_isr_vectors.o (__vector_dispatch_3)
/diski/opt/microchip/xc32/v1.44/bin/bin/../../lib/gcc/pic32mx/4.8.3/../../../../pic32mx/lib/libpic32.a(vector4.o)
                              /diski/opt/microchip/xc32/v1.44/bin/bin/../../lib/gcc/pic32mx/4.8.3/../../../../pic32mx/lib/./proc/32MX320F128H/default_isr_vectors.o (__vector_dispatch_4)
/diski/opt/microchip/xc32/v1.44/bin/bin/../../lib/gcc/pic32mx/4.8.3/../../../../pic32mx/lib/libpic32.a(vector5.o)
                              /diski/opt/microchip/xc32/v1.44/bin/bin/../../lib/gcc/pic32mx/4.8.3/../../../../pic32mx/lib/./proc/32MX320F128H/default_isr_vectors.o (__vector_dispatch_5)
/diski/opt/microchip/xc32/v1.44/bin/bin/../../lib/gcc/pic32mx/4.8.3/../../../../pic32mx/lib/libpic32.a(vector7.o)
                              /diski/opt/microchip/xc32/v1.44/bin/bin/../../lib/gcc/pic32mx/4.8.3/../../../../pic32mx/lib/./proc/32MX320F128H/default_isr_vectors.o (__vector_dispatch_7)
/diski/opt/microchip/xc32/v1.44/bin/bin/../../lib/gcc/pic32mx/4.8.3/../../../../pic32mx/lib/libpic32.a(vector9.o)
                              /diski/opt/microchip/xc32/v1.44/bin/bin/../../lib/gcc/pic32mx/4.8.3/../../../../pic32mx/lib/./proc/32MX320F128H/default_isr_vectors.o (__vector_dispatch_9)
/diski/opt/microchip/xc32/v1.44/bin/bin/../../lib/gcc/pic32mx/4.8.3/../../../../pic32mx/lib/libpic32.a(vector11.o)
                              /diski/opt/microchip/xc32/v1.44/bin/bin/../../lib/gcc/pic32mx/4.8.3/../../../../pic32mx/lib/./proc/32MX320F128H/default_isr_vectors.o (__vector_dispatch_11)
/diski/opt/microchip/xc32/v1.44/bin/bin/../../lib/gcc/pic32mx/4.8.3/../../../../pic32mx/lib/libpic32.a(vector12.o)
[...]
Memory Configuration

Name             Origin             Length             Attributes
kseg0_program_mem 0x9d000000         0x00020000         xr
kseg0_boot_mem   0x9fc00490         0x00000970
exception_mem    0x9fc01000         0x00001000
kseg1_boot_mem   0xbfc00000         0x00000490
debug_exec_mem   0xbfc02000         0x00000ff0
config3          0xbfc02ff0         0x00000004
config2          0xbfc02ff4         0x00000004
config1          0xbfc02ff8         0x00000004
config0          0xbfc02ffc         0x00000004
kseg1_data_mem   0xa0000000         0x00004000         w !x
sfrs             0xbf800000         0x00100000
configsfrs       0xbfc02ff0         0x00000010
*default*        0x00000000         0xffffffff

Linker script and memory map

LOAD /diski/opt/microchip/xc32/v1.44/bin/bin/../../lib/gcc/pic32mx/4.8.3/../../../../pic32mx/lib/./proc/32MX320F128H/crt0_mips32r2.o
LOAD /diski/opt/microchip/xc32/v1.44/bin/bin/../../lib/gcc/pic32mx/4.8.3/../../../../pic32mx/lib/debug-exception-return.o
LOAD build/default/production/ChrFont0.o
LOAD build/default/production/FillPat.o
LOAD build/default/production/OledChar.o
LOAD build/default/production/OledDriver.o
LOAD build/default/production/OledGrph.o
LOAD build/default/production/_ext/1360937237/app.o
LOAD build/default/production/_ext/1360937237/main.o
LOAD build/default/production/_ext/1360937237/bioshield.o
LOAD build/default/production/_ext/1360937237/orient.o
LOAD build/default/production/_ext/730406118/drv_spi.o
LOAD build/default/production/_ext/1037316118/drv_spi_sys_queue_fifo.o
LOAD build/default/production/_ext/877522765/drv_usart.o
LOAD build/default/production/_ext/877522765/drv_usart_byte_model.o
LOAD build/default/production/_ext/1379683404/sys_int_pic32.o
LOAD build/default/production/_ext/12144542/drv_i2c_static_buffer_model.o
LOAD build/default/production/_ext/12144542/drv_i2c_mapping.o
LOAD build/default/production/_ext/1047219354/drv_oc_mapping.o
LOAD build/default/production/_ext/1047219354/drv_oc_static.o
LOAD build/default/production/_ext/977502197/drv_spi_tasks.o
LOAD build/default/production/_ext/977502197/drv_spi_api.o
LOAD build/default/production/_ext/977502197/drv_spi_master_rm_tasks.o
LOAD build/default/production/_ext/1407244131/drv_tmr_static.o
LOAD build/default/production/_ext/1407244131/drv_tmr_mapping.o
LOAD build/default/production/_ext/639803181/sys_clk_pic32mx.o
LOAD build/default/production/_ext/340578644/sys_devcon.o
LOAD build/default/production/_ext/340578644/sys_devcon_pic32mx.o
LOAD build/default/production/_ext/822048611/sys_ports_static.o
LOAD build/default/production/_ext/1688732426/system_init.o
LOAD build/default/production/_ext/1688732426/system_interrupt.o
LOAD build/default/production/_ext/1688732426/system_exceptions.o
LOAD build/default/production/_ext/1688732426/system_tasks.o
LOAD ../../../../../microchip/harmony/v2_04/bin/framework/peripheral/PIC32MX320F128H_peripherals.a
                0x00000001                __MPLAB_BUILD = 0x1
                0x00000000                _min_heap_size = 0x0
LOAD /diski/opt/microchip/xc32/v1.44/bin/bin/../../lib/gcc/pic32mx/4.8.3/../../../../pic32mx/lib/./proc/32MX320F128H/default_isr_vectors.o
LOAD /diski/opt/microchip/xc32/v1.44/bin/bin/../../lib/gcc/pic32mx/4.8.3/../../../../pic32mx/lib/pic32_software_reset.o
                0x00000400                PROVIDE (_min_stack_size, 0x400)
LOAD /diski/opt/microchip/xc32/v1.44/bin/bin/../../lib/gcc/pic32mx/4.8.3/../../../../pic32mx/lib/./proc/32MX320F128H/processor.o
START GROUP
LOAD libmchp_peripheral.a
END GROUP
START GROUP
LOAD libmchp_peripheral_32MX320F128H.a
END GROUP
                0x00000001                PROVIDE (_vector_spacing, 0x1)
                0x9fc01000                PROVIDE (_ebase_address, 0x9fc01000)
                0xbfc00000                _RESET_ADDR = 0xbfc00000
                0xbfc00380                _BEV_EXCPT_ADDR = 0xbfc00380
                0xbfc00480                _DBG_EXCPT_ADDR = 0xbfc00480
                0xbfc02000                _DBG_CODE_ADDR = 0xbfc02000
                0x00000ff0                _DBG_CODE_SIZE = 0xff0
                0x9fc01180                _GEN_EXCPT_ADDR = (_ebase_address + 0x180)

.config_BFC02FF0
                0xbfc02ff0        0x4
 *(.config_BFC02FF0)
 .config_BFC02FF0
                0xbfc02ff0        0x4 build/default/production/_ext/1688732426/system_init.o

.config_BFC02FF4
                0xbfc02ff4        0x4
 *(.config_BFC02FF4)
 .config_BFC02FF4
                0xbfc02ff4        0x4 build/default/production/_ext/1688732426/system_init.o

.config_BFC02FF8
                0xbfc02ff8        0x4
 *(.config_BFC02FF8)
 .config_BFC02FF8
                0xbfc02ff8        0x4 build/default/production/_ext/1688732426/system_init.o

.config_BFC02FFC
                0xbfc02ffc        0x4
 *(.config_BFC02FFC)
 .config_BFC02FFC
                0xbfc02ffc        0x4 build/default/production/_ext/1688732426/system_init.o
                0xbfc02000                PROVIDE (_DBG_CODE_ADDR, 0xbfc02000)
                0x00000ff0                PROVIDE (_DBG_CODE_SIZE, 0xff0)

.reset          0xbfc00000      0x208
 *(.reset)
 .reset         0xbfc00000        0x8 /diski/opt/microchip/xc32/v1.44/bin/bin/../../lib/gcc/pic32mx/4.8.3/../../../../pic32mx/lib/./proc/32MX320F128H/crt0_mips32r2.o
                0xbfc00000                _reset
 *(.reset.startup)
 .reset.startup
                0xbfc00008      0x200 /diski/opt/microchip/xc32/v1.44/bin/bin/../../lib/gcc/pic32mx/4.8.3/../../../../pic32mx/lib/./proc/32MX320F128H/crt0_mips32r2.o
                0xbfc00008                _startup

.bev_excpt      0xbfc00380       0x10
 *(.bev_handler)
 .bev_handler   0xbfc00380       0x10 /diski/opt/microchip/xc32/v1.44/bin/bin/../../lib/gcc/pic32mx/4.8.3/../../../../pic32mx/lib/./proc/32MX320F128H/crt0_mips32r2.o

.dbg_excpt      0xbfc00480        0x0
                0xbfc00480                . = (. + DEFINED (_DEBUGGER)?0x8:0x0)

.dbg_code       0xbfc02000        0x0
                0xbfc02000                . = (. + DEFINED (_DEBUGGER)?_DBG_CODE_SIZE:0x0)

.app_excpt      0x9fc01180       0x10
 *(.gen_handler)
 .gen_handler   0x9fc01180       0x10 /diski/opt/microchip/xc32/v1.44/bin/bin/../../lib/gcc/pic32mx/4.8.3/../../../../pic32mx/lib/./proc/32MX320F128H/crt0_mips32r2.o

.vector_0       0x9fc01200        0x8
 *(.vector_0)
 .vector_0      0x9fc01200        0x8 /diski/opt/microchip/xc32/v1.44/bin/bin/../../lib/gcc/pic32mx/4.8.3/../../../../pic32mx/lib/libpic32.a(vector0.o)
                0x9fc01200                __vector_dispatch_0
                0x00000001                ASSERT (((_vector_spacing == 0x0) || (SIZEOF (.vector_0) <= (_vector_spacing << 0x5))), function at exception vector 0 too large)

.vector_1       0x9fc01220        0x8
 *(.vector_1)
 .vector_1      0x9fc01220        0x8 /diski/opt/microchip/xc32/v1.44/bin/bin/../../lib/gcc/pic32mx/4.8.3/../../../../pic32mx/lib/libpic32.a(vector1.o)
                0x9fc01220                __vector_dispatch_1
                0x00000001                ASSERT (((_vector_spacing == 0x0) || (SIZEOF (.vector_1) <= (_vector_spacing << 0x5))), function at exception vector 1 too large)

.vector_2       0x9fc01240        0x8
 *(.vector_2)
 .vector_2      0x9fc01240        0x8 /diski/opt/microchip/xc32/v1.44/bin/bin/../../lib/gcc/pic32mx/4.8.3/../../../../pic32mx/lib/libpic32.a(vector2.o)
                0x9fc01240                __vector_dispatch_2
                0x00000001                ASSERT (((_vector_spacing == 0x0) || (SIZEOF (.vector_2) <= (_vector_spacing << 0x5))), function at exception vector 2 too large)

.vector_3       0x9fc01260        0x8
 *(.vector_3)
 .vector_3      0x9fc01260        0x8 /diski/opt/microchip/xc32/v1.44/bin/bin/../../lib/gcc/pic32mx/4.8.3/../../../../pic32mx/lib/libpic32.a(vector3.o)
                0x9fc01260                __vector_dispatch_3
                0x00000001                ASSERT (((_vector_spacing == 0x0) || (SIZEOF (.vector_3) <= (_vector_spacing << 0x5))), function at exception vector 3 too large)

.vector_4       0x9fc01280        0x8
 *(.vector_4)
 .vector_4      0x9fc01280        0x8 /diski/opt/microchip/xc32/v1.44/bin/bin/../../lib/gcc/pic32mx/4.8.3/../../../../pic32mx/lib/libpic32.a(vector4.o)
                0x9fc01280                __vector_dispatch_4
                0x00000001                ASSERT (((_vector_spacing == 0x0) || (SIZEOF (.vector_4) <= (_vector_spacing << 0x5))), function at exception vector 4 too large)

.vector_5       0x9fc012a0        0x8
 *(.vector_5)
 .vector_5      0x9fc012a0        0x8 /diski/opt/microchip/xc32/v1.44/bin/bin/../../lib/gcc/pic32mx/4.8.3/../../../../pic32mx/lib/libpic32.a(vector5.o)
                0x9fc012a0                __vector_dispatch_5
                0x00000001                ASSERT (((_vector_spacing == 0x0) || (SIZEOF (.vector_5) <= (_vector_spacing << 0x5))), function at exception vector 5 too large)

.vector_6       0x9fc012c0        0x8
 *(.vector_6)
 .vector_6      0x9fc012c0        0x8 build/default/production/_ext/1688732426/system_interrupt.o
                0x9fc012c0                __vector_dispatch_6
                0x00000001                ASSERT (((_vector_spacing == 0x0) || (SIZEOF (.vector_6) <= (_vector_spacing << 0x5))), function at exception vector 6 too large)

.vector_7       0x9fc012e0        0x8
 *(.vector_7)
 .vector_7      0x9fc012e0        0x8 /diski/opt/microchip/xc32/v1.44/bin/bin/../../lib/gcc/pic32mx/4.8.3/../../../../pic32mx/lib/libpic32.a(vector7.o)
                0x9fc012e0                __vector_dispatch_7
                0x00000001                ASSERT (((_vector_spacing == 0x0) || (SIZEOF (.vector_7) <= (_vector_spacing << 0x5))), function at exception vector 7 too large)

.vector_8       0x9fc01300        0x8
 *(.vector_8)
 .vector_8      0x9fc01300        0x8 build/default/production/_ext/1688732426/system_interrupt.o
                0x9fc01300                __vector_dispatch_8
                0x00000001                ASSERT (((_vector_spacing == 0x0) || (SIZEOF (.vector_8) <= (_vector_spacing << 0x5))), function at exception vector 8 too large)

.vector_9       0x9fc01320        0x8
 *(.vector_9)
 .vector_9      0x9fc01320        0x8 /diski/opt/microchip/xc32/v1.44/bin/bin/../../lib/gcc/pic32mx/4.8.3/../../../../pic32mx/lib/libpic32.a(vector9.o)
                0x9fc01320                __vector_dispatch_9
                0x00000001                ASSERT (((_vector_spacing == 0x0) || (SIZEOF (.vector_9) <= (_vector_spacing << 0x5))), function at exception vector 9 too large)

.vector_10      0x9fc01340        0x8
 *(.vector_10)
 .vector_10     0x9fc01340        0x8 build/default/production/_ext/1688732426/system_interrupt.o
                0x9fc01340                __vector_dispatch_10
                0x00000001                ASSERT (((_vector_spacing == 0x0) || (SIZEOF (.vector_10) <= (_vector_spacing << 0x5))), function at exception vector 10 too large)

.vector_11      0x9fc01360        0x8
 *(.vector_11)
 .vector_11     0x9fc01360        0x8 /diski/opt/microchip/xc32/v1.44/bin/bin/../../lib/gcc/pic32mx/4.8.3/../../../../pic32mx/lib/libpic32.a(vector11.o)
                0x9fc01360                __vector_dispatch_11
                0x00000001                ASSERT (((_vector_spacing == 0x0) || (SIZEOF (.vector_11) <= (_vector_spacing << 0x5))), function at exception vector 11 too large)

.vector_12      0x9fc01380        0x8
 *(.vector_12)
 .vector_12     0x9fc01380        0x8 /diski/opt/microchip/xc32/v1.44/bin/bin/../../lib/gcc/pic32mx/4.8.3/../../../../pic32mx/lib/libpic32.a(vector12.o)
                0x9fc01380                __vector_dispatch_12
                0x00000001                ASSERT (((_vector_spacing == 0x0) || (SIZEOF (.vector_12) <= (_vector_spacing << 0x5))), function at exception vector 12 too large)

.vector_13      0x9fc013a0        0x8
 *(.vector_13)
 .vector_13     0x9fc013a0        0x8 /diski/opt/microchip/xc32/v1.44/bin/bin/../../lib/gcc/pic32mx/4.8.3/../../../../pic32mx/lib/libpic32.a(vector13.o)
                0x9fc013a0                __vector_dispatch_13
                0x00000001                ASSERT (((_vector_spacing == 0x0) || (SIZEOF (.vector_13) <= (_vector_spacing << 0x5))), function at exception vector 13 too large)

.vector_14      0x9fc013c0        0x8
 *(.vector_14)
 .vector_14     0x9fc013c0        0x8 /diski/opt/microchip/xc32/v1.44/bin/bin/../../lib/gcc/pic32mx/4.8.3/../../../../pic32mx/lib/libpic32.a(vector14.o)
                0x9fc013c0                __vector_dispatch_14
                0x00000001                ASSERT (((_vector_spacing == 0x0) || (SIZEOF (.vector_14) <= (_vector_spacing << 0x5))), function at exception vector 14 too large)

.vector_15      0x9fc013e0        0x8
 *(.vector_15)
 .vector_15     0x9fc013e0        0x8 /diski/opt/microchip/xc32/v1.44/bin/bin/../../lib/gcc/pic32mx/4.8.3/../../../../pic32mx/lib/libpic32.a(vector15.o)
                0x9fc013e0                __vector_dispatch_15
                0x00000001                ASSERT (((_vector_spacing == 0x0) || (SIZEOF (.vector_15) <= (_vector_spacing << 0x5))), function at exception vector 15 too large)

.vector_16      0x9fc01400        0x8
 *(.vector_16)
 .vector_16     0x9fc01400        0x8 /diski/opt/microchip/xc32/v1.44/bin/bin/../../lib/gcc/pic32mx/4.8.3/../../../../pic32mx/lib/libpic32.a(vector16.o)
                0x9fc01400                __vector_dispatch_16
                0x00000001                ASSERT (((_vector_spacing == 0x0) || (SIZEOF (.vector_16) <= (_vector_spacing << 0x5))), function at exception vector 16 too large)

.vector_17      0x9fc01420        0x8
 *(.vector_17)
 .vector_17     0x9fc01420        0x8 /diski/opt/microchip/xc32/v1.44/bin/bin/../../lib/gcc/pic32mx/4.8.3/../../../../pic32mx/lib/libpic32.a(vector17.o)
                0x9fc01420                __vector_dispatch_17
                0x00000001                ASSERT (((_vector_spacing == 0x0) || (SIZEOF (.vector_17) <= (_vector_spacing << 0x5))), function at exception vector 17 too large)

.vector_18      0x9fc01440        0x8
 *(.vector_18)
 .vector_18     0x9fc01440        0x8 /diski/opt/microchip/xc32/v1.44/bin/bin/../../lib/gcc/pic32mx/4.8.3/../../../../pic32mx/lib/libpic32.a(vector18.o)
                0x9fc01440                __vector_dispatch_18
                0x00000001                ASSERT (((_vector_spacing == 0x0) || (SIZEOF (.vector_18) <= (_vector_spacing << 0x5))), function at exception vector 18 too large)

.vector_19      0x9fc01460        0x8
 *(.vector_19)
 .vector_19     0x9fc01460        0x8 /diski/opt/microchip/xc32/v1.44/bin/bin/../../lib/gcc/pic32mx/4.8.3/../../../../pic32mx/lib/libpic32.a(vector19.o)
                0x9fc01460                __vector_dispatch_19
                0x00000001                ASSERT (((_vector_spacing == 0x0) || (SIZEOF (.vector_19) <= (_vector_spacing << 0x5))), function at exception vector 19 too large)

.vector_20      0x9fc01480        0x8
 *(.vector_20)
 .vector_20     0x9fc01480        0x8 /diski/opt/microchip/xc32/v1.44/bin/bin/../../lib/gcc/pic32mx/4.8.3/../../../../pic32mx/lib/libpic32.a(vector20.o)
                0x9fc01480                __vector_dispatch_20
                0x00000001                ASSERT (((_vector_spacing == 0x0) || (SIZEOF (.vector_20) <= (_vector_spacing << 0x5))), function at exception vector 20 too large)

.vector_21      0x9fc014a0        0x8
 *(.vector_21)
 .vector_21     0x9fc014a0        0x8 /diski/opt/microchip/xc32/v1.44/bin/bin/../../lib/gcc/pic32mx/4.8.3/../../../../pic32mx/lib/libpic32.a(vector21.o)
                0x9fc014a0                __vector_dispatch_21
                0x00000001                ASSERT (((_vector_spacing == 0x0) || (SIZEOF (.vector_21) <= (_vector_spacing << 0x5))), function at exception vector 21 too large)

.vector_22      0x9fc014c0        0x8
 *(.vector_22)
 .vector_22     0x9fc014c0        0x8 /diski/opt/microchip/xc32/v1.44/bin/bin/../../lib/gcc/pic32mx/4.8.3/../../../../pic32mx/lib/libpic32.a(vector22.o)
                0x9fc014c0                __vector_dispatch_22
                0x00000001                ASSERT (((_vector_spacing == 0x0) || (SIZEOF (.vector_22) <= (_vector_spacing << 0x5))), function at exception vector 22 too large)

.vector_23      0x9fc014e0        0x8
 *(.vector_23)
 .vector_23     0x9fc014e0        0x8 /diski/opt/microchip/xc32/v1.44/bin/bin/../../lib/gcc/pic32mx/4.8.3/../../../../pic32mx/lib/libpic32.a(vector23.o)
                0x9fc014e0                __vector_dispatch_23
                0x00000001                ASSERT (((_vector_spacing == 0x0) || (SIZEOF (.vector_23) <= (_vector_spacing << 0x5))), function at exception vector 23 too large)

.vector_24      0x9fc01500        0x8
 *(.vector_24)
 .vector_24     0x9fc01500        0x8 build/default/production/_ext/1688732426/system_interrupt.o
                0x9fc01500                __vector_dispatch_24
                0x00000001                ASSERT (((_vector_spacing == 0x0) || (SIZEOF (.vector_24) <= (_vector_spacing << 0x5))), function at exception vector 24 too large)

.vector_25      0x9fc01520        0x8
 *(.vector_25)
 .vector_25     0x9fc01520        0x8 build/default/production/_ext/1688732426/system_interrupt.o
                0x9fc01520                __vector_dispatch_25
                0x00000001                ASSERT (((_vector_spacing == 0x0) || (SIZEOF (.vector_25) <= (_vector_spacing << 0x5))), function at exception vector 25 too large)

.vector_26      0x9fc01540        0x8
 *(.vector_26)
 .vector_26     0x9fc01540        0x8 /diski/opt/microchip/xc32/v1.44/bin/bin/../../lib/gcc/pic32mx/4.8.3/../../../../pic32mx/lib/libpic32.a(vector26.o)
                0x9fc01540                __vector_dispatch_26
                0x00000001                ASSERT (((_vector_spacing == 0x0) || (SIZEOF (.vector_26) <= (_vector_spacing << 0x5))), function at exception vector 26 too large)

.vector_27      0x9fc01560        0x8
 *(.vector_27)
 .vector_27     0x9fc01560        0x8 /diski/opt/microchip/xc32/v1.44/bin/bin/../../lib/gcc/pic32mx/4.8.3/../../../../pic32mx/lib/libpic32.a(vector27.o)
                0x9fc01560                __vector_dispatch_27
                0x00000001                ASSERT (((_vector_spacing == 0x0) || (SIZEOF (.vector_27) <= (_vector_spacing << 0x5))), function at exception vector 27 too large)

.vector_28      0x9fc01580        0x8
 *(.vector_28)
 .vector_28     0x9fc01580        0x8 /diski/opt/microchip/xc32/v1.44/bin/bin/../../lib/gcc/pic32mx/4.8.3/../../../../pic32mx/lib/libpic32.a(vector28.o)
                0x9fc01580                __vector_dispatch_28
                0x00000001                ASSERT (((_vector_spacing == 0x0) || (SIZEOF (.vector_28) <= (_vector_spacing << 0x5))), function at exception vector 28 too large)

.vector_29      0x9fc015a0        0x8
 *(.vector_29)
 .vector_29     0x9fc015a0        0x8 /diski/opt/microchip/xc32/v1.44/bin/bin/../../lib/gcc/pic32mx/4.8.3/../../../../pic32mx/lib/libpic32.a(vector29.o)
                0x9fc015a0                __vector_dispatch_29
                0x00000001                ASSERT (((_vector_spacing == 0x0) || (SIZEOF (.vector_29) <= (_vector_spacing << 0x5))), function at exception vector 29 too large)

.vector_30      0x9fc015c0        0x8
 *(.vector_30)
 .vector_30     0x9fc015c0        0x8 /diski/opt/microchip/xc32/v1.44/bin/bin/../../lib/gcc/pic32mx/4.8.3/../../../../pic32mx/lib/libpic32.a(vector30.o)
                0x9fc015c0                __vector_dispatch_30
                0x00000001                ASSERT (((_vector_spacing == 0x0) || (SIZEOF (.vector_30) <= (_vector_spacing << 0x5))), function at exception vector 30 too large)

.vector_31      0x9fc015e0        0x8
 *(.vector_31)
 .vector_31     0x9fc015e0        0x8 build/default/production/_ext/1688732426/system_interrupt.o
                0x9fc015e0                __vector_dispatch_31
                0x00000001                ASSERT (((_vector_spacing == 0x0) || (SIZEOF (.vector_31) <= (_vector_spacing << 0x5))), function at exception vector 31 too large)

.vector_32      0x9fc01600        0x8
 *(.vector_32)
 .vector_32     0x9fc01600        0x8 /diski/opt/microchip/xc32/v1.44/bin/bin/../../lib/gcc/pic32mx/4.8.3/../../../../pic32mx/lib/libpic32.a(vector32.o)
                0x9fc01600                __vector_dispatch_32
                0x00000001                ASSERT (((_vector_spacing == 0x0) || (SIZEOF (.vector_32) <= (_vector_spacing << 0x5))), function at exception vector 32 too large)

.vector_33      0x9fc01620        0x8
 *(.vector_33)
 .vector_33     0x9fc01620        0x8 /diski/opt/microchip/xc32/v1.44/bin/bin/../../lib/gcc/pic32mx/4.8.3/../../../../pic32mx/lib/libpic32.a(vector33.o)
                0x9fc01620                __vector_dispatch_33
                0x00000001                ASSERT (((_vector_spacing == 0x0) || (SIZEOF (.vector_33) <= (_vector_spacing << 0x5))), function at exception vector 33 too large)

.vector_34      0x9fc01640        0x8
 *(.vector_34)
 .vector_34     0x9fc01640        0x8 /diski/opt/microchip/xc32/v1.44/bin/bin/../../lib/gcc/pic32mx/4.8.3/../../../../pic32mx/lib/libpic32.a(vector34.o)
                0x9fc01640                __vector_dispatch_34
                0x00000001                ASSERT (((_vector_spacing == 0x0) || (SIZEOF (.vector_34) <= (_vector_spacing << 0x5))), function at exception vector 34 too large)

.vector_35      0x9fc01660        0x8
 *(.vector_35)
 .vector_35     0x9fc01660        0x8 /diski/opt/microchip/xc32/v1.44/bin/bin/../../lib/gcc/pic32mx/4.8.3/../../../../pic32mx/lib/libpic32.a(vector35.o)
                0x9fc01660                __vector_dispatch_35
                0x00000001                ASSERT (((_vector_spacing == 0x0) || (SIZEOF (.vector_35) <= (_vector_spacing << 0x5))), function at exception vector 35 too large)

.vector_36      0x9fc01680        0x8
 *(.vector_36)
 .vector_36     0x9fc01680        0x8 /diski/opt/microchip/xc32/v1.44/bin/bin/../../lib/gcc/pic32mx/4.8.3/../../../../pic32mx/lib/libpic32.a(vector36.o)
                0x9fc01680                __vector_dispatch_36
                0x00000001                ASSERT (((_vector_spacing == 0x0) || (SIZEOF (.vector_36) <= (_vector_spacing << 0x5))), function at exception vector 36 too large)

.vector_37      0x9fc016a0        0x8
 *(.vector_37)
 .vector_37     0x9fc016a0        0x8 /diski/opt/microchip/xc32/v1.44/bin/bin/../../lib/gcc/pic32mx/4.8.3/../../../../pic32mx/lib/libpic32.a(vector37.o)
                0x9fc016a0                __vector_dispatch_37
                0x00000001                ASSERT (((_vector_spacing == 0x0) || (SIZEOF (.vector_37) <= (_vector_spacing << 0x5))), function at exception vector 37 too large)

.vector_38      0x9fc016c0        0x8
 *(.vector_38)
 .vector_38     0x9fc016c0        0x8 /diski/opt/microchip/xc32/v1.44/bin/bin/../../lib/gcc/pic32mx/4.8.3/../../../../pic32mx/lib/libpic32.a(vector38.o)
                0x9fc016c0                __vector_dispatch_38
                0x00000001                ASSERT (((_vector_spacing == 0x0) || (SIZEOF (.vector_38) <= (_vector_spacing << 0x5))), function at exception vector 38 too large)

.vector_39      0x9fc016e0        0x8
 *(.vector_39)
 .vector_39     0x9fc016e0        0x8 /diski/opt/microchip/xc32/v1.44/bin/bin/../../lib/gcc/pic32mx/4.8.3/../../../../pic32mx/lib/libpic32.a(vector39.o)
                0x9fc016e0                __vector_dispatch_39
                0x00000001                ASSERT (((_vector_spacing == 0x0) || (SIZEOF (.vector_39) <= (_vector_spacing << 0x5))), function at exception vector 39 too large)

.vector_40      0x9fc01700        0x8
 *(.vector_40)
 .vector_40     0x9fc01700        0x8 /diski/opt/microchip/xc32/v1.44/bin/bin/../../lib/gcc/pic32mx/4.8.3/../../../../pic32mx/lib/libpic32.a(vector40.o)
                0x9fc01700                __vector_dispatch_40
                0x00000001                ASSERT (((_vector_spacing == 0x0) || (SIZEOF (.vector_40) <= (_vector_spacing << 0x5))), function at exception vector 40 too large)

.vector_41      0x9fc01720        0x8
 *(.vector_41)
 .vector_41     0x9fc01720        0x8 /diski/opt/microchip/xc32/v1.44/bin/bin/../../lib/gcc/pic32mx/4.8.3/../../../../pic32mx/lib/libpic32.a(vector41.o)
                0x9fc01720                __vector_dispatch_41
                0x00000001                ASSERT (((_vector_spacing == 0x0) || (SIZEOF (.vector_41) <= (_vector_spacing << 0x5))), function at exception vector 41 too large)

.vector_42      0x9fc01740        0x8
 *(.vector_42)
 .vector_42     0x9fc01740        0x8 /diski/opt/microchip/xc32/v1.44/bin/bin/../../lib/gcc/pic32mx/4.8.3/../../../../pic32mx/lib/libpic32.a(vector42.o)
                0x9fc01740                __vector_dispatch_42
                0x00000001                ASSERT (((_vector_spacing == 0x0) || (SIZEOF (.vector_42) <= (_vector_spacing << 0x5))), function at exception vector 42 too large)

.vector_43      0x9fc01760        0x8
 *(.vector_43)
 .vector_43     0x9fc01760        0x8 /diski/opt/microchip/xc32/v1.44/bin/bin/../../lib/gcc/pic32mx/4.8.3/../../../../pic32mx/lib/libpic32.a(vector43.o)
                0x9fc01760                __vector_dispatch_43
                0x00000001                ASSERT (((_vector_spacing == 0x0) || (SIZEOF (.vector_43) <= (_vector_spacing << 0x5))), function at exception vector 43 too large)

.vector_44      0x9fc01780        0x8
 *(.vector_44)
 .vector_44     0x9fc01780        0x8 /diski/opt/microchip/xc32/v1.44/bin/bin/../../lib/gcc/pic32mx/4.8.3/../../../../pic32mx/lib/libpic32.a(vector44.o)
                0x9fc01780                __vector_dispatch_44
                0x00000001                ASSERT (((_vector_spacing == 0x0) || (SIZEOF (.vector_44) <= (_vector_spacing << 0x5))), function at exception vector 44 too large)

.vector_45      0x9fc017a0        0x0
 *(.vector_45)
                0x00000001                ASSERT (((_vector_spacing == 0x0) || (SIZEOF (.vector_45) <= (_vector_spacing << 0x5))), function at exception vector 45 too large)

.vector_46      0x9fc017c0        0x0
 *(.vector_46)
                0x00000001                ASSERT (((_vector_spacing == 0x0) || (SIZEOF (.vector_46) <= (_vector_spacing << 0x5))), function at exception vector 46 too large)

.vector_47      0x9fc017e0        0x0
 *(.vector_47)
                0x00000001                ASSERT (((_vector_spacing == 0x0) || (SIZEOF (.vector_47) <= (_vector_spacing << 0x5))), function at exception vector 47 too large)

.vector_48      0x9fc01800        0x0
 *(.vector_48)
                0x00000001                ASSERT (((_vector_spacing == 0x0) || (SIZEOF (.vector_48) <= (_vector_spacing << 0x5))), function at exception vector 48 too large)

.vector_49      0x9fc01820        0x0
 *(.vector_49)
                0x00000001                ASSERT (((_vector_spacing == 0x0) || (SIZEOF (.vector_49) <= (_vector_spacing << 0x5))), function at exception vector 49 too large)

.vector_50      0x9fc01840        0x0
 *(.vector_50)
                0x00000001                ASSERT (((_vector_spacing == 0x0) || (SIZEOF (.vector_50) <= (_vector_spacing << 0x5))), function at exception vector 50 too large)

.vector_51      0x9fc01860        0x0
 *(.vector_51)
                0x00000001                ASSERT (((_vector_spacing == 0x0) || (SIZEOF (.vector_51) <= (_vector_spacing << 0x5))), function at exception vector 51 too large)

.vector_52      0x9fc01880        0x0
 *(.vector_52)
                0x00000001                ASSERT (((_vector_spacing == 0x0) || (SIZEOF (.vector_52) <= (_vector_spacing << 0x5))), function at exception vector 52 too large)

.vector_53      0x9fc018a0        0x0
 *(.vector_53)
                0x00000001                ASSERT (((_vector_spacing == 0x0) || (SIZEOF (.vector_53) <= (_vector_spacing << 0x5))), function at exception vector 53 too large)

.vector_54      0x9fc018c0        0x0
 *(.vector_54)
                0x00000001                ASSERT (((_vector_spacing == 0x0) || (SIZEOF (.vector_54) <= (_vector_spacing << 0x5))), function at exception vector 54 too large)

.vector_55      0x9fc018e0        0x0
 *(.vector_55)
                0x00000001                ASSERT (((_vector_spacing == 0x0) || (SIZEOF (.vector_55) <= (_vector_spacing << 0x5))), function at exception vector 55 too large)

.vector_56      0x9fc01900        0x0
 *(.vector_56)
                0x00000001                ASSERT (((_vector_spacing == 0x0) || (SIZEOF (.vector_56) <= (_vector_spacing << 0x5))), function at exception vector 56 too large)

.vector_57      0x9fc01920        0x0
 *(.vector_57)
                0x00000001                ASSERT (((_vector_spacing == 0x0) || (SIZEOF (.vector_57) <= (_vector_spacing << 0x5))), function at exception vector 57 too large)

.vector_58      0x9fc01940        0x0
 *(.vector_58)
                0x00000001                ASSERT (((_vector_spacing == 0x0) || (SIZEOF (.vector_58) <= (_vector_spacing << 0x5))), function at exception vector 58 too large)

.vector_59      0x9fc01960        0x0
 *(.vector_59)
                0x00000001                ASSERT (((_vector_spacing == 0x0) || (SIZEOF (.vector_59) <= (_vector_spacing << 0x5))), function at exception vector 59 too large)

.vector_60      0x9fc01980        0x0
 *(.vector_60)
                0x00000001                ASSERT (((_vector_spacing == 0x0) || (SIZEOF (.vector_60) <= (_vector_spacing << 0x5))), function at exception vector 60 too large)

.vector_61      0x9fc019a0        0x0
 *(.vector_61)
                0x00000001                ASSERT (((_vector_spacing == 0x0) || (SIZEOF (.vector_61) <= (_vector_spacing << 0x5))), function at exception vector 61 too large)

.vector_62      0x9fc019c0        0x0
 *(.vector_62)
                0x00000001                ASSERT (((_vector_spacing == 0x0) || (SIZEOF (.vector_62) <= (_vector_spacing << 0x5))), function at exception vector 62 too large)

.vector_63      0x9fc019e0        0x0
 *(.vector_63)
                0x00000001                ASSERT (((_vector_spacing == 0x0) || (SIZEOF (.vector_63) <= (_vector_spacing << 0x5))), function at exception vector 63 too large)

.startup
 *(.startup)

.text           0x9d000000        0x0
 *(.stub .gnu.linkonce.t.*)
 *(.text.*personality*)
 *(.mips16.fn.*)
 *(.mips16.call.*)
 *(.gnu.warning)
                0x9d000000                . = ALIGN (0x4)

.init           0x9d000000        0x0
 *crti.o(.init)
 *crtbegin.o(.init)
 *(EXCLUDE_FILE(*crtn.o *crtend?.o *crtend.o) .init)
 *crtend.o(.init)
 *crtn.o(.init)
                0x9d000000                . = ALIGN (0x4)

.fini           0x9d000000        0x0
 *(.fini)
                0x9d000000                . = ALIGN (0x4)

.preinit_array  0x9d000000        0x0
                0x9d000000                PROVIDE (__preinit_array_start, .)
 *(.preinit_array)
                0x9d000000                PROVIDE (__preinit_array_end, .)
                0x9d000000                . = ALIGN (0x4)

.init_array     0x9d000000        0x0
                0x9d000000                PROVIDE (__init_array_start, .)
 *(SORT(.init_array.*))
 *(.init_array)
                0x9d000000                PROVIDE (__init_array_end, .)
                0x9d000000                . = ALIGN (0x4)

.fini_array     0x9d000000        0x0
                0x9d000000                PROVIDE (__fini_array_start, .)
 *(SORT(.fini_array.*))
 *(.fini_array)
                0x9d000000                PROVIDE (__fini_array_end, .)
                0x9d000000                . = ALIGN (0x4)

.ctors          0x9d000000        0x0
 *crtbegin.o(.ctors)
 *crtbegin?.o(.ctors)
 *(EXCLUDE_FILE(*crtend?.o *crtend.o) .ctors)
 *(SORT(.ctors.*))
 *(.ctors)
                0x9d000000                . = ALIGN (0x4)

.dtors          0x9d000000        0x0
 *crtbegin.o(.dtors)
 *crtbegin?.o(.dtors)
 *(EXCLUDE_FILE(*crtend?.o *crtend.o) .dtors)
 *(SORT(.dtors.*))
 *(.dtors)
                0x9d000000                . = ALIGN (0x4)

.rodata         0x9d000000        0x0
 *(.gnu.linkonce.r.*)
 *(.rodata1)
                0x9d000000                . = ALIGN (0x4)

.sdata2         0x9fc00490        0x0
 *(.sdata2 .sdata2.* .gnu.linkonce.s2.*)
                0x9fc00490                . = ALIGN (0x4)

.sbss2          0x9fc00490        0x0
 *(.sbss2 .sbss2.* .gnu.linkonce.sb2.*)
                0x9fc00490                . = ALIGN (0x4)

.eh_frame_hdr
 *(.eh_frame_hdr)
                0x9fc00490                . = ALIGN (0x4)

.eh_frame
 *(.eh_frame)
                0x9fc00490                . = ALIGN (0x4)

.gcc_except_table
 *(.gcc_except_table .gcc_except_table.*)
                0x9fc00490                . = ALIGN (0x4)

.dbg_data       0xa0000000        0x0
                0xa0000000                . = (. + DEFINED (_DEBUGGER)?0x200:0x0)

.jcr            0xa0000000        0x0
 *(.jcr)
                0xa0000000                . = ALIGN (0x4)

.eh_frame
 *(.eh_frame)
                0xa0000000                . = ALIGN (0x4)

.gcc_except_table
 *(.gcc_except_table .gcc_except_table.*)
                0xa0000000                . = ALIGN (0x4)

.persist        0xa0000000        0x0
                0xa0000000                _persist_begin = .
 *(.persist .persist.*)
 *(.pbss .pbss.*)
                0xa0000000                . = ALIGN (0x4)
                0xa0000000                _persist_end = .

.data           0xa0000000        0x0
 *(.gnu.linkonce.d.*)
 *(.data1)
                0xa0000000                . = ALIGN (0x4)
                0xa0000000                . = .
                0xa0007ff0                _gp = (ALIGN (0x10) + 0x7ff0)

.got            0xa0000000        0x0
 *(.got.plt)
 *(.got)
                0xa0000000                . = ALIGN (0x4)

.sdata          0xa0000000       0x14
                0xa0000000                _sdata_begin = .
 *(.sdata .sdata.* .gnu.linkonce.s.*)
 .sdata         0xa0000000        0x4 build/default/production/OledDriver.o
                0xa0000000                oled_ptr
 .sdata         0xa0000004        0x2 build/default/production/_ext/1360937237/bioshield.o
 *fill*         0xa0000006        0x2 
 .sdata         0xa0000008        0x8 build/default/production/_ext/1360937237/orient.o
                0xa0000008                old_orienter_bits
                0xa000000c                orienter_bits
 .sdata         0xa0000010        0x4 /diski/opt/microchip/xc32/v1.44/bin/bin/../../lib/gcc/pic32mx/4.8.3/../../../../pic32mx/lib/libpic32.a(xc32_uart.o)
                0xa0000010                __XC_UART
                0xa0000014                . = ALIGN (0x4)
                0xa0000014                _sdata_end = .

.lit8
 *(.lit8)

.lit4
 *(.lit4)
                0xa0000014                . = ALIGN (0x4)
                0xa0000014                _data_end = .
                0xa0000014                _bss_begin = .

.sbss           0xa0000014       0x98
                0xa0000014                _sbss_begin = .
 *(.dynsbss)
 *(.sbss .sbss.* .gnu.linkonce.sb.*)
 .sbss          0xa0000014        0x4 build/default/production/OledDriver.o
 .sbss          0xa0000018       0x10 build/default/production/_ext/1360937237/bioshield.o
 .sbss          0xa0000028        0x4 build/default/production/_ext/1360937237/orient.o
 .sbss          0xa000002c        0x1 build/default/production/_ext/730406118/drv_spi.o
 *fill*         0xa000002d        0x1 
 .sbss          0xa000002e        0x6 build/default/production/_ext/12144542/drv_i2c_static_buffer_model.o
                0xa000002e                QueueDelta_0
                0xa0000030                QueueOut_0
                0xa0000032                QueueIn_0
 .sbss          0xa0000034        0x1 build/default/production/_ext/1407244131/drv_tmr_static.o
 *fill*         0xa0000035        0x3 
 .sbss          0xa0000038        0xc build/default/production/_ext/1688732426/system_exceptions.o
 *(.scommon)
 .scommon       0xa0000044       0x14 build/default/production/OledChar.o
                0xa0000044                xchOledMax
                0xa0000048                xchOledCur
                0xa000004c                ychOledCur
                0xa0000050                pbOledFontExt
                0xa0000054                ychOledMax
 .scommon       0xa0000058       0x2c build/default/production/OledDriver.o
                0xa0000058                ycoOledCur
                0xa000005c                xcoOledCur
                0xa0000060                pbOledCur
                0xa0000064                pbOledPatCur
                0xa0000068                pbOledFontCur
                0xa000006c                dycoOledFontCur
                0xa0000070                dxcoOledFontCur
                0xa0000074                fOledCharUpdate
                0xa0000078                clrOledCur
                0xa000007c                pbOledFontUser
                0xa0000080                bnOledCur
 .scommon       0xa0000084        0x8 build/default/production/OledGrph.o
                0xa0000084                modOledCur
                0xa0000088                pfnDoRop
 .scommon       0xa000008c        0x4 build/default/production/_ext/1360937237/app.o
                0xa000008c                appData
 .scommon       0xa0000090        0x3 build/default/production/_ext/877522765/drv_usart.o
                0xa0000090                gDrvUSARTCommonDataObj
 *fill*         0xa0000093        0x1 
 .scommon       0xa0000094       0x10 build/default/production/_ext/12144542/drv_i2c_static_buffer_model.o
                0xa0000094                i2c0ClientObj
                0xa000009c                i2c0State
                0xa00000a0                lBufferObj0
 .scommon       0xa00000a4        0x8 build/default/production/_ext/340578644/sys_devcon.o
                0xa00000a4                sysDevconObj
                0xa00000ac                _sbss_end = .
                0xa00000ac                . = ALIGN (0x4)

.bss            0xa00000ac      0x3e4
 *(.dynbss)
 *(COMMON)
 COMMON         0xa00000ac      0x100 build/default/production/OledChar.o
                0xa00000ac                rgbOledFontUser
 COMMON         0xa00001ac      0x200 build/default/production/OledDriver.o
                0xa00001ac                rgbOledBmp
 COMMON         0xa00003ac       0xac build/default/production/_ext/877522765/drv_usart.o
                0xa00003ac                gDrvUSARTClientObj
                0xa00003f8                gDrvUSARTObj
 COMMON         0xa0000458       0x2c build/default/production/_ext/12144542/drv_i2c_static_buffer_model.o
                0xa0000458                i2c0Obj
 COMMON         0xa0000484        0xc build/default/production/_ext/1688732426/system_init.o
                0xa0000484                sysObj
                0xa0000490                . = ALIGN ((. != 0x0)?0x4:0x1)
                0xa0000490                . = ALIGN (0x4)
                0xa0000490                _end = .
                0xa0000490                _bss_end = .
                0x00004000                _bmxdudba_address = 0x4000
                0x00004000                _bmxdupba_address = 0x4000

/DISCARD/
 *(.pdr)
 *(.rel.dyn)
 *(.note.GNU-stack)
 *(.note.GNU-stack)
 *(.gnu_debuglink)
 *(.gnu.lto_*)
 *(.discard)

.gptab.sdata
 *(.gptab.data)
 *(.gptab.sdata)

.gptab.sbss
 *(.gptab.bss)
 *(.gptab.sbss)

.mdebug.abi32   0xa0000490        0x0
 *(.mdebug.abi32)
 .mdebug.abi32  0xa0000490        0x0 build/default/production/ChrFont0.o
 .mdebug.abi32  0xa0000490        0x0 build/default/production/FillPat.o
 .mdebug.abi32  0xa0000490        0x0 build/default/production/OledChar.o
 .mdebug.abi32  0xa0000490        0x0 build/default/production/OledDriver.o
 .mdebug.abi32  0xa0000490        0x0 build/default/production/OledGrph.o
 .mdebug.abi32  0xa0000490        0x0 build/default/production/_ext/1360937237/app.o
 .mdebug.abi32  0xa0000490        0x0 build/default/production/_ext/1360937237/main.o
 .mdebug.abi32  0xa0000490        0x0 build/default/production/_ext/1360937237/bioshield.o
 .mdebug.abi32  0xa0000490        0x0 build/default/production/_ext/1360937237/orient.o
 .mdebug.abi32  0xa0000490        0x0 build/default/production/_ext/730406118/drv_spi.o
 .mdebug.abi32  0xa0000490        0x0 build/default/production/_ext/1037316118/drv_spi_sys_queue_fifo.o
 .mdebug.abi32  0xa0000490        0x0 build/default/production/_ext/877522765/drv_usart.o
 .mdebug.abi32  0xa0000490        0x0 build/default/production/_ext/877522765/drv_usart_byte_model.o
 .mdebug.abi32  0xa0000490        0x0 build/default/production/_ext/1379683404/sys_int_pic32.o
 .mdebug.abi32  0xa0000490        0x0 build/default/production/_ext/12144542/drv_i2c_static_buffer_model.o
 .mdebug.abi32  0xa0000490        0x0 build/default/production/_ext/12144542/drv_i2c_mapping.o
 .mdebug.abi32  0xa0000490        0x0 build/default/production/_ext/1047219354/drv_oc_mapping.o
 .mdebug.abi32  0xa0000490        0x0 build/default/production/_ext/1047219354/drv_oc_static.o
 .mdebug.abi32  0xa0000490        0x0 build/default/production/_ext/977502197/drv_spi_tasks.o
 .mdebug.abi32  0xa0000490        0x0 build/default/production/_ext/977502197/drv_spi_api.o
 .mdebug.abi32  0xa0000490        0x0 build/default/production/_ext/977502197/drv_spi_master_rm_tasks.o
 .mdebug.abi32  0xa0000490        0x0 build/default/production/_ext/1407244131/drv_tmr_static.o
 .mdebug.abi32  0xa0000490        0x0 build/default/production/_ext/1407244131/drv_tmr_mapping.o
 .mdebug.abi32  0xa0000490        0x0 build/default/production/_ext/639803181/sys_clk_pic32mx.o
 .mdebug.abi32  0xa0000490        0x0 build/default/production/_ext/340578644/sys_devcon.o
 .mdebug.abi32  0xa0000490        0x0 build/default/production/_ext/340578644/sys_devcon_pic32mx.o
 .mdebug.abi32  0xa0000490        0x0 build/default/production/_ext/822048611/sys_ports_static.o
 .mdebug.abi32  0xa0000490        0x0 build/default/production/_ext/1688732426/system_init.o
 .mdebug.abi32  0xa0000490        0x0 build/default/production/_ext/1688732426/system_interrupt.o
 .mdebug.abi32  0xa0000490        0x0 build/default/production/_ext/1688732426/system_exceptions.o
 .mdebug.abi32  0xa0000490        0x0 build/default/production/_ext/1688732426/system_tasks.o
 .mdebug.abi32  0xa0000490        0x0 /diski/opt/microchip/xc32/v1.44/bin/bin/../../lib/gcc/pic32mx/4.8.3/libgcc.a(floatunsisf.o)
 .mdebug.abi32  0xa0000490        0x0 /diski/opt/microchip/xc32/v1.44/bin/bin/../../lib/gcc/pic32mx/4.8.3/../../../../pic32mx/lib/libpic32.a(default-bootstrap-exception-handler.o)
 .mdebug.abi32  0xa0000490        0x0 /diski/opt/microchip/xc32/v1.44/bin/bin/../../lib/gcc/pic32mx/4.8.3/../../../../pic32mx/lib/libpic32.a(default-on-reset.o)
 .mdebug.abi32  0xa0000490        0x0 /diski/opt/microchip/xc32/v1.44/bin/bin/../../lib/gcc/pic32mx/4.8.3/../../../../pic32mx/lib/libpic32.a(default-on-bootstrap.o)
 .mdebug.abi32  0xa0000490        0x0 /diski/opt/microchip/xc32/v1.44/bin/bin/../../lib/gcc/pic32mx/4.8.3/../../../../pic32mx/lib/libpic32.a(defaultinterrupt.o)
 .mdebug.abi32  0xa0000490        0x0 /diski/opt/microchip/xc32/v1.44/bin/bin/../../lib/gcc/pic32mx/4.8.3/../../../../pic32mx/lib/libc.a(sprintf_cdnopsuxX.eo)
 .mdebug.abi32  0xa0000490        0x0 /diski/opt/microchip/xc32/v1.44/bin/bin/../../lib/gcc/pic32mx/4.8.3/../../../../pic32mx/lib/libc.a(doprnt_cdnopsuxX.eo)
 .mdebug.abi32  0xa0000490        0x0 /diski/opt/microchip/xc32/v1.44/bin/bin/../../lib/gcc/pic32mx/4.8.3/../../../../pic32mx/lib/libc.a(_fputc_simple.o)
 .mdebug.abi32  0xa0000490        0x0 /diski/opt/microchip/xc32/v1.44/bin/bin/../../lib/gcc/pic32mx/4.8.3/../../../../pic32mx/lib/libc.a(ctype.o)
 .mdebug.abi32  0xa0000490        0x0 /diski/opt/microchip/xc32/v1.44/bin/bin/../../lib/gcc/pic32mx/4.8.3/../../../../pic32mx/lib/libc.a(_iob.o)
 .mdebug.abi32  0xa0000490        0x0 /diski/opt/microchip/xc32/v1.44/bin/bin/../../lib/gcc/pic32mx/4.8.3/../../../../pic32mx/lib/libc.a(_flsbuf_simple.o)
 .mdebug.abi32  0xa0000490        0x0 /diski/opt/microchip/xc32/v1.44/bin/bin/../../lib/gcc/pic32mx/4.8.3/libgcc.a(_udivdi3.o)
 .mdebug.abi32  0xa0000490        0x0 /diski/opt/microchip/xc32/v1.44/bin/bin/../../lib/gcc/pic32mx/4.8.3/libgcc.a(_umoddi3.o)
 .mdebug.abi32  0xa0000490        0x0 /diski/opt/microchip/xc32/v1.44/bin/bin/../../lib/gcc/pic32mx/4.8.3/../../../../pic32mx/lib/libpic32.a(write.o)
 .mdebug.abi32  0xa0000490        0x0 /diski/opt/microchip/xc32/v1.44/bin/bin/../../lib/gcc/pic32mx/4.8.3/../../../../pic32mx/lib/libpic32.a(_mon_putc.o)
 .mdebug.abi32  0xa0000490        0x0 /diski/opt/microchip/xc32/v1.44/bin/bin/../../lib/gcc/pic32mx/4.8.3/../../../../pic32mx/lib/libpic32.a(xc32_uart.o)

.mdebug.abiN32
 *(.mdebug.abiN32)

.mdebug.abi64
 *(.mdebug.abi64)

.mdebug.abiO64
 *(.mdebug.abiO64)

.mdebug.eabi32
 *(.mdebug.eabi32)

.mdebug.eabi64
 *(.mdebug.eabi64)

.gcc_compiled_long32
 *(.gcc_compiled_long32)

.gcc_compiled_long64
 *(.gcc_compiled_long64)

.stab
 *(.stab)

.stabstr
 *(.stabstr)

.stab.excl
 *(.stab.excl)

.stab.exclstr
 *(.stab.exclstr)

.stab.index
 *(.stab.index)

.stab.indexstr
 *(.stab.indexstr)

.comment        0x00000000       0xa2
 *(.comment)
 .comment       0x00000000       0x3c build/default/production/ChrFont0.o
                                 0x3d (size before relaxing)
 .comment       0x00000000       0x3d build/default/production/FillPat.o
 .comment       0x00000000       0x3d build/default/production/OledChar.o
 .comment       0x00000000       0x3d build/default/production/OledDriver.o
 .comment       0x00000000       0x3d build/default/production/OledGrph.o
 .comment       0x00000000       0x3d build/default/production/_ext/1360937237/app.o
 .comment       0x00000000       0x3d build/default/production/_ext/1360937237/main.o
 .comment       0x00000000       0x3d build/default/production/_ext/1360937237/bioshield.o
 .comment       0x00000000       0x3d build/default/production/_ext/1360937237/orient.o
 .comment       0x00000000       0x3d build/default/production/_ext/730406118/drv_spi.o
 .comment       0x00000000       0x3d build/default/production/_ext/1037316118/drv_spi_sys_queue_fifo.o
 .comment       0x00000000       0x3d build/default/production/_ext/877522765/drv_usart.o
 .comment       0x00000000       0x3d build/default/production/_ext/877522765/drv_usart_byte_model.o
 .comment       0x00000000       0x3d build/default/production/_ext/1379683404/sys_int_pic32.o
 .comment       0x00000000       0x3d build/default/production/_ext/12144542/drv_i2c_static_buffer_model.o
 .comment       0x00000000       0x3d build/default/production/_ext/12144542/drv_i2c_mapping.o
 .comment       0x00000000       0x3d build/default/production/_ext/1047219354/drv_oc_mapping.o
 .comment       0x00000000       0x3d build/default/production/_ext/1047219354/drv_oc_static.o
 .comment       0x00000000       0x3d build/default/production/_ext/977502197/drv_spi_tasks.o
 .comment       0x00000000       0x3d build/default/production/_ext/977502197/drv_spi_api.o
 .comment       0x00000000       0x3d build/default/production/_ext/977502197/drv_spi_master_rm_tasks.o
 .comment       0x00000000       0x3d build/default/production/_ext/1407244131/drv_tmr_static.o
 .comment       0x00000000       0x3d build/default/production/_ext/1407244131/drv_tmr_mapping.o
 .comment       0x00000000       0x3d build/default/production/_ext/639803181/sys_clk_pic32mx.o
 .comment       0x00000000       0x3d build/default/production/_ext/340578644/sys_devcon.o
 .comment       0x00000000       0x3d build/default/production/_ext/340578644/sys_devcon_pic32mx.o
 .comment       0x00000000       0x3d build/default/production/_ext/822048611/sys_ports_static.o
 .comment       0x00000000       0x3d build/default/production/_ext/1688732426/system_init.o
 .comment       0x00000000       0x3d build/default/production/_ext/1688732426/system_interrupt.o
 .comment       0x00000000       0x3d build/default/production/_ext/1688732426/system_exceptions.o
 .comment       0x00000000       0x3d build/default/production/_ext/1688732426/system_tasks.o
 .comment       0x00000000       0x3d /diski/opt/microchip/xc32/v1.44/bin/bin/../../lib/gcc/pic32mx/4.8.3/libgcc.a(floatunsisf.o)
 .comment       0x0000003c       0x18 /diski/opt/microchip/xc32/v1.44/bin/bin/../../lib/gcc/pic32mx/4.8.3/../../../../pic32mx/lib/libpic32.a(memset.o)
                                 0x19 (size before relaxing)
 .comment       0x00000000       0x3d /diski/opt/microchip/xc32/v1.44/bin/bin/../../lib/gcc/pic32mx/4.8.3/../../../../pic32mx/lib/libpic32.a(default-bootstrap-exception-handler.o)
 .comment       0x00000000       0x3d /diski/opt/microchip/xc32/v1.44/bin/bin/../../lib/gcc/pic32mx/4.8.3/../../../../pic32mx/lib/libpic32.a(default-on-reset.o)
 .comment       0x00000000       0x3d /diski/opt/microchip/xc32/v1.44/bin/bin/../../lib/gcc/pic32mx/4.8.3/../../../../pic32mx/lib/libpic32.a(default-on-bootstrap.o)
 .comment       0x00000000       0x3d /diski/opt/microchip/xc32/v1.44/bin/bin/../../lib/gcc/pic32mx/4.8.3/../../../../pic32mx/lib/libpic32.a(defaultinterrupt.o)
 .comment       0x00000000       0x3d /diski/opt/microchip/xc32/v1.44/bin/bin/../../lib/gcc/pic32mx/4.8.3/../../../../pic32mx/lib/libc.a(sprintf_cdnopsuxX.eo)
 .comment       0x00000000       0x3d /diski/opt/microchip/xc32/v1.44/bin/bin/../../lib/gcc/pic32mx/4.8.3/../../../../pic32mx/lib/libc.a(doprnt_cdnopsuxX.eo)
 .comment       0x00000000       0x3d /diski/opt/microchip/xc32/v1.44/bin/bin/../../lib/gcc/pic32mx/4.8.3/../../../../pic32mx/lib/libc.a(_fputc_simple.o)
 .comment       0x00000054       0x4e /diski/opt/microchip/xc32/v1.44/bin/bin/../../lib/gcc/pic32mx/4.8.3/../../../../pic32mx/lib/libc.a(ctype.o)
                                 0x8b (size before relaxing)
 .comment       0x00000000       0x3d /diski/opt/microchip/xc32/v1.44/bin/bin/../../lib/gcc/pic32mx/4.8.3/../../../../pic32mx/lib/libc.a(_iob.o)
 .comment       0x00000000       0x3d /diski/opt/microchip/xc32/v1.44/bin/bin/../../lib/gcc/pic32mx/4.8.3/../../../../pic32mx/lib/libc.a(_flsbuf_simple.o)
 .comment       0x00000000       0x3d /diski/opt/microchip/xc32/v1.44/bin/bin/../../lib/gcc/pic32mx/4.8.3/libgcc.a(_udivdi3.o)
 .comment       0x00000000       0x3d /diski/opt/microchip/xc32/v1.44/bin/bin/../../lib/gcc/pic32mx/4.8.3/libgcc.a(_umoddi3.o)
 .comment       0x00000000       0x3d /diski/opt/microchip/xc32/v1.44/bin/bin/../../lib/gcc/pic32mx/4.8.3/../../../../pic32mx/lib/libpic32.a(write.o)
 .comment       0x00000000       0x3d /diski/opt/microchip/xc32/v1.44/bin/bin/../../lib/gcc/pic32mx/4.8.3/../../../../pic32mx/lib/libpic32.a(_mon_putc.o)
 .comment       0x00000000       0x3d /diski/opt/microchip/xc32/v1.44/bin/bin/../../lib/gcc/pic32mx/4.8.3/../../../../pic32mx/lib/libpic32.a(xc32_uart.o)

.debug
 *(.debug)

.line
 *(.line)

.debug_srcinfo
 *(.debug_srcinfo)

.debug_sfnames
 *(.debug_sfnames)

.debug_aranges  0x00000000      0xdb0
 *(.debug_aranges)
 .debug_aranges
                0x00000000       0x18 build/default/production/ChrFont0.o
 .debug_aranges
                0x00000018       0x18 build/default/production/FillPat.o
 .debug_aranges
                0x00000030       0x60 build/default/production/OledChar.o
 .debug_aranges
                0x00000090       0x90 build/default/production/OledDriver.o
 .debug_aranges
                0x00000120       0xe8 build/default/production/OledGrph.o
 .debug_aranges
                0x00000208       0x28 build/default/production/_ext/1360937237/app.o
 .debug_aranges
                0x00000230       0x20 build/default/production/_ext/1360937237/main.o
 .debug_aranges
                0x00000250       0x28 build/default/production/_ext/1360937237/bioshield.o
 .debug_aranges
                0x00000278       0x28 build/default/production/_ext/1360937237/orient.o
 .debug_aranges
                0x000002a0       0x98 build/default/production/_ext/730406118/drv_spi.o
 .debug_aranges
                0x00000338       0xd8 build/default/production/_ext/1037316118/drv_spi_sys_queue_fifo.o
 .debug_aranges
                0x00000410       0xe8 build/default/production/_ext/877522765/drv_usart.o
 .debug_aranges
                0x000004f8       0x48 build/default/production/_ext/877522765/drv_usart_byte_model.o
 .debug_aranges
                0x00000540       0x48 build/default/production/_ext/1379683404/sys_int_pic32.o
 .debug_aranges
                0x00000588       0x90 build/default/production/_ext/12144542/drv_i2c_static_buffer_model.o
 .debug_aranges
                0x00000618       0x60 build/default/production/_ext/12144542/drv_i2c_mapping.o
 .debug_aranges
                0x00000678       0x50 build/default/production/_ext/1047219354/drv_oc_mapping.o
 .debug_aranges
                0x000006c8       0x88 build/default/production/_ext/1047219354/drv_oc_static.o
 .debug_aranges
                0x00000750       0x20 build/default/production/_ext/977502197/drv_spi_tasks.o
 .debug_aranges
                0x00000770       0x28 build/default/production/_ext/977502197/drv_spi_api.o
 .debug_aranges
                0x00000798       0x28 build/default/production/_ext/977502197/drv_spi_master_rm_tasks.o
 .debug_aranges
                0x000007c0       0x90 build/default/production/_ext/1407244131/drv_tmr_static.o
 .debug_aranges
                0x00000850       0xe8 build/default/production/_ext/1407244131/drv_tmr_mapping.o
 .debug_aranges
                0x00000938       0x50 build/default/production/_ext/639803181/sys_clk_pic32mx.o
 .debug_aranges
                0x00000988       0x78 build/default/production/_ext/340578644/sys_devcon.o
 .debug_aranges
                0x00000a00       0x20 build/default/production/_ext/340578644/sys_devcon_pic32mx.o
 .debug_aranges
                0x00000a20      0x148 build/default/production/_ext/822048611/sys_ports_static.o
 .debug_aranges
                0x00000b68       0x20 build/default/production/_ext/1688732426/system_init.o
 .debug_aranges
                0x00000b88       0x48 build/default/production/_ext/1688732426/system_interrupt.o
 .debug_aranges
                0x00000bd0       0x20 build/default/production/_ext/1688732426/system_exceptions.o
 .debug_aranges
                0x00000bf0       0x20 build/default/production/_ext/1688732426/system_tasks.o
 .debug_aranges
                0x00000c10       0x20 /diski/opt/microchip/xc32/v1.44/bin/bin/../../lib/gcc/pic32mx/4.8.3/libgcc.a(floatunsisf.o)
 .debug_aranges
                0x00000c30       0x20 /diski/opt/microchip/xc32/v1.44/bin/bin/../../lib/gcc/pic32mx/4.8.3/../../../../pic32mx/lib/libpic32.a(default-bootstrap-exception-handler.o)
 .debug_aranges
                0x00000c50       0x20 /diski/opt/microchip/xc32/v1.44/bin/bin/../../lib/gcc/pic32mx/4.8.3/../../../../pic32mx/lib/libpic32.a(default-on-reset.o)
 .debug_aranges
                0x00000c70       0x20 /diski/opt/microchip/xc32/v1.44/bin/bin/../../lib/gcc/pic32mx/4.8.3/../../../../pic32mx/lib/libpic32.a(default-on-bootstrap.o)
 .debug_aranges
                0x00000c90       0x20 /diski/opt/microchip/xc32/v1.44/bin/bin/../../lib/gcc/pic32mx/4.8.3/../../../../pic32mx/lib/libpic32.a(defaultinterrupt.o)
 .debug_aranges
                0x00000cb0       0x20 /diski/opt/microchip/xc32/v1.44/bin/bin/../../lib/gcc/pic32mx/4.8.3/../../../../pic32mx/lib/libc.a(sprintf_cdnopsuxX.eo)
 .debug_aranges
                0x00000cd0       0x20 /diski/opt/microchip/xc32/v1.44/bin/bin/../../lib/gcc/pic32mx/4.8.3/../../../../pic32mx/lib/libc.a(doprnt_cdnopsuxX.eo)
 .debug_aranges
                0x00000cf0       0x20 /diski/opt/microchip/xc32/v1.44/bin/bin/../../lib/gcc/pic32mx/4.8.3/../../../../pic32mx/lib/libc.a(_fputc_simple.o)
 .debug_aranges
                0x00000d10       0x20 /diski/opt/microchip/xc32/v1.44/bin/bin/../../lib/gcc/pic32mx/4.8.3/../../../../pic32mx/lib/libc.a(_flsbuf_simple.o)
 .debug_aranges
                0x00000d30       0x20 /diski/opt/microchip/xc32/v1.44/bin/bin/../../lib/gcc/pic32mx/4.8.3/libgcc.a(_udivdi3.o)
 .debug_aranges
                0x00000d50       0x20 /diski/opt/microchip/xc32/v1.44/bin/bin/../../lib/gcc/pic32mx/4.8.3/libgcc.a(_umoddi3.o)
 .debug_aranges
                0x00000d70       0x20 /diski/opt/microchip/xc32/v1.44/bin/bin/../../lib/gcc/pic32mx/4.8.3/../../../../pic32mx/lib/libpic32.a(write.o)
 .debug_aranges
                0x00000d90       0x20 /diski/opt/microchip/xc32/v1.44/bin/bin/../../lib/gcc/pic32mx/4.8.3/../../../../pic32mx/lib/libpic32.a(_mon_putc.o)

.debug_pubnames
 *(.debug_pubnames)

.debug_info     0x00000000    0x3b438
 *(.debug_info .gnu.linkonce.wi.*)
 .debug_info    0x00000000      0x178 build/default/production/ChrFont0.o
 .debug_info    0x00000178      0x174 build/default/production/FillPat.o
 .debug_info    0x000002ec      0x531 build/default/production/OledChar.o
 .debug_info    0x0000081d     0x182a build/default/production/OledDriver.o
 .debug_info    0x00002047      0xccb build/default/production/OledGrph.o
 .debug_info    0x00002d12      0xfd1 build/default/production/_ext/1360937237/app.o
 .debug_info    0x00003ce3      0x1a6 build/default/production/_ext/1360937237/main.o
 .debug_info    0x00003e89      0xe00 build/default/production/_ext/1360937237/bioshield.o
 .debug_info    0x00004c89     0x132c build/default/production/_ext/1360937237/orient.o
 .debug_info    0x00005fb5     0x4ce1 build/default/production/_ext/730406118/drv_spi.o
 .debug_info    0x0000ac96     0x1e71 build/default/production/_ext/1037316118/drv_spi_sys_queue_fifo.o
 .debug_info    0x0000cb07     0x5e19 build/default/production/_ext/877522765/drv_usart.o
 .debug_info    0x00012920     0x26ff build/default/production/_ext/877522765/drv_usart_byte_model.o
 .debug_info    0x0001501f      0xfe2 build/default/production/_ext/1379683404/sys_int_pic32.o
 .debug_info    0x00016001     0x5251 build/default/production/_ext/12144542/drv_i2c_static_buffer_model.o
 .debug_info    0x0001b252     0x12df build/default/production/_ext/12144542/drv_i2c_mapping.o
 .debug_info    0x0001c531      0xe88 build/default/production/_ext/1047219354/drv_oc_mapping.o
 .debug_info    0x0001d3b9     0x22e0 build/default/production/_ext/1047219354/drv_oc_static.o
 .debug_info    0x0001f699     0x2817 build/default/production/_ext/977502197/drv_spi_tasks.o
 .debug_info    0x00021eb0     0x3807 build/default/production/_ext/977502197/drv_spi_api.o
 .debug_info    0x000256b7     0x1f52 build/default/production/_ext/977502197/drv_spi_master_rm_tasks.o
 .debug_info    0x00027609     0x358d build/default/production/_ext/1407244131/drv_tmr_static.o
 .debug_info    0x0002ab96     0x17e0 build/default/production/_ext/1407244131/drv_tmr_mapping.o
 .debug_info    0x0002c376     0x14b4 build/default/production/_ext/639803181/sys_clk_pic32mx.o
 .debug_info    0x0002d82a     0x1600 build/default/production/_ext/340578644/sys_devcon.o
 .debug_info    0x0002ee2a     0x1759 build/default/production/_ext/340578644/sys_devcon_pic32mx.o
 .debug_info    0x00030583     0x3f7c build/default/production/_ext/822048611/sys_ports_static.o
 .debug_info    0x000344ff     0x2f7a build/default/production/_ext/1688732426/system_init.o
 .debug_info    0x00037479     0x12b4 build/default/production/_ext/1688732426/system_interrupt.o
 .debug_info    0x0003872d      0xb68 build/default/production/_ext/1688732426/system_exceptions.o
 .debug_info    0x00039295      0x91e build/default/production/_ext/1688732426/system_tasks.o
 .debug_info    0x00039bb3      0x12f /diski/opt/microchip/xc32/v1.44/bin/bin/../../lib/gcc/pic32mx/4.8.3/libgcc.a(floatunsisf.o)
 .debug_info    0x00039ce2       0xf5 /diski/opt/microchip/xc32/v1.44/bin/bin/../../lib/gcc/pic32mx/4.8.3/../../../../pic32mx/lib/libpic32.a(default-bootstrap-exception-handler.o)
 .debug_info    0x00039dd7       0xce /diski/opt/microchip/xc32/v1.44/bin/bin/../../lib/gcc/pic32mx/4.8.3/../../../../pic32mx/lib/libpic32.a(default-on-reset.o)
 .debug_info    0x00039ea5       0xd6 /diski/opt/microchip/xc32/v1.44/bin/bin/../../lib/gcc/pic32mx/4.8.3/../../../../pic32mx/lib/libpic32.a(default-on-bootstrap.o)
 .debug_info    0x00039f7b       0xe8 /diski/opt/microchip/xc32/v1.44/bin/bin/../../lib/gcc/pic32mx/4.8.3/../../../../pic32mx/lib/libpic32.a(defaultinterrupt.o)
 .debug_info    0x0003a063       0xd3 /diski/opt/microchip/xc32/v1.44/bin/bin/../../lib/gcc/pic32mx/4.8.3/../../../../pic32mx/lib/libc.a(sprintf_cdnopsuxX.eo)
 .debug_info    0x0003a136       0xd4 /diski/opt/microchip/xc32/v1.44/bin/bin/../../lib/gcc/pic32mx/4.8.3/../../../../pic32mx/lib/libc.a(doprnt_cdnopsuxX.eo)
 .debug_info    0x0003a20a       0xc4 /diski/opt/microchip/xc32/v1.44/bin/bin/../../lib/gcc/pic32mx/4.8.3/../../../../pic32mx/lib/libc.a(_fputc_simple.o)
 .debug_info    0x0003a2ce       0xc7 /diski/opt/microchip/xc32/v1.44/bin/bin/../../lib/gcc/pic32mx/4.8.3/../../../../pic32mx/lib/libc.a(_flsbuf_simple.o)
 .debug_info    0x0003a395      0x76f /diski/opt/microchip/xc32/v1.44/bin/bin/../../lib/gcc/pic32mx/4.8.3/libgcc.a(_udivdi3.o)
 .debug_info    0x0003ab04      0x7ac /diski/opt/microchip/xc32/v1.44/bin/bin/../../lib/gcc/pic32mx/4.8.3/libgcc.a(_umoddi3.o)
 .debug_info    0x0003b2b0       0xc0 /diski/opt/microchip/xc32/v1.44/bin/bin/../../lib/gcc/pic32mx/4.8.3/../../../../pic32mx/lib/libpic32.a(write.o)
 .debug_info    0x0003b370       0xc8 /diski/opt/microchip/xc32/v1.44/bin/bin/../../lib/gcc/pic32mx/4.8.3/../../../../pic32mx/lib/libpic32.a(_mon_putc.o)

.debug_abbrev   0x00000000     0x4b31
 *(.debug_abbrev)
 .debug_abbrev  0x00000000       0x52 build/default/production/ChrFont0.o
 .debug_abbrev  0x00000052       0x52 build/default/production/FillPat.o
 .debug_abbrev  0x000000a4      0x16f build/default/production/OledChar.o
 .debug_abbrev  0x00000213      0x2ac build/default/production/OledDriver.o
 .debug_abbrev  0x000004bf      0x226 build/default/production/OledGrph.o
 .debug_abbrev  0x000006e5      0x17f build/default/production/_ext/1360937237/app.o
 .debug_abbrev  0x00000864       0x93 build/default/production/_ext/1360937237/main.o
 .debug_abbrev  0x000008f7      0x193 build/default/production/_ext/1360937237/bioshield.o
 .debug_abbrev  0x00000a8a      0x207 build/default/production/_ext/1360937237/orient.o
 .debug_abbrev  0x00000c91      0x4e2 build/default/production/_ext/730406118/drv_spi.o
 .debug_abbrev  0x00001173      0x361 build/default/production/_ext/1037316118/drv_spi_sys_queue_fifo.o
 .debug_abbrev  0x000014d4      0x4ca build/default/production/_ext/877522765/drv_usart.o
 .debug_abbrev  0x0000199e      0x331 build/default/production/_ext/877522765/drv_usart_byte_model.o
 .debug_abbrev  0x00001ccf      0x237 build/default/production/_ext/1379683404/sys_int_pic32.o
 .debug_abbrev  0x00001f06      0x3c5 build/default/production/_ext/12144542/drv_i2c_static_buffer_model.o
 .debug_abbrev  0x000022cb      0x1a3 build/default/production/_ext/12144542/drv_i2c_mapping.o
 .debug_abbrev  0x0000246e      0x1be build/default/production/_ext/1047219354/drv_oc_mapping.o
 .debug_abbrev  0x0000262c      0x22f build/default/production/_ext/1047219354/drv_oc_static.o
 .debug_abbrev  0x0000285b      0x2fc build/default/production/_ext/977502197/drv_spi_tasks.o
 .debug_abbrev  0x00002b57      0x2e9 build/default/production/_ext/977502197/drv_spi_api.o
 .debug_abbrev  0x00002e40      0x291 build/default/production/_ext/977502197/drv_spi_master_rm_tasks.o
 .debug_abbrev  0x000030d1      0x38e build/default/production/_ext/1407244131/drv_tmr_static.o
 .debug_abbrev  0x0000345f      0x2bd build/default/production/_ext/1407244131/drv_tmr_mapping.o
 .debug_abbrev  0x0000371c      0x26b build/default/production/_ext/639803181/sys_clk_pic32mx.o
 .debug_abbrev  0x00003987      0x27b build/default/production/_ext/340578644/sys_devcon.o
 .debug_abbrev  0x00003c02      0x20f build/default/production/_ext/340578644/sys_devcon_pic32mx.o
 .debug_abbrev  0x00003e11      0x279 build/default/production/_ext/822048611/sys_ports_static.o
 .debug_abbrev  0x0000408a      0x2b3 build/default/production/_ext/1688732426/system_init.o
 .debug_abbrev  0x0000433d      0x1ce build/default/production/_ext/1688732426/system_interrupt.o
 .debug_abbrev  0x0000450b       0xef build/default/production/_ext/1688732426/system_exceptions.o
 .debug_abbrev  0x000045fa       0xc6 build/default/production/_ext/1688732426/system_tasks.o
 .debug_abbrev  0x000046c0       0x62 /diski/opt/microchip/xc32/v1.44/bin/bin/../../lib/gcc/pic32mx/4.8.3/libgcc.a(floatunsisf.o)
 .debug_abbrev  0x00004722       0x28 /diski/opt/microchip/xc32/v1.44/bin/bin/../../lib/gcc/pic32mx/4.8.3/../../../../pic32mx/lib/libpic32.a(default-bootstrap-exception-handler.o)
 .debug_abbrev  0x0000474a       0x28 /diski/opt/microchip/xc32/v1.44/bin/bin/../../lib/gcc/pic32mx/4.8.3/../../../../pic32mx/lib/libpic32.a(default-on-reset.o)
 .debug_abbrev  0x00004772       0x28 /diski/opt/microchip/xc32/v1.44/bin/bin/../../lib/gcc/pic32mx/4.8.3/../../../../pic32mx/lib/libpic32.a(default-on-bootstrap.o)
 .debug_abbrev  0x0000479a       0x28 /diski/opt/microchip/xc32/v1.44/bin/bin/../../lib/gcc/pic32mx/4.8.3/../../../../pic32mx/lib/libpic32.a(defaultinterrupt.o)
 .debug_abbrev  0x000047c2       0x28 /diski/opt/microchip/xc32/v1.44/bin/bin/../../lib/gcc/pic32mx/4.8.3/../../../../pic32mx/lib/libc.a(sprintf_cdnopsuxX.eo)
 .debug_abbrev  0x000047ea       0x28 /diski/opt/microchip/xc32/v1.44/bin/bin/../../lib/gcc/pic32mx/4.8.3/../../../../pic32mx/lib/libc.a(doprnt_cdnopsuxX.eo)
 .debug_abbrev  0x00004812       0x28 /diski/opt/microchip/xc32/v1.44/bin/bin/../../lib/gcc/pic32mx/4.8.3/../../../../pic32mx/lib/libc.a(_fputc_simple.o)
 .debug_abbrev  0x0000483a       0x28 /diski/opt/microchip/xc32/v1.44/bin/bin/../../lib/gcc/pic32mx/4.8.3/../../../../pic32mx/lib/libc.a(_flsbuf_simple.o)
 .debug_abbrev  0x00004862      0x138 /diski/opt/microchip/xc32/v1.44/bin/bin/../../lib/gcc/pic32mx/4.8.3/libgcc.a(_udivdi3.o)
 .debug_abbrev  0x0000499a      0x147 /diski/opt/microchip/xc32/v1.44/bin/bin/../../lib/gcc/pic32mx/4.8.3/libgcc.a(_umoddi3.o)
 .debug_abbrev  0x00004ae1       0x28 /diski/opt/microchip/xc32/v1.44/bin/bin/../../lib/gcc/pic32mx/4.8.3/../../../../pic32mx/lib/libpic32.a(write.o)
 .debug_abbrev  0x00004b09       0x28 /diski/opt/microchip/xc32/v1.44/bin/bin/../../lib/gcc/pic32mx/4.8.3/../../../../pic32mx/lib/libpic32.a(_mon_putc.o)

.debug_line     0x00000000     0x9a9f
 *(.debug_line)
 .debug_line    0x00000000       0xb3 build/default/production/ChrFont0.o
 .debug_line    0x000000b3       0xb2 build/default/production/FillPat.o
 .debug_line    0x00000165      0x190 build/default/production/OledChar.o
 .debug_line    0x000002f5      0x408 build/default/production/OledDriver.o
 .debug_line    0x000006fd      0x3af build/default/production/OledGrph.o
 .debug_line    0x00000aac      0x2e7 build/default/production/_ext/1360937237/app.o
 .debug_line    0x00000d93       0xba build/default/production/_ext/1360937237/main.o
 .debug_line    0x00000e4d      0x2d1 build/default/production/_ext/1360937237/bioshield.o
 .debug_line    0x0000111e      0x2c2 build/default/production/_ext/1360937237/orient.o
 .debug_line    0x000013e0      0x94a build/default/production/_ext/730406118/drv_spi.o
 .debug_line    0x00001d2a      0x4ef build/default/production/_ext/1037316118/drv_spi_sys_queue_fifo.o
 .debug_line    0x00002219      0xd8f build/default/production/_ext/877522765/drv_usart.o
 .debug_line    0x00002fa8      0x5e4 build/default/production/_ext/877522765/drv_usart_byte_model.o
 .debug_line    0x0000358c      0x2cd build/default/production/_ext/1379683404/sys_int_pic32.o
 .debug_line    0x00003859      0xcaf build/default/production/_ext/12144542/drv_i2c_static_buffer_model.o
 .debug_line    0x00004508      0x383 build/default/production/_ext/12144542/drv_i2c_mapping.o
 .debug_line    0x0000488b      0x2cf build/default/production/_ext/1047219354/drv_oc_mapping.o
 .debug_line    0x00004b5a      0x4e6 build/default/production/_ext/1047219354/drv_oc_static.o
 .debug_line    0x00005040      0x61a build/default/production/_ext/977502197/drv_spi_tasks.o
 .debug_line    0x0000565a      0x6de build/default/production/_ext/977502197/drv_spi_api.o
 .debug_line    0x00005d38      0x4d5 build/default/production/_ext/977502197/drv_spi_master_rm_tasks.o
 .debug_line    0x0000620d      0x68e build/default/production/_ext/1407244131/drv_tmr_static.o
 .debug_line    0x0000689b      0x4fd build/default/production/_ext/1407244131/drv_tmr_mapping.o
 .debug_line    0x00006d98      0x43d build/default/production/_ext/639803181/sys_clk_pic32mx.o
 .debug_line    0x000071d5      0x681 build/default/production/_ext/340578644/sys_devcon.o
 .debug_line    0x00007856      0x494 build/default/production/_ext/340578644/sys_devcon_pic32mx.o
 .debug_line    0x00007cea      0x74d build/default/production/_ext/822048611/sys_ports_static.o
 .debug_line    0x00008437      0x7cc build/default/production/_ext/1688732426/system_init.o
 .debug_line    0x00008c03      0x3cd build/default/production/_ext/1688732426/system_interrupt.o
 .debug_line    0x00008fd0      0x180 build/default/production/_ext/1688732426/system_exceptions.o
 .debug_line    0x00009150      0x11a build/default/production/_ext/1688732426/system_tasks.o
 .debug_line    0x0000926a       0x9a /diski/opt/microchip/xc32/v1.44/bin/bin/../../lib/gcc/pic32mx/4.8.3/libgcc.a(floatunsisf.o)
 .debug_line    0x00009304       0xa7 /diski/opt/microchip/xc32/v1.44/bin/bin/../../lib/gcc/pic32mx/4.8.3/../../../../pic32mx/lib/libpic32.a(default-bootstrap-exception-handler.o)
 .debug_line    0x000093ab       0x94 /diski/opt/microchip/xc32/v1.44/bin/bin/../../lib/gcc/pic32mx/4.8.3/../../../../pic32mx/lib/libpic32.a(default-on-reset.o)
 .debug_line    0x0000943f       0x98 /diski/opt/microchip/xc32/v1.44/bin/bin/../../lib/gcc/pic32mx/4.8.3/../../../../pic32mx/lib/libpic32.a(default-on-bootstrap.o)
 .debug_line    0x000094d7       0xa6 /diski/opt/microchip/xc32/v1.44/bin/bin/../../lib/gcc/pic32mx/4.8.3/../../../../pic32mx/lib/libpic32.a(defaultinterrupt.o)
 .debug_line    0x0000957d       0x81 /diski/opt/microchip/xc32/v1.44/bin/bin/../../lib/gcc/pic32mx/4.8.3/../../../../pic32mx/lib/libc.a(sprintf_cdnopsuxX.eo)
 .debug_line    0x000095fe       0x80 /diski/opt/microchip/xc32/v1.44/bin/bin/../../lib/gcc/pic32mx/4.8.3/../../../../pic32mx/lib/libc.a(doprnt_cdnopsuxX.eo)
 .debug_line    0x0000967e       0x7f /diski/opt/microchip/xc32/v1.44/bin/bin/../../lib/gcc/pic32mx/4.8.3/../../../../pic32mx/lib/libc.a(_fputc_simple.o)
 .debug_line    0x000096fd        0x0 /diski/opt/microchip/xc32/v1.44/bin/bin/../../lib/gcc/pic32mx/4.8.3/../../../../pic32mx/lib/libc.a(ctype.o)
 .debug_line    0x000096fd        0x0 /diski/opt/microchip/xc32/v1.44/bin/bin/../../lib/gcc/pic32mx/4.8.3/../../../../pic32mx/lib/libc.a(_iob.o)
 .debug_line    0x000096fd       0x80 /diski/opt/microchip/xc32/v1.44/bin/bin/../../lib/gcc/pic32mx/4.8.3/../../../../pic32mx/lib/libc.a(_flsbuf_simple.o)
 .debug_line    0x0000977d       0xfd /diski/opt/microchip/xc32/v1.44/bin/bin/../../lib/gcc/pic32mx/4.8.3/libgcc.a(_udivdi3.o)
 .debug_line    0x0000987a      0x10f /diski/opt/microchip/xc32/v1.44/bin/bin/../../lib/gcc/pic32mx/4.8.3/libgcc.a(_umoddi3.o)
 .debug_line    0x00009989       0x89 /diski/opt/microchip/xc32/v1.44/bin/bin/../../lib/gcc/pic32mx/4.8.3/../../../../pic32mx/lib/libpic32.a(write.o)
 .debug_line    0x00009a12       0x8d /diski/opt/microchip/xc32/v1.44/bin/bin/../../lib/gcc/pic32mx/4.8.3/../../../../pic32mx/lib/libpic32.a(_mon_putc.o)
 .debug_line    0x00009a9f        0x0 /diski/opt/microchip/xc32/v1.44/bin/bin/../../lib/gcc/pic32mx/4.8.3/../../../../pic32mx/lib/libpic32.a(xc32_uart.o)

.debug_frame    0x00000000     0x1d18
 *(.debug_frame)
 .debug_frame   0x00000000       0xc0 build/default/production/OledChar.o
 .debug_frame   0x000000c0      0x174 build/default/production/OledDriver.o
 .debug_frame   0x00000234      0x238 build/default/production/OledGrph.o
 .debug_frame   0x0000046c       0x40 build/default/production/_ext/1360937237/app.o
 .debug_frame   0x000004ac       0x28 build/default/production/_ext/1360937237/main.o
 .debug_frame   0x000004d4       0x40 build/default/production/_ext/1360937237/bioshield.o
 .debug_frame   0x00000514       0x4c build/default/production/_ext/1360937237/orient.o
 .debug_frame   0x00000560      0x1a4 build/default/production/_ext/730406118/drv_spi.o
 .debug_frame   0x00000704      0x244 build/default/production/_ext/1037316118/drv_spi_sys_queue_fifo.o
 .debug_frame   0x00000948      0x280 build/default/production/_ext/877522765/drv_usart.o
 .debug_frame   0x00000bc8       0xa0 build/default/production/_ext/877522765/drv_usart_byte_model.o
 .debug_frame   0x00000c68       0x90 build/default/production/_ext/1379683404/sys_int_pic32.o
 .debug_frame   0x00000cf8      0x150 build/default/production/_ext/12144542/drv_i2c_static_buffer_model.o
 .debug_frame   0x00000e48      0x118 build/default/production/_ext/12144542/drv_i2c_mapping.o
 .debug_frame   0x00000f60       0xa8 build/default/production/_ext/1047219354/drv_oc_mapping.o
 .debug_frame   0x00001008       0xf0 build/default/production/_ext/1047219354/drv_oc_static.o
 .debug_frame   0x000010f8       0x38 build/default/production/_ext/977502197/drv_spi_tasks.o
 .debug_frame   0x00001130       0x3c build/default/production/_ext/977502197/drv_spi_api.o
 .debug_frame   0x0000116c       0x30 build/default/production/_ext/977502197/drv_spi_master_rm_tasks.o
 .debug_frame   0x0000119c      0x108 build/default/production/_ext/1407244131/drv_tmr_static.o
 .debug_frame   0x000012a4      0x26c build/default/production/_ext/1407244131/drv_tmr_mapping.o
 .debug_frame   0x00001510       0xa0 build/default/production/_ext/639803181/sys_clk_pic32mx.o
 .debug_frame   0x000015b0       0xe8 build/default/production/_ext/340578644/sys_devcon.o
 .debug_frame   0x00001698       0x28 build/default/production/_ext/340578644/sys_devcon_pic32mx.o
 .debug_frame   0x000016c0      0x270 build/default/production/_ext/822048611/sys_ports_static.o
 .debug_frame   0x00001930       0x2c build/default/production/_ext/1688732426/system_init.o
 .debug_frame   0x0000195c      0x164 build/default/production/_ext/1688732426/system_interrupt.o
 .debug_frame   0x00001ac0       0x28 build/default/production/_ext/1688732426/system_exceptions.o
 .debug_frame   0x00001ae8       0x28 build/default/production/_ext/1688732426/system_tasks.o
 .debug_frame   0x00001b10       0x28 /diski/opt/microchip/xc32/v1.44/bin/bin/../../lib/gcc/pic32mx/4.8.3/libgcc.a(floatunsisf.o)
 .debug_frame   0x00001b38       0x2c /diski/opt/microchip/xc32/v1.44/bin/bin/../../lib/gcc/pic32mx/4.8.3/../../../../pic32mx/lib/libpic32.a(default-bootstrap-exception-handler.o)
 .debug_frame   0x00001b64       0x20 /diski/opt/microchip/xc32/v1.44/bin/bin/../../lib/gcc/pic32mx/4.8.3/../../../../pic32mx/lib/libpic32.a(default-on-reset.o)
 .debug_frame   0x00001b84       0x20 /diski/opt/microchip/xc32/v1.44/bin/bin/../../lib/gcc/pic32mx/4.8.3/../../../../pic32mx/lib/libpic32.a(default-on-bootstrap.o)
 .debug_frame   0x00001ba4       0x20 /diski/opt/microchip/xc32/v1.44/bin/bin/../../lib/gcc/pic32mx/4.8.3/../../../../pic32mx/lib/libpic32.a(defaultinterrupt.o)
 .debug_frame   0x00001bc4       0x28 /diski/opt/microchip/xc32/v1.44/bin/bin/../../lib/gcc/pic32mx/4.8.3/../../../../pic32mx/lib/libc.a(sprintf_cdnopsuxX.eo)
 .debug_frame   0x00001bec       0x38 /diski/opt/microchip/xc32/v1.44/bin/bin/../../lib/gcc/pic32mx/4.8.3/../../../../pic32mx/lib/libc.a(doprnt_cdnopsuxX.eo)
 .debug_frame   0x00001c24       0x2c /diski/opt/microchip/xc32/v1.44/bin/bin/../../lib/gcc/pic32mx/4.8.3/../../../../pic32mx/lib/libc.a(_fputc_simple.o)
 .debug_frame   0x00001c50       0x28 /diski/opt/microchip/xc32/v1.44/bin/bin/../../lib/gcc/pic32mx/4.8.3/../../../../pic32mx/lib/libc.a(_flsbuf_simple.o)
 .debug_frame   0x00001c78       0x20 /diski/opt/microchip/xc32/v1.44/bin/bin/../../lib/gcc/pic32mx/4.8.3/libgcc.a(_udivdi3.o)
 .debug_frame   0x00001c98       0x20 /diski/opt/microchip/xc32/v1.44/bin/bin/../../lib/gcc/pic32mx/4.8.3/libgcc.a(_umoddi3.o)
 .debug_frame   0x00001cb8       0x38 /diski/opt/microchip/xc32/v1.44/bin/bin/../../lib/gcc/pic32mx/4.8.3/../../../../pic32mx/lib/libpic32.a(write.o)
 .debug_frame   0x00001cf0       0x28 /diski/opt/microchip/xc32/v1.44/bin/bin/../../lib/gcc/pic32mx/4.8.3/../../../../pic32mx/lib/libpic32.a(_mon_putc.o)

.debug_str      0x00000000      0x916
 *(.debug_str)
 .debug_str     0x00000000        0x0 build/default/production/ChrFont0.o
 .debug_str     0x00000000        0x0 build/default/production/FillPat.o
 .debug_str     0x00000000        0x0 build/default/production/OledChar.o
 .debug_str     0x00000000        0x0 build/default/production/OledDriver.o
 .debug_str     0x00000000       0x56 build/default/production/OledGrph.o
 .debug_str     0x00000056        0x0 build/default/production/_ext/1360937237/app.o
 .debug_str     0x00000056        0x0 build/default/production/_ext/1360937237/main.o
 .debug_str     0x00000056        0x0 build/default/production/_ext/1360937237/bioshield.o
 .debug_str     0x00000056       0x20 build/default/production/_ext/1360937237/orient.o
 .debug_str     0x00000076      0x178 build/default/production/_ext/730406118/drv_spi.o
 .debug_str     0x000001ee      0x151 build/default/production/_ext/1037316118/drv_spi_sys_queue_fifo.o
 .debug_str     0x0000033f      0x1bb build/default/production/_ext/877522765/drv_usart.o
 .debug_str     0x000004fa       0x2e build/default/production/_ext/877522765/drv_usart_byte_model.o
 .debug_str     0x00000528       0x1d build/default/production/_ext/1379683404/sys_int_pic32.o
 .debug_str     0x00000545       0x90 build/default/production/_ext/12144542/drv_i2c_static_buffer_model.o
 .debug_str     0x000005d5       0x3f build/default/production/_ext/12144542/drv_i2c_mapping.o
 .debug_str     0x00000614       0x13 build/default/production/_ext/1047219354/drv_oc_mapping.o
 .debug_str     0x00000627       0x44 build/default/production/_ext/1047219354/drv_oc_static.o
 .debug_str     0x0000066b       0x59 build/default/production/_ext/977502197/drv_spi_tasks.o
 .debug_str     0x000006c4       0xde build/default/production/_ext/977502197/drv_spi_api.o
 .debug_str     0x000007a2       0x1e build/default/production/_ext/977502197/drv_spi_master_rm_tasks.o
 .debug_str     0x000007c0       0x68 build/default/production/_ext/1407244131/drv_tmr_static.o
 .debug_str     0x00000828        0xe build/default/production/_ext/1407244131/drv_tmr_mapping.o
 .debug_str     0x00000836       0x39 build/default/production/_ext/639803181/sys_clk_pic32mx.o
 .debug_str     0x0000086f       0x16 build/default/production/_ext/340578644/sys_devcon.o
 .debug_str     0x00000885        0x6 build/default/production/_ext/340578644/sys_devcon_pic32mx.o
 .debug_str     0x0000088b       0x55 build/default/production/_ext/822048611/sys_ports_static.o
 .debug_str     0x000008e0       0x36 build/default/production/_ext/1688732426/system_init.o
 .debug_str     0x00000916        0x0 build/default/production/_ext/1688732426/system_interrupt.o
 .debug_str     0x00000916        0x0 build/default/production/_ext/1688732426/system_exceptions.o
 .debug_str     0x00000916        0x0 build/default/production/_ext/1688732426/system_tasks.o
 .debug_str     0x00000916        0x0 /diski/opt/microchip/xc32/v1.44/bin/bin/../../lib/gcc/pic32mx/4.8.3/libgcc.a(floatunsisf.o)
 .debug_str     0x00000916        0x0 /diski/opt/microchip/xc32/v1.44/bin/bin/../../lib/gcc/pic32mx/4.8.3/../../../../pic32mx/lib/libpic32.a(default-bootstrap-exception-handler.o)
 .debug_str     0x00000916        0x0 /diski/opt/microchip/xc32/v1.44/bin/bin/../../lib/gcc/pic32mx/4.8.3/../../../../pic32mx/lib/libpic32.a(default-on-reset.o)
 .debug_str     0x00000916        0x0 /diski/opt/microchip/xc32/v1.44/bin/bin/../../lib/gcc/pic32mx/4.8.3/../../../../pic32mx/lib/libpic32.a(default-on-bootstrap.o)
 .debug_str     0x00000916        0x0 /diski/opt/microchip/xc32/v1.44/bin/bin/../../lib/gcc/pic32mx/4.8.3/../../../../pic32mx/lib/libpic32.a(defaultinterrupt.o)
 .debug_str     0x00000916        0x0 /diski/opt/microchip/xc32/v1.44/bin/bin/../../lib/gcc/pic32mx/4.8.3/../../../../pic32mx/lib/libc.a(sprintf_cdnopsuxX.eo)
 .debug_str     0x00000916        0x0 /diski/opt/microchip/xc32/v1.44/bin/bin/../../lib/gcc/pic32mx/4.8.3/../../../../pic32mx/lib/libc.a(doprnt_cdnopsuxX.eo)
 .debug_str     0x00000916        0x0 /diski/opt/microchip/xc32/v1.44/bin/bin/../../lib/gcc/pic32mx/4.8.3/../../../../pic32mx/lib/libc.a(_fputc_simple.o)
 .debug_str     0x00000916        0x0 /diski/opt/microchip/xc32/v1.44/bin/bin/../../lib/gcc/pic32mx/4.8.3/../../../../pic32mx/lib/libc.a(ctype.o)
 .debug_str     0x00000916        0x0 /diski/opt/microchip/xc32/v1.44/bin/bin/../../lib/gcc/pic32mx/4.8.3/../../../../pic32mx/lib/libc.a(_iob.o)
 .debug_str     0x00000916        0x0 /diski/opt/microchip/xc32/v1.44/bin/bin/../../lib/gcc/pic32mx/4.8.3/../../../../pic32mx/lib/libc.a(_flsbuf_simple.o)
 .debug_str     0x00000916        0x0 /diski/opt/microchip/xc32/v1.44/bin/bin/../../lib/gcc/pic32mx/4.8.3/libgcc.a(_udivdi3.o)
 .debug_str     0x00000916        0x0 /diski/opt/microchip/xc32/v1.44/bin/bin/../../lib/gcc/pic32mx/4.8.3/libgcc.a(_umoddi3.o)
 .debug_str     0x00000916        0x0 /diski/opt/microchip/xc32/v1.44/bin/bin/../../lib/gcc/pic32mx/4.8.3/../../../../pic32mx/lib/libpic32.a(write.o)
 .debug_str     0x00000916        0x0 /diski/opt/microchip/xc32/v1.44/bin/bin/../../lib/gcc/pic32mx/4.8.3/../../../../pic32mx/lib/libpic32.a(_mon_putc.o)
 .debug_str     0x00000916        0x0 /diski/opt/microchip/xc32/v1.44/bin/bin/../../lib/gcc/pic32mx/4.8.3/../../../../pic32mx/lib/libpic32.a(xc32_uart.o)

.debug_loc      0x00000000     0x995c
 *(.debug_loc)
 .debug_loc     0x00000000      0x1cd build/default/production/OledChar.o
 .debug_loc     0x000001cd      0x14d build/default/production/OledDriver.o
 .debug_loc     0x0000031a      0x995 build/default/production/OledGrph.o
 .debug_loc     0x00000caf       0x3d build/default/production/_ext/1360937237/app.o
 .debug_loc     0x00000cec      0x1cd build/default/production/_ext/1360937237/orient.o
 .debug_loc     0x00000eb9     0x147e build/default/production/_ext/730406118/drv_spi.o
 .debug_loc     0x00002337      0xd26 build/default/production/_ext/1037316118/drv_spi_sys_queue_fifo.o
 .debug_loc     0x0000305d     0x1bf4 build/default/production/_ext/877522765/drv_usart.o
 .debug_loc     0x00004c51      0x3ab build/default/production/_ext/877522765/drv_usart_byte_model.o
 .debug_loc     0x00004ffc       0x7c build/default/production/_ext/1379683404/sys_int_pic32.o
 .debug_loc     0x00005078      0xc96 build/default/production/_ext/12144542/drv_i2c_static_buffer_model.o
 .debug_loc     0x00005d0e      0x64f build/default/production/_ext/12144542/drv_i2c_mapping.o
 .debug_loc     0x0000635d      0x26b build/default/production/_ext/1047219354/drv_oc_mapping.o
 .debug_loc     0x000065c8       0x42 build/default/production/_ext/1047219354/drv_oc_static.o
 .debug_loc     0x0000660a      0x685 build/default/production/_ext/977502197/drv_spi_tasks.o
 .debug_loc     0x00006c8f      0x617 build/default/production/_ext/977502197/drv_spi_api.o
 .debug_loc     0x000072a6      0x186 build/default/production/_ext/977502197/drv_spi_master_rm_tasks.o
 .debug_loc     0x0000742c      0x267 build/default/production/_ext/1407244131/drv_tmr_static.o
 .debug_loc     0x00007693      0x3a8 build/default/production/_ext/1407244131/drv_tmr_mapping.o
 .debug_loc     0x00007a3b       0x49 build/default/production/_ext/639803181/sys_clk_pic32mx.o
 .debug_loc     0x00007a84       0xf0 build/default/production/_ext/340578644/sys_devcon.o
 .debug_loc     0x00007b74       0xda build/default/production/_ext/340578644/sys_devcon_pic32mx.o
 .debug_loc     0x00007c4e      0x74e build/default/production/_ext/822048611/sys_ports_static.o
 .debug_loc     0x0000839c       0x21 build/default/production/_ext/1688732426/system_init.o
 .debug_loc     0x000083bd       0x74 /diski/opt/microchip/xc32/v1.44/bin/bin/../../lib/gcc/pic32mx/4.8.3/libgcc.a(floatunsisf.o)
 .debug_loc     0x00008431       0x2c /diski/opt/microchip/xc32/v1.44/bin/bin/../../lib/gcc/pic32mx/4.8.3/../../../../pic32mx/lib/libpic32.a(default-bootstrap-exception-handler.o)
 .debug_loc     0x0000845d      0xa6a /diski/opt/microchip/xc32/v1.44/bin/bin/../../lib/gcc/pic32mx/4.8.3/libgcc.a(_udivdi3.o)
 .debug_loc     0x00008ec7      0xa3d /diski/opt/microchip/xc32/v1.44/bin/bin/../../lib/gcc/pic32mx/4.8.3/libgcc.a(_umoddi3.o)
 .debug_loc     0x00009904       0x38 /diski/opt/microchip/xc32/v1.44/bin/bin/../../lib/gcc/pic32mx/4.8.3/../../../../pic32mx/lib/libpic32.a(write.o)
 .debug_loc     0x0000993c       0x20 /diski/opt/microchip/xc32/v1.44/bin/bin/../../lib/gcc/pic32mx/4.8.3/../../../../pic32mx/lib/libpic32.a(_mon_putc.o)

.debug_macinfo
 *(.debug_macinfo)

.debug_weaknames
 *(.debug_weaknames)

.debug_funcnames
 *(.debug_funcnames)

.debug_typenames
 *(.debug_typenames)

.debug_varnames
 *(.debug_varnames)

.debug_pubtypes
 *(.debug_pubtypes)

.debug_ranges   0x00000000      0xda8
 *(.debug_ranges)
 .debug_ranges  0x00000000       0x50 build/default/production/OledChar.o
 .debug_ranges  0x00000050       0x80 build/default/production/OledDriver.o
 .debug_ranges  0x000000d0       0xd8 build/default/production/OledGrph.o
 .debug_ranges  0x000001a8       0x18 build/default/production/_ext/1360937237/app.o
 .debug_ranges  0x000001c0       0x10 build/default/production/_ext/1360937237/main.o
 .debug_ranges  0x000001d0       0x18 build/default/production/_ext/1360937237/bioshield.o
 .debug_ranges  0x000001e8       0x18 build/default/production/_ext/1360937237/orient.o
 .debug_ranges  0x00000200       0xe8 build/default/production/_ext/730406118/drv_spi.o
 .debug_ranges  0x000002e8       0xe0 build/default/production/_ext/1037316118/drv_spi_sys_queue_fifo.o
 .debug_ranges  0x000003c8      0x170 build/default/production/_ext/877522765/drv_usart.o
 .debug_ranges  0x00000538       0x38 build/default/production/_ext/877522765/drv_usart_byte_model.o
 .debug_ranges  0x00000570       0x50 build/default/production/_ext/1379683404/sys_int_pic32.o
 .debug_ranges  0x000005c0       0x80 build/default/production/_ext/12144542/drv_i2c_static_buffer_model.o
 .debug_ranges  0x00000640       0x50 build/default/production/_ext/12144542/drv_i2c_mapping.o
 .debug_ranges  0x00000690       0x40 build/default/production/_ext/1047219354/drv_oc_mapping.o
 .debug_ranges  0x000006d0       0x78 build/default/production/_ext/1047219354/drv_oc_static.o
 .debug_ranges  0x00000748       0x58 build/default/production/_ext/977502197/drv_spi_tasks.o
 .debug_ranges  0x000007a0       0x18 build/default/production/_ext/977502197/drv_spi_api.o
 .debug_ranges  0x000007b8       0x30 build/default/production/_ext/977502197/drv_spi_master_rm_tasks.o
 .debug_ranges  0x000007e8       0x80 build/default/production/_ext/1407244131/drv_tmr_static.o
 .debug_ranges  0x00000868       0xd8 build/default/production/_ext/1407244131/drv_tmr_mapping.o
 .debug_ranges  0x00000940       0x40 build/default/production/_ext/639803181/sys_clk_pic32mx.o
 .debug_ranges  0x00000980       0x68 build/default/production/_ext/340578644/sys_devcon.o
 .debug_ranges  0x000009e8       0x10 build/default/production/_ext/340578644/sys_devcon_pic32mx.o
 .debug_ranges  0x000009f8      0x138 build/default/production/_ext/822048611/sys_ports_static.o
 .debug_ranges  0x00000b30       0x10 build/default/production/_ext/1688732426/system_init.o
 .debug_ranges  0x00000b40       0x38 build/default/production/_ext/1688732426/system_interrupt.o
 .debug_ranges  0x00000b78       0x10 build/default/production/_ext/1688732426/system_exceptions.o
 .debug_ranges  0x00000b88       0x10 build/default/production/_ext/1688732426/system_tasks.o
 .debug_ranges  0x00000b98       0x10 /diski/opt/microchip/xc32/v1.44/bin/bin/../../lib/gcc/pic32mx/4.8.3/../../../../pic32mx/lib/libpic32.a(default-bootstrap-exception-handler.o)
 .debug_ranges  0x00000ba8       0x10 /diski/opt/microchip/xc32/v1.44/bin/bin/../../lib/gcc/pic32mx/4.8.3/../../../../pic32mx/lib/libpic32.a(default-on-reset.o)
 .debug_ranges  0x00000bb8       0x10 /diski/opt/microchip/xc32/v1.44/bin/bin/../../lib/gcc/pic32mx/4.8.3/../../../../pic32mx/lib/libpic32.a(default-on-bootstrap.o)
 .debug_ranges  0x00000bc8       0x10 /diski/opt/microchip/xc32/v1.44/bin/bin/../../lib/gcc/pic32mx/4.8.3/../../../../pic32mx/lib/libpic32.a(defaultinterrupt.o)
 .debug_ranges  0x00000bd8       0x10 /diski/opt/microchip/xc32/v1.44/bin/bin/../../lib/gcc/pic32mx/4.8.3/../../../../pic32mx/lib/libc.a(sprintf_cdnopsuxX.eo)
 .debug_ranges  0x00000be8       0x10 /diski/opt/microchip/xc32/v1.44/bin/bin/../../lib/gcc/pic32mx/4.8.3/../../../../pic32mx/lib/libc.a(doprnt_cdnopsuxX.eo)
 .debug_ranges  0x00000bf8       0x10 /diski/opt/microchip/xc32/v1.44/bin/bin/../../lib/gcc/pic32mx/4.8.3/../../../../pic32mx/lib/libc.a(_fputc_simple.o)
 .debug_ranges  0x00000c08       0x10 /diski/opt/microchip/xc32/v1.44/bin/bin/../../lib/gcc/pic32mx/4.8.3/../../../../pic32mx/lib/libc.a(_flsbuf_simple.o)
 .debug_ranges  0x00000c18       0x98 /diski/opt/microchip/xc32/v1.44/bin/bin/../../lib/gcc/pic32mx/4.8.3/libgcc.a(_udivdi3.o)
 .debug_ranges  0x00000cb0       0xd8 /diski/opt/microchip/xc32/v1.44/bin/bin/../../lib/gcc/pic32mx/4.8.3/libgcc.a(_umoddi3.o)
 .debug_ranges  0x00000d88       0x10 /diski/opt/microchip/xc32/v1.44/bin/bin/../../lib/gcc/pic32mx/4.8.3/../../../../pic32mx/lib/libpic32.a(write.o)
 .debug_ranges  0x00000d98       0x10 /diski/opt/microchip/xc32/v1.44/bin/bin/../../lib/gcc/pic32mx/4.8.3/../../../../pic32mx/lib/libpic32.a(_mon_putc.o)

.gnu.attributes
                0x00000000       0x10
 *(.gnu.attributes)
 .gnu.attributes
                0x00000000       0x10 build/default/production/ChrFont0.o
 .gnu.attributes
                0x00000010       0x10 build/default/production/FillPat.o
 .gnu.attributes
                0x00000020       0x10 build/default/production/OledChar.o
 .gnu.attributes
                0x00000030       0x10 build/default/production/OledDriver.o
 .gnu.attributes
                0x00000040       0x10 build/default/production/OledGrph.o
 .gnu.attributes
                0x00000050       0x10 build/default/production/_ext/1360937237/app.o
 .gnu.attributes
                0x00000060       0x10 build/default/production/_ext/1360937237/main.o
 .gnu.attributes
                0x00000070       0x10 build/default/production/_ext/1360937237/bioshield.o
 .gnu.attributes
                0x00000080       0x10 build/default/production/_ext/1360937237/orient.o
 .gnu.attributes
                0x00000090       0x10 build/default/production/_ext/730406118/drv_spi.o
 .gnu.attributes
                0x000000a0       0x10 build/default/production/_ext/1037316118/drv_spi_sys_queue_fifo.o
 .gnu.attributes
                0x000000b0       0x10 build/default/production/_ext/877522765/drv_usart.o
 .gnu.attributes
                0x000000c0       0x10 build/default/production/_ext/877522765/drv_usart_byte_model.o
 .gnu.attributes
                0x000000d0       0x10 build/default/production/_ext/1379683404/sys_int_pic32.o
 .gnu.attributes
                0x000000e0       0x10 build/default/production/_ext/12144542/drv_i2c_static_buffer_model.o
 .gnu.attributes
                0x000000f0       0x10 build/default/production/_ext/12144542/drv_i2c_mapping.o
 .gnu.attributes
                0x00000100       0x10 build/default/production/_ext/1047219354/drv_oc_mapping.o
 .gnu.attributes
                0x00000110       0x10 build/default/production/_ext/1047219354/drv_oc_static.o
 .gnu.attributes
                0x00000120       0x10 build/default/production/_ext/977502197/drv_spi_tasks.o
 .gnu.attributes
                0x00000130       0x10 build/default/production/_ext/977502197/drv_spi_api.o
 .gnu.attributes
                0x00000140       0x10 build/default/production/_ext/977502197/drv_spi_master_rm_tasks.o
 .gnu.attributes
                0x00000150       0x10 build/default/production/_ext/1407244131/drv_tmr_static.o
 .gnu.attributes
                0x00000160       0x10 build/default/production/_ext/1407244131/drv_tmr_mapping.o
 .gnu.attributes
                0x00000170       0x10 build/default/production/_ext/639803181/sys_clk_pic32mx.o
 .gnu.attributes
                0x00000180       0x10 build/default/production/_ext/340578644/sys_devcon.o
 .gnu.attributes
                0x00000190       0x10 build/default/production/_ext/340578644/sys_devcon_pic32mx.o
 .gnu.attributes
                0x000001a0       0x10 build/default/production/_ext/822048611/sys_ports_static.o
 .gnu.attributes
                0x000001b0       0x10 build/default/production/_ext/1688732426/system_init.o
 .gnu.attributes
                0x000001c0       0x10 build/default/production/_ext/1688732426/system_interrupt.o
 .gnu.attributes
                0x000001d0       0x10 build/default/production/_ext/1688732426/system_exceptions.o
 .gnu.attributes
                0x000001e0       0x10 build/default/production/_ext/1688732426/system_tasks.o
 .gnu.attributes
                0x000001f0       0x10 /diski/opt/microchip/xc32/v1.44/bin/bin/../../lib/gcc/pic32mx/4.8.3/libgcc.a(floatunsisf.o)
 .gnu.attributes
                0x00000200       0x10 /diski/opt/microchip/xc32/v1.44/bin/bin/../../lib/gcc/pic32mx/4.8.3/../../../../pic32mx/lib/libpic32.a(default-bootstrap-exception-handler.o)
 .gnu.attributes
                0x00000210       0x10 /diski/opt/microchip/xc32/v1.44/bin/bin/../../lib/gcc/pic32mx/4.8.3/../../../../pic32mx/lib/libpic32.a(default-on-reset.o)
 .gnu.attributes
                0x00000220       0x10 /diski/opt/microchip/xc32/v1.44/bin/bin/../../lib/gcc/pic32mx/4.8.3/../../../../pic32mx/lib/libpic32.a(default-on-bootstrap.o)
 .gnu.attributes
                0x00000230       0x10 /diski/opt/microchip/xc32/v1.44/bin/bin/../../lib/gcc/pic32mx/4.8.3/../../../../pic32mx/lib/libpic32.a(defaultinterrupt.o)
 .gnu.attributes
                0x00000240       0x10 /diski/opt/microchip/xc32/v1.44/bin/bin/../../lib/gcc/pic32mx/4.8.3/../../../../pic32mx/lib/libc.a(sprintf_cdnopsuxX.eo)
 .gnu.attributes
                0x00000250       0x10 /diski/opt/microchip/xc32/v1.44/bin/bin/../../lib/gcc/pic32mx/4.8.3/../../../../pic32mx/lib/libc.a(doprnt_cdnopsuxX.eo)
 .gnu.attributes
                0x00000260       0x10 /diski/opt/microchip/xc32/v1.44/bin/bin/../../lib/gcc/pic32mx/4.8.3/../../../../pic32mx/lib/libc.a(_fputc_simple.o)
 .gnu.attributes
                0x00000270       0x10 /diski/opt/microchip/xc32/v1.44/bin/bin/../../lib/gcc/pic32mx/4.8.3/../../../../pic32mx/lib/libc.a(ctype.o)
 .gnu.attributes
                0x00000280       0x10 /diski/opt/microchip/xc32/v1.44/bin/bin/../../lib/gcc/pic32mx/4.8.3/../../../../pic32mx/lib/libc.a(_iob.o)
 .gnu.attributes