
Optional file libmchp_peripheral.a not found

Optional file libmchp_peripheral_32MX320F128H.a not found
Archive member included because of file (symbol)

/diski/opt/microchip/xc32/v1.44/bin/bin/../../lib/gcc/pic32mx/4.8.3/libgcc.a(floatunsisf.o)
                              build/default/production/_ext/1360937237/orient.o (__floatunsisf)
/diski/opt/microchip/xc32/v1.44/bin/bin/../../lib/gcc/pic32mx/4.8.3/../../../../pic32mx/lib/libpic32.a(memset.o)
                              build/default/production/_ext/1090455705/drv_spi.o (memset)
/diski/opt/microchip/xc32/v1.44/bin/bin/../../lib/gcc/pic32mx/4.8.3/../../../../pic32mx/lib/libpic32.a(default-bootstrap-exception-handler.o)
                              /diski/opt/microchip/xc32/v1.44/bin/bin/../../lib/gcc/pic32mx/4.8.3/../../../../pic32mx/lib/./proc/32MX320F128H/crt0_mips32r2.o (_bootstrap_exception_handler)
/diski/opt/microchip/xc32/v1.44/bin/bin/../../lib/gcc/pic32mx/4.8.3/../../../../pic32mx/lib/libpic32.a(default-on-reset.o)
                              /diski/opt/microchip/xc32/v1.44/bin/bin/../../lib/gcc/pic32mx/4.8.3/../../../../pic32mx/lib/./proc/32MX320F128H/crt0_mips32r2.o (_on_reset)
/diski/opt/microchip/xc32/v1.44/bin/bin/../../lib/gcc/pic32mx/4.8.3/../../../../pic32mx/lib/libpic32.a(default-on-bootstrap.o)
                              /diski/opt/microchip/xc32/v1.44/bin/bin/../../lib/gcc/pic32mx/4.8.3/../../../../pic32mx/lib/./proc/32MX320F128H/crt0_mips32r2.o (_on_bootstrap)
/diski/opt/microchip/xc32/v1.44/bin/bin/../../lib/gcc/pic32mx/4.8.3/../../../../pic32mx/lib/libpic32.a(default-nmi-handler.o)
                              /diski/opt/microchip/xc32/v1.44/bin/bin/../../lib/gcc/pic32mx/4.8.3/../../../../pic32mx/lib/./proc/32MX320F128H/crt0_mips32r2.o (_nmi_handler)
/diski/opt/microchip/xc32/v1.44/bin/bin/../../lib/gcc/pic32mx/4.8.3/../../../../pic32mx/lib/libpic32.a(general-exception.o)
                              /diski/opt/microchip/xc32/v1.44/bin/bin/../../lib/gcc/pic32mx/4.8.3/../../../../pic32mx/lib/./proc/32MX320F128H/crt0_mips32r2.o (_general_exception_context)
/diski/opt/microchip/xc32/v1.44/bin/bin/../../lib/gcc/pic32mx/4.8.3/../../../../pic32mx/lib/libpic32.a(vector0.o)
                              /diski/opt/microchip/xc32/v1.44/bin/bin/../../lib/gcc/pic32mx/4.8.3/../../../../pic32mx/lib/./proc/32MX320F128H/default_isr_vectors.o (__vector_dispatch_0)
/diski/opt/microchip/xc32/v1.44/bin/bin/../../lib/gcc/pic32mx/4.8.3/../../../../pic32mx/lib/libpic32.a(vector1.o)
                              /diski/opt/microchip/xc32/v1.44/bin/bin/../../lib/gcc/pic32mx/4.8.3/../../../../pic32mx/lib/./proc/32MX320F128H/default_isr_vectors.o (__vector_dispatch_1)
/diski/opt/microchip/xc32/v1.44/bin/bin/../../lib/gcc/pic32mx/4.8.3/../../../../pic32mx/lib/libpic32.a(vector2.o)
                              /diski/opt/microchip/xc32/v1.44/bin/bin/../../lib/gcc/pic32mx/4.8.3/../../../../pic32mx/lib/./proc/32MX320F128H/default_isr_vectors.o (__vector_dispatch_2)
/diski/opt/microchip/xc32/v1.44/bin/bin/../../lib/gcc/pic32mx/4.8.3/../../../../pic32mx/lib/libpic32.a(vector3.o)
                              /diski/opt/microchip/xc32/v1.44/bin/bin/../../lib/gcc/pic32mx/4.8.3/../../../../pic32mx/lib/./proc/32MX320F128H/default_isr_vectors.o (__vector_dispatch_3)
/diski/opt/microchip/xc32/v1.44/bin/bin/../../lib/gcc/pic32mx/4.8.3/../../../../pic32mx/lib/libpic32.a(vector4.o)
                              /diski/opt/microchip/xc32/v1.44/bin/bin/../../lib/gcc/pic32mx/4.8.3/../../../../pic32mx/lib/./proc/32MX320F128H/default_isr_vectors.o (__vector_dispatch_4)
/diski/opt/microchip/xc32/v1.44/bin/bin/../../lib/gcc/pic32mx/4.8.3/../../../../pic32mx/lib/libpic32.a(vector5.o)
                              /diski/opt/microchip/xc32/v1.44/bin/bin/../../lib/gcc/pic32mx/4.8.3/../../../../pic32mx/lib/./proc/32MX320F128H/default_isr_vectors.o (__vector_dispatch_5)
/diski/opt/microchip/xc32/v1.44/bin/bin/../../lib/gcc/pic32mx/4.8.3/../../../../pic32mx/lib/libpic32.a(vector7.o)
                              /diski/opt/microchip/xc32/v1.44/bin/bin/../../lib/gcc/pic32mx/4.8.3/../../../../pic32mx/lib/./proc/32MX320F128H/default_isr_vectors.o (__vector_dispatch_7)
/diski/opt/microchip/xc32/v1.44/bin/bin/../../lib/gcc/pic32mx/4.8.3/../../../../pic32mx/lib/libpic32.a(vector9.o)
                              /diski/opt/microchip/xc32/v1.44/bin/bin/../../lib/gcc/pic32mx/4.8.3/../../../../pic32mx/lib/./proc/32MX320F128H/default_isr_vectors.o (__vector_dispatch_9)
/diski/opt/microchip/xc32/v1.44/bin/bin/../../lib/gcc/pic32mx/4.8.3/../../../../pic32mx/lib/libpic32.a(vector11.o)
                              /diski/opt/microchip/xc32/v1.44/bin/bin/../../lib/gcc/pic32mx/4.8.3/../../../../pic32mx/lib/./proc/32MX320F128H/default_isr_vectors.o (__vector_dispatch_11)
/diski/opt/microchip/xc32/v1.44/bin/bin/../../lib/gcc/pic32mx/4.8.3/../../../../pic32mx/lib/libpic32.a(vector12.o)
[...]
Memory Configuration

Name             Origin             Length             Attributes
kseg0_program_mem 0x9d000000         0x00020000         xr
kseg0_boot_mem   0x9fc00490         0x00000970
exception_mem    0x9fc01000         0x00001000
kseg1_boot_mem   0xbfc00000         0x00000490
debug_exec_mem   0xbfc02000         0x00000ff0
config3          0xbfc02ff0         0x00000004
config2          0xbfc02ff4         0x00000004
config1          0xbfc02ff8         0x00000004
config0          0xbfc02ffc         0x00000004
kseg1_data_mem   0xa0000000         0x00004000         w !x
sfrs             0xbf800000         0x00100000
configsfrs       0xbfc02ff0         0x00000010
*default*        0x00000000         0xffffffff

Linker script and memory map

LOAD /diski/opt/microchip/xc32/v1.44/bin/bin/../../lib/gcc/pic32mx/4.8.3/../../../../pic32mx/lib/./proc/32MX320F128H/crt0_mips32r2.o
LOAD /diski/opt/microchip/xc32/v1.44/bin/bin/../../lib/gcc/pic32mx/4.8.3/../../../../pic32mx/lib/debug-exception-return.o
LOAD build/default/production/ChrFont0.o
LOAD build/default/production/FillPat.o
LOAD build/default/production/OledChar.o
LOAD build/default/production/OledDriver.o
LOAD build/default/production/OledGrph.o
LOAD build/default/production/_ext/1360937237/app.o
LOAD build/default/production/_ext/1360937237/main.o
LOAD build/default/production/_ext/1360937237/bioshield.o
LOAD build/default/production/_ext/1360937237/orient.o
LOAD build/default/production/_ext/1940121223/drv_i2c.o
LOAD build/default/production/_ext/1090455705/drv_spi.o
LOAD build/default/production/_ext/1091888233/drv_spi_sys_queue_fifo.o
LOAD build/default/production/_ext/918999666/drv_usart.o
LOAD build/default/production/_ext/918999666/drv_usart_byte_model.o
LOAD build/default/production/_ext/749520947/sys_int_pic32.o
LOAD build/default/production/_ext/1047219354/drv_oc_mapping.o
LOAD build/default/production/_ext/1047219354/drv_oc_static.o
LOAD build/default/production/_ext/977502197/drv_spi_tasks.o
LOAD build/default/production/_ext/977502197/drv_spi_api.o
LOAD build/default/production/_ext/977502197/drv_spi_master_rm_tasks.o
LOAD build/default/production/_ext/1407244131/drv_tmr_static.o
LOAD build/default/production/_ext/1407244131/drv_tmr_mapping.o
LOAD build/default/production/_ext/639803181/sys_clk.o
LOAD build/default/production/_ext/639803181/sys_clk_pic32mx.o
LOAD build/default/production/_ext/340578644/sys_devcon.o
LOAD build/default/production/_ext/340578644/sys_devcon_pic32mx.o
LOAD build/default/production/_ext/822048611/sys_ports_static.o
LOAD build/default/production/_ext/1688732426/system_init.o
LOAD build/default/production/_ext/1688732426/system_interrupt.o
LOAD build/default/production/_ext/1688732426/system_exceptions.o
LOAD build/default/production/_ext/1688732426/system_tasks.o
LOAD ../../../../../microchip/harmony/v2_02_00b/bin/framework/peripheral/PIC32MX320F128H_peripherals.a
                0x00000001                __MPLAB_BUILD = 0x1
                0x00000000                _min_heap_size = 0x0
LOAD /diski/opt/microchip/xc32/v1.44/bin/bin/../../lib/gcc/pic32mx/4.8.3/../../../../pic32mx/lib/./proc/32MX320F128H/default_isr_vectors.o
LOAD /diski/opt/microchip/xc32/v1.44/bin/bin/../../lib/gcc/pic32mx/4.8.3/../../../../pic32mx/lib/pic32_software_reset.o
                0x00000400                PROVIDE (_min_stack_size, 0x400)
LOAD /diski/opt/microchip/xc32/v1.44/bin/bin/../../lib/gcc/pic32mx/4.8.3/../../../../pic32mx/lib/./proc/32MX320F128H/processor.o
START GROUP
LOAD libmchp_peripheral.a
END GROUP
START GROUP
LOAD libmchp_peripheral_32MX320F128H.a
END GROUP
                0x00000001                PROVIDE (_vector_spacing, 0x1)
                0x9fc01000                PROVIDE (_ebase_address, 0x9fc01000)
                0xbfc00000                _RESET_ADDR = 0xbfc00000
                0xbfc00380                _BEV_EXCPT_ADDR = 0xbfc00380
                0xbfc00480                _DBG_EXCPT_ADDR = 0xbfc00480
                0xbfc02000                _DBG_CODE_ADDR = 0xbfc02000
                0x00000ff0                _DBG_CODE_SIZE = 0xff0
                0x9fc01180                _GEN_EXCPT_ADDR = (_ebase_address + 0x180)

.config_BFC02FF0
                0xbfc02ff0        0x4
 *(.config_BFC02FF0)
 .config_BFC02FF0
                0xbfc02ff0        0x4 build/default/production/_ext/1688732426/system_init.o

.config_BFC02FF4
                0xbfc02ff4        0x4
 *(.config_BFC02FF4)
 .config_BFC02FF4
                0xbfc02ff4        0x4 build/default/production/_ext/1688732426/system_init.o

.config_BFC02FF8
                0xbfc02ff8        0x4
 *(.config_BFC02FF8)
 .config_BFC02FF8
                0xbfc02ff8        0x4 build/default/production/_ext/1688732426/system_init.o

.config_BFC02FFC
                0xbfc02ffc        0x4
 *(.config_BFC02FFC)
 .config_BFC02FFC
                0xbfc02ffc        0x4 build/default/production/_ext/1688732426/system_init.o
                0xbfc02000                PROVIDE (_DBG_CODE_ADDR, 0xbfc02000)
                0x00000ff0                PROVIDE (_DBG_CODE_SIZE, 0xff0)

.reset          0xbfc00000      0x208
 *(.reset)
 .reset         0xbfc00000        0x8 /diski/opt/microchip/xc32/v1.44/bin/bin/../../lib/gcc/pic32mx/4.8.3/../../../../pic32mx/lib/./proc/32MX320F128H/crt0_mips32r2.o
                0xbfc00000                _reset
 *(.reset.startup)
 .reset.startup
                0xbfc00008      0x200 /diski/opt/microchip/xc32/v1.44/bin/bin/../../lib/gcc/pic32mx/4.8.3/../../../../pic32mx/lib/./proc/32MX320F128H/crt0_mips32r2.o
                0xbfc00008                _startup

.bev_excpt      0xbfc00380       0x10
 *(.bev_handler)
 .bev_handler   0xbfc00380       0x10 /diski/opt/microchip/xc32/v1.44/bin/bin/../../lib/gcc/pic32mx/4.8.3/../../../../pic32mx/lib/./proc/32MX320F128H/crt0_mips32r2.o

.dbg_excpt      0xbfc00480        0x0
                0xbfc00480                . = (. + DEFINED (_DEBUGGER)?0x8:0x0)

.dbg_code       0xbfc02000        0x0
                0xbfc02000                . = (. + DEFINED (_DEBUGGER)?_DBG_CODE_SIZE:0x0)

.app_excpt      0x9fc01180       0x10
 *(.gen_handler)
 .gen_handler   0x9fc01180       0x10 /diski/opt/microchip/xc32/v1.44/bin/bin/../../lib/gcc/pic32mx/4.8.3/../../../../pic32mx/lib/./proc/32MX320F128H/crt0_mips32r2.o

.vector_0       0x9fc01200        0x8
 *(.vector_0)
 .vector_0      0x9fc01200        0x8 /diski/opt/microchip/xc32/v1.44/bin/bin/../../lib/gcc/pic32mx/4.8.3/../../../../pic32mx/lib/libpic32.a(vector0.o)
                0x9fc01200                __vector_dispatch_0
                0x00000001                ASSERT (((_vector_spacing == 0x0) || (SIZEOF (.vector_0) <= (_vector_spacing << 0x5))), function at exception vector 0 too large)

.vector_1       0x9fc01220        0x8
 *(.vector_1)
 .vector_1      0x9fc01220        0x8 /diski/opt/microchip/xc32/v1.44/bin/bin/../../lib/gcc/pic32mx/4.8.3/../../../../pic32mx/lib/libpic32.a(vector1.o)
                0x9fc01220                __vector_dispatch_1
                0x00000001                ASSERT (((_vector_spacing == 0x0) || (SIZEOF (.vector_1) <= (_vector_spacing << 0x5))), function at exception vector 1 too large)

.vector_2       0x9fc01240        0x8
 *(.vector_2)
 .vector_2      0x9fc01240        0x8 /diski/opt/microchip/xc32/v1.44/bin/bin/../../lib/gcc/pic32mx/4.8.3/../../../../pic32mx/lib/libpic32.a(vector2.o)
                0x9fc01240                __vector_dispatch_2
                0x00000001                ASSERT (((_vector_spacing == 0x0) || (SIZEOF (.vector_2) <= (_vector_spacing << 0x5))), function at exception vector 2 too large)

.vector_3       0x9fc01260        0x8
 *(.vector_3)
 .vector_3      0x9fc01260        0x8 /diski/opt/microchip/xc32/v1.44/bin/bin/../../lib/gcc/pic32mx/4.8.3/../../../../pic32mx/lib/libpic32.a(vector3.o)
                0x9fc01260                __vector_dispatch_3
                0x00000001                ASSERT (((_vector_spacing == 0x0) || (SIZEOF (.vector_3) <= (_vector_spacing << 0x5))), function at exception vector 3 too large)

.vector_4       0x9fc01280        0x8
 *(.vector_4)
 .vector_4      0x9fc01280        0x8 /diski/opt/microchip/xc32/v1.44/bin/bin/../../lib/gcc/pic32mx/4.8.3/../../../../pic32mx/lib/libpic32.a(vector4.o)
                0x9fc01280                __vector_dispatch_4
                0x00000001                ASSERT (((_vector_spacing == 0x0) || (SIZEOF (.vector_4) <= (_vector_spacing << 0x5))), function at exception vector 4 too large)

.vector_5       0x9fc012a0        0x8
 *(.vector_5)
 .vector_5      0x9fc012a0        0x8 /diski/opt/microchip/xc32/v1.44/bin/bin/../../lib/gcc/pic32mx/4.8.3/../../../../pic32mx/lib/libpic32.a(vector5.o)
                0x9fc012a0                __vector_dispatch_5
                0x00000001                ASSERT (((_vector_spacing == 0x0) || (SIZEOF (.vector_5) <= (_vector_spacing << 0x5))), function at exception vector 5 too large)

.vector_6       0x9fc012c0        0x8
 *(.vector_6)
 .vector_6      0x9fc012c0        0x8 build/default/production/_ext/1688732426/system_interrupt.o
                0x9fc012c0                __vector_dispatch_6
                0x00000001                ASSERT (((_vector_spacing == 0x0) || (SIZEOF (.vector_6) <= (_vector_spacing << 0x5))), function at exception vector 6 too large)

.vector_7       0x9fc012e0        0x8
 *(.vector_7)
 .vector_7      0x9fc012e0        0x8 /diski/opt/microchip/xc32/v1.44/bin/bin/../../lib/gcc/pic32mx/4.8.3/../../../../pic32mx/lib/libpic32.a(vector7.o)
                0x9fc012e0                __vector_dispatch_7
                0x00000001                ASSERT (((_vector_spacing == 0x0) || (SIZEOF (.vector_7) <= (_vector_spacing << 0x5))), function at exception vector 7 too large)

.vector_8       0x9fc01300        0x8
 *(.vector_8)
 .vector_8      0x9fc01300        0x8 build/default/production/_ext/1688732426/system_interrupt.o
                0x9fc01300                __vector_dispatch_8
                0x00000001                ASSERT (((_vector_spacing == 0x0) || (SIZEOF (.vector_8) <= (_vector_spacing << 0x5))), function at exception vector 8 too large)

.vector_9       0x9fc01320        0x8
 *(.vector_9)
 .vector_9      0x9fc01320        0x8 /diski/opt/microchip/xc32/v1.44/bin/bin/../../lib/gcc/pic32mx/4.8.3/../../../../pic32mx/lib/libpic32.a(vector9.o)
                0x9fc01320                __vector_dispatch_9
                0x00000001                ASSERT (((_vector_spacing == 0x0) || (SIZEOF (.vector_9) <= (_vector_spacing << 0x5))), function at exception vector 9 too large)

.vector_10      0x9fc01340        0x8
 *(.vector_10)
 .vector_10     0x9fc01340        0x8 build/default/production/_ext/1688732426/system_interrupt.o
                0x9fc01340                __vector_dispatch_10
                0x00000001                ASSERT (((_vector_spacing == 0x0) || (SIZEOF (.vector_10) <= (_vector_spacing << 0x5))), function at exception vector 10 too large)

.vector_11      0x9fc01360        0x8
 *(.vector_11)
 .vector_11     0x9fc01360        0x8 /diski/opt/microchip/xc32/v1.44/bin/bin/../../lib/gcc/pic32mx/4.8.3/../../../../pic32mx/lib/libpic32.a(vector11.o)
                0x9fc01360                __vector_dispatch_11
                0x00000001                ASSERT (((_vector_spacing == 0x0) || (SIZEOF (.vector_11) <= (_vector_spacing << 0x5))), function at exception vector 11 too large)

.vector_12      0x9fc01380        0x8
 *(.vector_12)
 .vector_12     0x9fc01380        0x8 /diski/opt/microchip/xc32/v1.44/bin/bin/../../lib/gcc/pic32mx/4.8.3/../../../../pic32mx/lib/libpic32.a(vector12.o)
                0x9fc01380                __vector_dispatch_12
                0x00000001                ASSERT (((_vector_spacing == 0x0) || (SIZEOF (.vector_12) <= (_vector_spacing << 0x5))), function at exception vector 12 too large)

.vector_13      0x9fc013a0        0x8
 *(.vector_13)
 .vector_13     0x9fc013a0        0x8 /diski/opt/microchip/xc32/v1.44/bin/bin/../../lib/gcc/pic32mx/4.8.3/../../../../pic32mx/lib/libpic32.a(vector13.o)
                0x9fc013a0                __vector_dispatch_13
                0x00000001                ASSERT (((_vector_spacing == 0x0) || (SIZEOF (.vector_13) <= (_vector_spacing << 0x5))), function at exception vector 13 too large)

.vector_14      0x9fc013c0        0x8
 *(.vector_14)
 .vector_14     0x9fc013c0        0x8 /diski/opt/microchip/xc32/v1.44/bin/bin/../../lib/gcc/pic32mx/4.8.3/../../../../pic32mx/lib/libpic32.a(vector14.o)
                0x9fc013c0                __vector_dispatch_14
                0x00000001                ASSERT (((_vector_spacing == 0x0) || (SIZEOF (.vector_14) <= (_vector_spacing << 0x5))), function at exception vector 14 too large)

.vector_15      0x9fc013e0        0x8
 *(.vector_15)
 .vector_15     0x9fc013e0        0x8 /diski/opt/microchip/xc32/v1.44/bin/bin/../../lib/gcc/pic32mx/4.8.3/../../../../pic32mx/lib/libpic32.a(vector15.o)
                0x9fc013e0                __vector_dispatch_15
                0x00000001                ASSERT (((_vector_spacing == 0x0) || (SIZEOF (.vector_15) <= (_vector_spacing << 0x5))), function at exception vector 15 too large)

.vector_16      0x9fc01400        0x8
 *(.vector_16)
 .vector_16     0x9fc01400        0x8 /diski/opt/microchip/xc32/v1.44/bin/bin/../../lib/gcc/pic32mx/4.8.3/../../../../pic32mx/lib/libpic32.a(vector16.o)
                0x9fc01400                __vector_dispatch_16
                0x00000001                ASSERT (((_vector_spacing == 0x0) || (SIZEOF (.vector_16) <= (_vector_spacing << 0x5))), function at exception vector 16 too large)

.vector_17      0x9fc01420        0x8
 *(.vector_17)
 .vector_17     0x9fc01420        0x8 /diski/opt/microchip/xc32/v1.44/bin/bin/../../lib/gcc/pic32mx/4.8.3/../../../../pic32mx/lib/libpic32.a(vector17.o)
                0x9fc01420                __vector_dispatch_17
                0x00000001                ASSERT (((_vector_spacing == 0x0) || (SIZEOF (.vector_17) <= (_vector_spacing << 0x5))), function at exception vector 17 too large)

.vector_18      0x9fc01440        0x8
 *(.vector_18)
 .vector_18     0x9fc01440        0x8 /diski/opt/microchip/xc32/v1.44/bin/bin/../../lib/gcc/pic32mx/4.8.3/../../../../pic32mx/lib/libpic32.a(vector18.o)
                0x9fc01440                __vector_dispatch_18
                0x00000001                ASSERT (((_vector_spacing == 0x0) || (SIZEOF (.vector_18) <= (_vector_spacing << 0x5))), function at exception vector 18 too large)

.vector_19      0x9fc01460        0x8
 *(.vector_19)
 .vector_19     0x9fc01460        0x8 /diski/opt/microchip/xc32/v1.44/bin/bin/../../lib/gcc/pic32mx/4.8.3/../../../../pic32mx/lib/libpic32.a(vector19.o)
                0x9fc01460                __vector_dispatch_19
                0x00000001                ASSERT (((_vector_spacing == 0x0) || (SIZEOF (.vector_19) <= (_vector_spacing << 0x5))), function at exception vector 19 too large)

.vector_20      0x9fc01480        0x8
 *(.vector_20)
 .vector_20     0x9fc01480        0x8 /diski/opt/microchip/xc32/v1.44/bin/bin/../../lib/gcc/pic32mx/4.8.3/../../../../pic32mx/lib/libpic32.a(vector20.o)
                0x9fc01480                __vector_dispatch_20
                0x00000001                ASSERT (((_vector_spacing == 0x0) || (SIZEOF (.vector_20) <= (_vector_spacing << 0x5))), function at exception vector 20 too large)

.vector_21      0x9fc014a0        0x8
 *(.vector_21)
 .vector_21     0x9fc014a0        0x8 /diski/opt/microchip/xc32/v1.44/bin/bin/../../lib/gcc/pic32mx/4.8.3/../../../../pic32mx/lib/libpic32.a(vector21.o)
                0x9fc014a0                __vector_dispatch_21
                0x00000001                ASSERT (((_vector_spacing == 0x0) || (SIZEOF (.vector_21) <= (_vector_spacing << 0x5))), function at exception vector 21 too large)

.vector_22      0x9fc014c0        0x8
 *(.vector_22)
 .vector_22     0x9fc014c0        0x8 /diski/opt/microchip/xc32/v1.44/bin/bin/../../lib/gcc/pic32mx/4.8.3/../../../../pic32mx/lib/libpic32.a(vector22.o)
                0x9fc014c0                __vector_dispatch_22
                0x00000001                ASSERT (((_vector_spacing == 0x0) || (SIZEOF (.vector_22) <= (_vector_spacing << 0x5))), function at exception vector 22 too large)

.vector_23      0x9fc014e0        0x8
 *(.vector_23)
 .vector_23     0x9fc014e0        0x8 /diski/opt/microchip/xc32/v1.44/bin/bin/../../lib/gcc/pic32mx/4.8.3/../../../../pic32mx/lib/libpic32.a(vector23.o)
                0x9fc014e0                __vector_dispatch_23
                0x00000001                ASSERT (((_vector_spacing == 0x0) || (SIZEOF (.vector_23) <= (_vector_spacing << 0x5))), function at exception vector 23 too large)

.vector_24      0x9fc01500        0x8
 *(.vector_24)
 .vector_24     0x9fc01500        0x8 build/default/production/_ext/1688732426/system_interrupt.o
                0x9fc01500                __vector_dispatch_24
                0x00000001                ASSERT (((_vector_spacing == 0x0) || (SIZEOF (.vector_24) <= (_vector_spacing << 0x5))), function at exception vector 24 too large)

.vector_25      0x9fc01520        0x8
 *(.vector_25)
 .vector_25     0x9fc01520        0x8 build/default/production/_ext/1688732426/system_interrupt.o
                0x9fc01520                __vector_dispatch_25
                0x00000001                ASSERT (((_vector_spacing == 0x0) || (SIZEOF (.vector_25) <= (_vector_spacing << 0x5))), function at exception vector 25 too large)

.vector_26      0x9fc01540        0x8
 *(.vector_26)
 .vector_26     0x9fc01540        0x8 /diski/opt/microchip/xc32/v1.44/bin/bin/../../lib/gcc/pic32mx/4.8.3/../../../../pic32mx/lib/libpic32.a(vector26.o)
                0x9fc01540                __vector_dispatch_26
                0x00000001                ASSERT (((_vector_spacing == 0x0) || (SIZEOF (.vector_26) <= (_vector_spacing << 0x5))), function at exception vector 26 too large)

.vector_27      0x9fc01560        0x8
 *(.vector_27)
 .vector_27     0x9fc01560        0x8 /diski/opt/microchip/xc32/v1.44/bin/bin/../../lib/gcc/pic32mx/4.8.3/../../../../pic32mx/lib/libpic32.a(vector27.o)
                0x9fc01560                __vector_dispatch_27
                0x00000001                ASSERT (((_vector_spacing == 0x0) || (SIZEOF (.vector_27) <= (_vector_spacing << 0x5))), function at exception vector 27 too large)

.vector_28      0x9fc01580        0x8
 *(.vector_28)
 .vector_28     0x9fc01580        0x8 /diski/opt/microchip/xc32/v1.44/bin/bin/../../lib/gcc/pic32mx/4.8.3/../../../../pic32mx/lib/libpic32.a(vector28.o)
                0x9fc01580                __vector_dispatch_28
                0x00000001                ASSERT (((_vector_spacing == 0x0) || (SIZEOF (.vector_28) <= (_vector_spacing << 0x5))), function at exception vector 28 too large)

.vector_29      0x9fc015a0        0x8
 *(.vector_29)
 .vector_29     0x9fc015a0        0x8 /diski/opt/microchip/xc32/v1.44/bin/bin/../../lib/gcc/pic32mx/4.8.3/../../../../pic32mx/lib/libpic32.a(vector29.o)
                0x9fc015a0                __vector_dispatch_29
                0x00000001                ASSERT (((_vector_spacing == 0x0) || (SIZEOF (.vector_29) <= (_vector_spacing << 0x5))), function at exception vector 29 too large)

.vector_30      0x9fc015c0        0x8
 *(.vector_30)
 .vector_30     0x9fc015c0        0x8 /diski/opt/microchip/xc32/v1.44/bin/bin/../../lib/gcc/pic32mx/4.8.3/../../../../pic32mx/lib/libpic32.a(vector30.o)
                0x9fc015c0                __vector_dispatch_30
                0x00000001                ASSERT (((_vector_spacing == 0x0) || (SIZEOF (.vector_30) <= (_vector_spacing << 0x5))), function at exception vector 30 too large)

.vector_31      0x9fc015e0        0x8
 *(.vector_31)
 .vector_31     0x9fc015e0        0x8 build/default/production/_ext/1688732426/system_interrupt.o
                0x9fc015e0                __vector_dispatch_31
                0x00000001                ASSERT (((_vector_spacing == 0x0) || (SIZEOF (.vector_31) <= (_vector_spacing << 0x5))), function at exception vector 31 too large)

.vector_32      0x9fc01600        0x8
 *(.vector_32)
 .vector_32     0x9fc01600        0x8 /diski/opt/microchip/xc32/v1.44/bin/bin/../../lib/gcc/pic32mx/4.8.3/../../../../pic32mx/lib/libpic32.a(vector32.o)
                0x9fc01600                __vector_dispatch_32
                0x00000001                ASSERT (((_vector_spacing == 0x0) || (SIZEOF (.vector_32) <= (_vector_spacing << 0x5))), function at exception vector 32 too large)

.vector_33      0x9fc01620        0x8
 *(.vector_33)
 .vector_33     0x9fc01620        0x8 /diski/opt/microchip/xc32/v1.44/bin/bin/../../lib/gcc/pic32mx/4.8.3/../../../../pic32mx/lib/libpic32.a(vector33.o)
                0x9fc01620                __vector_dispatch_33
                0x00000001                ASSERT (((_vector_spacing == 0x0) || (SIZEOF (.vector_33) <= (_vector_spacing << 0x5))), function at exception vector 33 too large)

.vector_34      0x9fc01640        0x8
 *(.vector_34)
 .vector_34     0x9fc01640        0x8 /diski/opt/microchip/xc32/v1.44/bin/bin/../../lib/gcc/pic32mx/4.8.3/../../../../pic32mx/lib/libpic32.a(vector34.o)
                0x9fc01640                __vector_dispatch_34
                0x00000001                ASSERT (((_vector_spacing == 0x0) || (SIZEOF (.vector_34) <= (_vector_spacing << 0x5))), function at exception vector 34 too large)

.vector_35      0x9fc01660        0x8
 *(.vector_35)
 .vector_35     0x9fc01660        0x8 /diski/opt/microchip/xc32/v1.44/bin/bin/../../lib/gcc/pic32mx/4.8.3/../../../../pic32mx/lib/libpic32.a(vector35.o)
                0x9fc01660                __vector_dispatch_35
                0x00000001                ASSERT (((_vector_spacing == 0x0) || (SIZEOF (.vector_35) <= (_vector_spacing << 0x5))), function at exception vector 35 too large)

.vector_36      0x9fc01680        0x8
 *(.vector_36)
 .vector_36     0x9fc01680        0x8 /diski/opt/microchip/xc32/v1.44/bin/bin/../../lib/gcc/pic32mx/4.8.3/../../../../pic32mx/lib/libpic32.a(vector36.o)
                0x9fc01680                __vector_dispatch_36
                0x00000001                ASSERT (((_vector_spacing == 0x0) || (SIZEOF (.vector_36) <= (_vector_spacing << 0x5))), function at exception vector 36 too large)

.vector_37      0x9fc016a0        0x8
 *(.vector_37)
 .vector_37     0x9fc016a0        0x8 /diski/opt/microchip/xc32/v1.44/bin/bin/../../lib/gcc/pic32mx/4.8.3/../../../../pic32mx/lib/libpic32.a(vector37.o)
                0x9fc016a0                __vector_dispatch_37
                0x00000001                ASSERT (((_vector_spacing == 0x0) || (SIZEOF (.vector_37) <= (_vector_spacing << 0x5))), function at exception vector 37 too large)

.vector_38      0x9fc016c0        0x8
 *(.vector_38)
 .vector_38     0x9fc016c0        0x8 /diski/opt/microchip/xc32/v1.44/bin/bin/../../lib/gcc/pic32mx/4.8.3/../../../../pic32mx/lib/libpic32.a(vector38.o)
                0x9fc016c0                __vector_dispatch_38
                0x00000001                ASSERT (((_vector_spacing == 0x0) || (SIZEOF (.vector_38) <= (_vector_spacing << 0x5))), function at exception vector 38 too large)

.vector_39      0x9fc016e0        0x8
 *(.vector_39)
 .vector_39     0x9fc016e0        0x8 /diski/opt/microchip/xc32/v1.44/bin/bin/../../lib/gcc/pic32mx/4.8.3/../../../../pic32mx/lib/libpic32.a(vector39.o)
                0x9fc016e0                __vector_dispatch_39
                0x00000001                ASSERT (((_vector_spacing == 0x0) || (SIZEOF (.vector_39) <= (_vector_spacing << 0x5))), function at exception vector 39 too large)

.vector_40      0x9fc01700        0x8
 *(.vector_40)
 .vector_40     0x9fc01700        0x8 /diski/opt/microchip/xc32/v1.44/bin/bin/../../lib/gcc/pic32mx/4.8.3/../../../../pic32mx/lib/libpic32.a(vector40.o)
                0x9fc01700                __vector_dispatch_40
                0x00000001                ASSERT (((_vector_spacing == 0x0) || (SIZEOF (.vector_40) <= (_vector_spacing << 0x5))), function at exception vector 40 too large)

.vector_41      0x9fc01720        0x8
 *(.vector_41)
 .vector_41     0x9fc01720        0x8 /diski/opt/microchip/xc32/v1.44/bin/bin/../../lib/gcc/pic32mx/4.8.3/../../../../pic32mx/lib/libpic32.a(vector41.o)
                0x9fc01720                __vector_dispatch_41
                0x00000001                ASSERT (((_vector_spacing == 0x0) || (SIZEOF (.vector_41) <= (_vector_spacing << 0x5))), function at exception vector 41 too large)

.vector_42      0x9fc01740        0x8
 *(.vector_42)
 .vector_42     0x9fc01740        0x8 /diski/opt/microchip/xc32/v1.44/bin/bin/../../lib/gcc/pic32mx/4.8.3/../../../../pic32mx/lib/libpic32.a(vector42.o)
                0x9fc01740                __vector_dispatch_42
                0x00000001                ASSERT (((_vector_spacing == 0x0) || (SIZEOF (.vector_42) <= (_vector_spacing << 0x5))), function at exception vector 42 too large)

.vector_43      0x9fc01760        0x8
 *(.vector_43)
 .vector_43     0x9fc01760        0x8 /diski/opt/microchip/xc32/v1.44/bin/bin/../../lib/gcc/pic32mx/4.8.3/../../../../pic32mx/lib/libpic32.a(vector43.o)
                0x9fc01760                __vector_dispatch_43
                0x00000001                ASSERT (((_vector_spacing == 0x0) || (SIZEOF (.vector_43) <= (_vector_spacing << 0x5))), function at exception vector 43 too large)

.vector_44      0x9fc01780        0x8
 *(.vector_44)
 .vector_44     0x9fc01780        0x8 /diski/opt/microchip/xc32/v1.44/bin/bin/../../lib/gcc/pic32mx/4.8.3/../../../../pic32mx/lib/libpic32.a(vector44.o)
                0x9fc01780                __vector_dispatch_44
                0x00000001                ASSERT (((_vector_spacing == 0x0) || (SIZEOF (.vector_44) <= (_vector_spacing << 0x5))), function at exception vector 44 too large)

.vector_45      0x9fc017a0        0x0
 *(.vector_45)
                0x00000001                ASSERT (((_vector_spacing == 0x0) || (SIZEOF (.vector_45) <= (_vector_spacing << 0x5))), function at exception vector 45 too large)

.vector_46      0x9fc017c0        0x0
 *(.vector_46)
                0x00000001                ASSERT (((_vector_spacing == 0x0) || (SIZEOF (.vector_46) <= (_vector_spacing << 0x5))), function at exception vector 46 too large)

.vector_47      0x9fc017e0        0x0
 *(.vector_47)
                0x00000001                ASSERT (((_vector_spacing == 0x0) || (SIZEOF (.vector_47) <= (_vector_spacing << 0x5))), function at exception vector 47 too large)

.vector_48      0x9fc01800        0x0
 *(.vector_48)
                0x00000001                ASSERT (((_vector_spacing == 0x0) || (SIZEOF (.vector_48) <= (_vector_spacing << 0x5))), function at exception vector 48 too large)

.vector_49      0x9fc01820        0x0
 *(.vector_49)
                0x00000001                ASSERT (((_vector_spacing == 0x0) || (SIZEOF (.vector_49) <= (_vector_spacing << 0x5))), function at exception vector 49 too large)

.vector_50      0x9fc01840        0x0
 *(.vector_50)
                0x00000001                ASSERT (((_vector_spacing == 0x0) || (SIZEOF (.vector_50) <= (_vector_spacing << 0x5))), function at exception vector 50 too large)

.vector_51      0x9fc01860        0x0
 *(.vector_51)
                0x00000001                ASSERT (((_vector_spacing == 0x0) || (SIZEOF (.vector_51) <= (_vector_spacing << 0x5))), function at exception vector 51 too large)

.vector_52      0x9fc01880        0x0
 *(.vector_52)
                0x00000001                ASSERT (((_vector_spacing == 0x0) || (SIZEOF (.vector_52) <= (_vector_spacing << 0x5))), function at exception vector 52 too large)

.vector_53      0x9fc018a0        0x0
 *(.vector_53)
                0x00000001                ASSERT (((_vector_spacing == 0x0) || (SIZEOF (.vector_53) <= (_vector_spacing << 0x5))), function at exception vector 53 too large)

.vector_54      0x9fc018c0        0x0
 *(.vector_54)
                0x00000001                ASSERT (((_vector_spacing == 0x0) || (SIZEOF (.vector_54) <= (_vector_spacing << 0x5))), function at exception vector 54 too large)

.vector_55      0x9fc018e0        0x0
 *(.vector_55)
                0x00000001                ASSERT (((_vector_spacing == 0x0) || (SIZEOF (.vector_55) <= (_vector_spacing << 0x5))), function at exception vector 55 too large)

.vector_56      0x9fc01900        0x0
 *(.vector_56)
                0x00000001                ASSERT (((_vector_spacing == 0x0) || (SIZEOF (.vector_56) <= (_vector_spacing << 0x5))), function at exception vector 56 too large)

.vector_57      0x9fc01920        0x0
 *(.vector_57)
                0x00000001                ASSERT (((_vector_spacing == 0x0) || (SIZEOF (.vector_57) <= (_vector_spacing << 0x5))), function at exception vector 57 too large)

.vector_58      0x9fc01940        0x0
 *(.vector_58)
                0x00000001                ASSERT (((_vector_spacing == 0x0) || (SIZEOF (.vector_58) <= (_vector_spacing << 0x5))), function at exception vector 58 too large)

.vector_59      0x9fc01960        0x0
 *(.vector_59)
                0x00000001                ASSERT (((_vector_spacing == 0x0) || (SIZEOF (.vector_59) <= (_vector_spacing << 0x5))), function at exception vector 59 too large)

.vector_60      0x9fc01980        0x0
 *(.vector_60)
                0x00000001                ASSERT (((_vector_spacing == 0x0) || (SIZEOF (.vector_60) <= (_vector_spacing << 0x5))), function at exception vector 60 too large)

.vector_61      0x9fc019a0        0x0
 *(.vector_61)
                0x00000001                ASSERT (((_vector_spacing == 0x0) || (SIZEOF (.vector_61) <= (_vector_spacing << 0x5))), function at exception vector 61 too large)

.vector_62      0x9fc019c0        0x0
 *(.vector_62)
                0x00000001                ASSERT (((_vector_spacing == 0x0) || (SIZEOF (.vector_62) <= (_vector_spacing << 0x5))), function at exception vector 62 too large)

.vector_63      0x9fc019e0        0x0
 *(.vector_63)
                0x00000001                ASSERT (((_vector_spacing == 0x0) || (SIZEOF (.vector_63) <= (_vector_spacing << 0x5))), function at exception vector 63 too large)

.startup
 *(.startup)

.text           0x9d000000        0x0
 *(.stub .gnu.linkonce.t.*)
 *(.text.*personality*)
 *(.mips16.fn.*)
 *(.mips16.call.*)
 *(.gnu.warning)
                0x9d000000                . = ALIGN (0x4)

.init           0x9d000000        0x0
 *crti.o(.init)
 *crtbegin.o(.init)
 *(EXCLUDE_FILE(*crtn.o *crtend?.o *crtend.o) .init)
 *crtend.o(.init)
 *crtn.o(.init)
                0x9d000000                . = ALIGN (0x4)

.fini           0x9d000000        0x0
 *(.fini)
                0x9d000000                . = ALIGN (0x4)

.preinit_array  0x9d000000        0x0
                0x9d000000                PROVIDE (__preinit_array_start, .)
 *(.preinit_array)
                0x9d000000                PROVIDE (__preinit_array_end, .)
                0x9d000000                . = ALIGN (0x4)

.init_array     0x9d000000        0x0
                0x9d000000                PROVIDE (__init_array_start, .)
 *(SORT(.init_array.*))
 *(.init_array)
                0x9d000000                PROVIDE (__init_array_end, .)
                0x9d000000                . = ALIGN (0x4)

.fini_array     0x9d000000        0x0
                0x9d000000                PROVIDE (__fini_array_start, .)
 *(SORT(.fini_array.*))
 *(.fini_array)
                0x9d000000                PROVIDE (__fini_array_end, .)
                0x9d000000                . = ALIGN (0x4)

.ctors          0x9d000000        0x0
 *crtbegin.o(.ctors)
 *crtbegin?.o(.ctors)
 *(EXCLUDE_FILE(*crtend?.o *crtend.o) .ctors)
 *(SORT(.ctors.*))
 *(.ctors)
                0x9d000000                . = ALIGN (0x4)

.dtors          0x9d000000        0x0
 *crtbegin.o(.dtors)
 *crtbegin?.o(.dtors)
 *(EXCLUDE_FILE(*crtend?.o *crtend.o) .dtors)
 *(SORT(.dtors.*))
 *(.dtors)
                0x9d000000                . = ALIGN (0x4)

.rodata         0x9d000000        0x0
 *(.gnu.linkonce.r.*)
 *(.rodata1)
                0x9d000000                . = ALIGN (0x4)

.sdata2         0x9fc00490        0x0
 *(.sdata2 .sdata2.* .gnu.linkonce.s2.*)
                0x9fc00490                . = ALIGN (0x4)

.sbss2          0x9fc00490        0x0
 *(.sbss2 .sbss2.* .gnu.linkonce.sb2.*)
                0x9fc00490                . = ALIGN (0x4)

.eh_frame_hdr
 *(.eh_frame_hdr)
                0x9fc00490                . = ALIGN (0x4)

.eh_frame
 *(.eh_frame)
                0x9fc00490                . = ALIGN (0x4)

.gcc_except_table
 *(.gcc_except_table .gcc_except_table.*)
                0x9fc00490                . = ALIGN (0x4)

.dbg_data       0xa0000000        0x0
                0xa0000000                . = (. + DEFINED (_DEBUGGER)?0x200:0x0)

.jcr            0xa0000000        0x0
 *(.jcr)
                0xa0000000                . = ALIGN (0x4)

.eh_frame
 *(.eh_frame)
                0xa0000000                . = ALIGN (0x4)

.gcc_except_table
 *(.gcc_except_table .gcc_except_table.*)
                0xa0000000                . = ALIGN (0x4)

.persist        0xa0000000        0x0
                0xa0000000                _persist_begin = .
 *(.persist .persist.*)
 *(.pbss .pbss.*)
                0xa0000000                . = ALIGN (0x4)
                0xa0000000                _persist_end = .

.data           0xa0000000        0x0
 *(.gnu.linkonce.d.*)
 *(.data1)
                0xa0000000                . = ALIGN (0x4)
                0xa0000000                . = .
                0xa0007ff0                _gp = (ALIGN (0x10) + 0x7ff0)

.got            0xa0000000        0x0
 *(.got.plt)
 *(.got)
                0xa0000000                . = ALIGN (0x4)

.sdata          0xa0000000       0x14
                0xa0000000                _sdata_begin = .
 *(.sdata .sdata.* .gnu.linkonce.s.*)
 .sdata         0xa0000000        0x4 build/default/production/OledDriver.o
                0xa0000000                oled_ptr
 .sdata         0xa0000004        0x2 build/default/production/_ext/1360937237/bioshield.o
 *fill*         0xa0000006        0x2 
 .sdata         0xa0000008        0x8 build/default/production/_ext/1360937237/orient.o
                0xa0000008                old_orienter_bits
                0xa000000c                orienter_bits
 .sdata         0xa0000010        0x4 /diski/opt/microchip/xc32/v1.44/bin/bin/../../lib/gcc/pic32mx/4.8.3/../../../../pic32mx/lib/libpic32.a(xc32_uart.o)
                0xa0000010                __XC_UART
                0xa0000014                . = ALIGN (0x4)
                0xa0000014                _sdata_end = .

.lit8
 *(.lit8)

.lit4
 *(.lit4)
                0xa0000014                . = ALIGN (0x4)
                0xa0000014                _data_end = .
                0xa0000014                _bss_begin = .

.sbss           0xa0000014       0x88
                0xa0000014                _sbss_begin = .
 *(.dynsbss)
 *(.sbss .sbss.* .gnu.linkonce.sb.*)
 .sbss          0xa0000014        0x4 build/default/production/OledDriver.o
 .sbss          0xa0000018       0x10 build/default/production/_ext/1360937237/bioshield.o
 .sbss          0xa0000028        0x4 build/default/production/_ext/1360937237/orient.o
 .sbss          0xa000002c        0x4 build/default/production/_ext/1940121223/drv_i2c.o
 .sbss          0xa0000030        0x1 build/default/production/_ext/1090455705/drv_spi.o
 .sbss          0xa0000031        0x1 build/default/production/_ext/1407244131/drv_tmr_static.o
 *fill*         0xa0000032        0x2 
 .sbss          0xa0000034        0xc build/default/production/_ext/1688732426/system_exceptions.o
 *(.scommon)
 .scommon       0xa0000040       0x14 build/default/production/OledChar.o
                0xa0000040                xchOledMax
                0xa0000044                xchOledCur
                0xa0000048                ychOledCur
                0xa000004c                pbOledFontExt
                0xa0000050                ychOledMax
 .scommon       0xa0000054       0x2c build/default/production/OledDriver.o
                0xa0000054                ycoOledCur
                0xa0000058                xcoOledCur
                0xa000005c                pbOledCur
                0xa0000060                pbOledPatCur
                0xa0000064                pbOledFontCur
                0xa0000068                dycoOledFontCur
                0xa000006c                dxcoOledFontCur
                0xa0000070                fOledCharUpdate
                0xa0000074                clrOledCur
                0xa0000078                pbOledFontUser
                0xa000007c                bnOledCur
 .scommon       0xa0000080        0x8 build/default/production/OledGrph.o
                0xa0000080                modOledCur
                0xa0000084                pfnDoRop
 .scommon       0xa0000088        0x4 build/default/production/_ext/1360937237/app.o
                0xa0000088                appData
 .scommon       0xa000008c        0x3 build/default/production/_ext/1940121223/drv_i2c.o
                0xa000008c                gDrvI2CCommonDataObj
 *fill*         0xa000008f        0x1 
 .scommon       0xa0000090        0x3 build/default/production/_ext/918999666/drv_usart.o
                0xa0000090                gDrvUSARTCommonDataObj
 *fill*         0xa0000093        0x1 
 .scommon       0xa0000094        0x8 build/default/production/_ext/340578644/sys_devcon.o
                0xa0000094                sysDevconObj
                0xa000009c                _sbss_end = .
                0xa000009c                . = ALIGN (0x4)

.bss            0xa000009c      0x3f4
 *(.dynbss)
 *(COMMON)
 COMMON         0xa000009c      0x100 build/default/production/OledChar.o
                0xa000009c                rgbOledFontUser
 COMMON         0xa000019c      0x200 build/default/production/OledDriver.o
                0xa000019c                rgbOledBmp
 COMMON         0xa000039c       0xac build/default/production/_ext/918999666/drv_usart.o
                0xa000039c                gDrvUSARTClientObj
                0xa00003e8                gDrvUSARTObj
 COMMON         0xa0000448       0x38 build/default/production/_ext/639803181/sys_clk.o
                0xa0000448                clkObject
 COMMON         0xa0000480       0x10 build/default/production/_ext/1688732426/system_init.o
                0xa0000480                sysObj
                0xa0000490                . = ALIGN ((. != 0x0)?0x4:0x1)
                0xa0000490                . = ALIGN (0x4)
                0xa0000490                _end = .
                0xa0000490                _bss_end = .
                0x00004000                _bmxdudba_address = 0x4000
                0x00004000                _bmxdupba_address = 0x4000

/DISCARD/
 *(.pdr)
 *(.rel.dyn)
 *(.note.GNU-stack)
 *(.note.GNU-stack)
 *(.gnu_debuglink)
 *(.gnu.lto_*)
 *(.discard)

.gptab.sdata
 *(.gptab.data)
 *(.gptab.sdata)

.gptab.sbss
 *(.gptab.bss)
 *(.gptab.sbss)

.mdebug.abi32   0xa0000490        0x0
 *(.mdebug.abi32)
 .mdebug.abi32  0xa0000490        0x0 build/default/production/ChrFont0.o
 .mdebug.abi32  0xa0000490        0x0 build/default/production/FillPat.o
 .mdebug.abi32  0xa0000490        0x0 build/default/production/OledChar.o
 .mdebug.abi32  0xa0000490        0x0 build/default/production/OledDriver.o
 .mdebug.abi32  0xa0000490        0x0 build/default/production/OledGrph.o
 .mdebug.abi32  0xa0000490        0x0 build/default/production/_ext/1360937237/app.o
 .mdebug.abi32  0xa0000490        0x0 build/default/production/_ext/1360937237/main.o
 .mdebug.abi32  0xa0000490        0x0 build/default/production/_ext/1360937237/bioshield.o
 .mdebug.abi32  0xa0000490        0x0 build/default/production/_ext/1360937237/orient.o
 .mdebug.abi32  0xa0000490        0x0 build/default/production/_ext/1940121223/drv_i2c.o
 .mdebug.abi32  0xa0000490        0x0 build/default/production/_ext/1090455705/drv_spi.o
 .mdebug.abi32  0xa0000490        0x0 build/default/production/_ext/1091888233/drv_spi_sys_queue_fifo.o
 .mdebug.abi32  0xa0000490        0x0 build/default/production/_ext/918999666/drv_usart.o
 .mdebug.abi32  0xa0000490        0x0 build/default/production/_ext/918999666/drv_usart_byte_model.o
 .mdebug.abi32  0xa0000490        0x0 build/default/production/_ext/749520947/sys_int_pic32.o
 .mdebug.abi32  0xa0000490        0x0 build/default/production/_ext/1047219354/drv_oc_mapping.o
 .mdebug.abi32  0xa0000490        0x0 build/default/production/_ext/1047219354/drv_oc_static.o
 .mdebug.abi32  0xa0000490        0x0 build/default/production/_ext/977502197/drv_spi_tasks.o
 .mdebug.abi32  0xa0000490        0x0 build/default/production/_ext/977502197/drv_spi_api.o
 .mdebug.abi32  0xa0000490        0x0 build/default/production/_ext/977502197/drv_spi_master_rm_tasks.o
 .mdebug.abi32  0xa0000490        0x0 build/default/production/_ext/1407244131/drv_tmr_static.o
 .mdebug.abi32  0xa0000490        0x0 build/default/production/_ext/1407244131/drv_tmr_mapping.o
 .mdebug.abi32  0xa0000490        0x0 build/default/production/_ext/639803181/sys_clk.o
 .mdebug.abi32  0xa0000490        0x0 build/default/production/_ext/639803181/sys_clk_pic32mx.o
 .mdebug.abi32  0xa0000490        0x0 build/default/production/_ext/340578644/sys_devcon.o
 .mdebug.abi32  0xa0000490        0x0 build/default/production/_ext/340578644/sys_devcon_pic32mx.o
 .mdebug.abi32  0xa0000490        0x0 build/default/production/_ext/822048611/sys_ports_static.o
 .mdebug.abi32  0xa0000490        0x0 build/default/production/_ext/1688732426/system_init.o
 .mdebug.abi32  0xa0000490        0x0 build/default/production/_ext/1688732426/system_interrupt.o
 .mdebug.abi32  0xa0000490        0x0 build/default/production/_ext/1688732426/system_exceptions.o
 .mdebug.abi32  0xa0000490        0x0 build/default/production/_ext/1688732426/system_tasks.o
 .mdebug.abi32  0xa0000490        0x0 /diski/opt/microchip/xc32/v1.44/bin/bin/../../lib/gcc/pic32mx/4.8.3/libgcc.a(floatunsisf.o)
 .mdebug.abi32  0xa0000490        0x0 /diski/opt/microchip/xc32/v1.44/bin/bin/../../lib/gcc/pic32mx/4.8.3/../../../../pic32mx/lib/libpic32.a(default-bootstrap-exception-handler.o)
 .mdebug.abi32  0xa0000490        0x0 /diski/opt/microchip/xc32/v1.44/bin/bin/../../lib/gcc/pic32mx/4.8.3/../../../../pic32mx/lib/libpic32.a(default-on-reset.o)
 .mdebug.abi32  0xa0000490        0x0 /diski/opt/microchip/xc32/v1.44/bin/bin/../../lib/gcc/pic32mx/4.8.3/../../../../pic32mx/lib/libpic32.a(default-on-bootstrap.o)
 .mdebug.abi32  0xa0000490        0x0 /diski/opt/microchip/xc32/v1.44/bin/bin/../../lib/gcc/pic32mx/4.8.3/../../../../pic32mx/lib/libpic32.a(defaultinterrupt.o)
 .mdebug.abi32  0xa0000490        0x0 /diski/opt/microchip/xc32/v1.44/bin/bin/../../lib/gcc/pic32mx/4.8.3/../../../../pic32mx/lib/libc.a(sprintf_cdnopsuxX.eo)
 .mdebug.abi32  0xa0000490        0x0 /diski/opt/microchip/xc32/v1.44/bin/bin/../../lib/gcc/pic32mx/4.8.3/../../../../pic32mx/lib/libc.a(doprnt_cdnopsuxX.eo)
 .mdebug.abi32  0xa0000490        0x0 /diski/opt/microchip/xc32/v1.44/bin/bin/../../lib/gcc/pic32mx/4.8.3/../../../../pic32mx/lib/libc.a(_fputc_simple.o)
 .mdebug.abi32  0xa0000490        0x0 /diski/opt/microchip/xc32/v1.44/bin/bin/../../lib/gcc/pic32mx/4.8.3/../../../../pic32mx/lib/libc.a(ctype.o)
 .mdebug.abi32  0xa0000490        0x0 /diski/opt/microchip/xc32/v1.44/bin/bin/../../lib/gcc/pic32mx/4.8.3/../../../../pic32mx/lib/libc.a(_iob.o)
 .mdebug.abi32  0xa0000490        0x0 /diski/opt/microchip/xc32/v1.44/bin/bin/../../lib/gcc/pic32mx/4.8.3/../../../../pic32mx/lib/libc.a(_flsbuf_simple.o)
 .mdebug.abi32  0xa0000490        0x0 /diski/opt/microchip/xc32/v1.44/bin/bin/../../lib/gcc/pic32mx/4.8.3/libgcc.a(_udivdi3.o)
 .mdebug.abi32  0xa0000490        0x0 /diski/opt/microchip/xc32/v1.44/bin/bin/../../lib/gcc/pic32mx/4.8.3/libgcc.a(_umoddi3.o)
 .mdebug.abi32  0xa0000490        0x0 /diski/opt/microchip/xc32/v1.44/bin/bin/../../lib/gcc/pic32mx/4.8.3/../../../../pic32mx/lib/libpic32.a(write.o)
 .mdebug.abi32  0xa0000490        0x0 /diski/opt/microchip/xc32/v1.44/bin/bin/../../lib/gcc/pic32mx/4.8.3/../../../../pic32mx/lib/libpic32.a(_mon_putc.o)
 .mdebug.abi32  0xa0000490        0x0 /diski/opt/microchip/xc32/v1.44/bin/bin/../../lib/gcc/pic32mx/4.8.3/../../../../pic32mx/lib/libpic32.a(xc32_uart.o)

.mdebug.abiN32
 *(.mdebug.abiN32)

.mdebug.abi64
 *(.mdebug.abi64)

.mdebug.abiO64
 *(.mdebug.abiO64)

.mdebug.eabi32
 *(.mdebug.eabi32)

.mdebug.eabi64
 *(.mdebug.eabi64)

.gcc_compiled_long32
 *(.gcc_compiled_long32)

.gcc_compiled_long64
 *(.gcc_compiled_long64)

.stab
 *(.stab)

.stabstr
 *(.stabstr)

.stab.excl
 *(.stab.excl)

.stab.exclstr
 *(.stab.exclstr)

.stab.index
 *(.stab.index)

.stab.indexstr
 *(.stab.indexstr)

.comment        0x00000000       0xa2
 *(.comment)
 .comment       0x00000000       0x3c build/default/production/ChrFont0.o
                                 0x3d (size before relaxing)
 .comment       0x00000000       0x3d build/default/production/FillPat.o
 .comment       0x00000000       0x3d build/default/production/OledChar.o
 .comment       0x00000000       0x3d build/default/production/OledDriver.o
 .comment       0x00000000       0x3d build/default/production/OledGrph.o
 .comment       0x00000000       0x3d build/default/production/_ext/1360937237/app.o
 .comment       0x00000000       0x3d build/default/production/_ext/1360937237/main.o
 .comment       0x00000000       0x3d build/default/production/_ext/1360937237/bioshield.o
 .comment       0x00000000       0x3d build/default/production/_ext/1360937237/orient.o
 .comment       0x00000000       0x3d build/default/production/_ext/1940121223/drv_i2c.o
 .comment       0x00000000       0x3d build/default/production/_ext/1090455705/drv_spi.o
 .comment       0x00000000       0x3d build/default/production/_ext/1091888233/drv_spi_sys_queue_fifo.o
 .comment       0x00000000       0x3d build/default/production/_ext/918999666/drv_usart.o
 .comment       0x00000000       0x3d build/default/production/_ext/918999666/drv_usart_byte_model.o
 .comment       0x00000000       0x3d build/default/production/_ext/749520947/sys_int_pic32.o
 .comment       0x00000000       0x3d build/default/production/_ext/1047219354/drv_oc_mapping.o
 .comment       0x00000000       0x3d build/default/production/_ext/1047219354/drv_oc_static.o
 .comment       0x00000000       0x3d build/default/production/_ext/977502197/drv_spi_tasks.o
 .comment       0x00000000       0x3d build/default/production/_ext/977502197/drv_spi_api.o
 .comment       0x00000000       0x3d build/default/production/_ext/977502197/drv_spi_master_rm_tasks.o
 .comment       0x00000000       0x3d build/default/production/_ext/1407244131/drv_tmr_static.o
 .comment       0x00000000       0x3d build/default/production/_ext/1407244131/drv_tmr_mapping.o
 .comment       0x00000000       0x3d build/default/production/_ext/639803181/sys_clk.o
 .comment       0x00000000       0x3d build/default/production/_ext/639803181/sys_clk_pic32mx.o
 .comment       0x00000000       0x3d build/default/production/_ext/340578644/sys_devcon.o
 .comment       0x00000000       0x3d build/default/production/_ext/340578644/sys_devcon_pic32mx.o
 .comment       0x00000000       0x3d build/default/production/_ext/822048611/sys_ports_static.o
 .comment       0x00000000       0x3d build/default/production/_ext/1688732426/system_init.o
 .comment       0x00000000       0x3d build/default/production/_ext/1688732426/system_interrupt.o
 .comment       0x00000000       0x3d build/default/production/_ext/1688732426/system_exceptions.o
 .comment       0x00000000       0x3d build/default/production/_ext/1688732426/system_tasks.o
 .comment       0x00000000       0x3d /diski/opt/microchip/xc32/v1.44/bin/bin/../../lib/gcc/pic32mx/4.8.3/libgcc.a(floatunsisf.o)
 .comment       0x0000003c       0x18 /diski/opt/microchip/xc32/v1.44/bin/bin/../../lib/gcc/pic32mx/4.8.3/../../../../pic32mx/lib/libpic32.a(memset.o)
                                 0x19 (size before relaxing)
 .comment       0x00000000       0x3d /diski/opt/microchip/xc32/v1.44/bin/bin/../../lib/gcc/pic32mx/4.8.3/../../../../pic32mx/lib/libpic32.a(default-bootstrap-exception-handler.o)
 .comment       0x00000000       0x3d /diski/opt/microchip/xc32/v1.44/bin/bin/../../lib/gcc/pic32mx/4.8.3/../../../../pic32mx/lib/libpic32.a(default-on-reset.o)
 .comment       0x00000000       0x3d /diski/opt/microchip/xc32/v1.44/bin/bin/../../lib/gcc/pic32mx/4.8.3/../../../../pic32mx/lib/libpic32.a(default-on-bootstrap.o)
 .comment       0x00000000       0x3d /diski/opt/microchip/xc32/v1.44/bin/bin/../../lib/gcc/pic32mx/4.8.3/../../../../pic32mx/lib/libpic32.a(defaultinterrupt.o)
 .comment       0x00000000       0x3d /diski/opt/microchip/xc32/v1.44/bin/bin/../../lib/gcc/pic32mx/4.8.3/../../../../pic32mx/lib/libc.a(sprintf_cdnopsuxX.eo)
 .comment       0x00000000       0x3d /diski/opt/microchip/xc32/v1.44/bin/bin/../../lib/gcc/pic32mx/4.8.3/../../../../pic32mx/lib/libc.a(doprnt_cdnopsuxX.eo)
 .comment       0x00000000       0x3d /diski/opt/microchip/xc32/v1.44/bin/bin/../../lib/gcc/pic32mx/4.8.3/../../../../pic32mx/lib/libc.a(_fputc_simple.o)
 .comment       0x00000054       0x4e /diski/opt/microchip/xc32/v1.44/bin/bin/../../lib/gcc/pic32mx/4.8.3/../../../../pic32mx/lib/libc.a(ctype.o)
                                 0x8b (size before relaxing)
 .comment       0x00000000       0x3d /diski/opt/microchip/xc32/v1.44/bin/bin/../../lib/gcc/pic32mx/4.8.3/../../../../pic32mx/lib/libc.a(_iob.o)
 .comment       0x00000000       0x3d /diski/opt/microchip/xc32/v1.44/bin/bin/../../lib/gcc/pic32mx/4.8.3/../../../../pic32mx/lib/libc.a(_flsbuf_simple.o)
 .comment       0x00000000       0x3d /diski/opt/microchip/xc32/v1.44/bin/bin/../../lib/gcc/pic32mx/4.8.3/libgcc.a(_udivdi3.o)
 .comment       0x00000000       0x3d /diski/opt/microchip/xc32/v1.44/bin/bin/../../lib/gcc/pic32mx/4.8.3/libgcc.a(_umoddi3.o)
 .comment       0x00000000       0x3d /diski/opt/microchip/xc32/v1.44/bin/bin/../../lib/gcc/pic32mx/4.8.3/../../../../pic32mx/lib/libpic32.a(write.o)
 .comment       0x00000000       0x3d /diski/opt/microchip/xc32/v1.44/bin/bin/../../lib/gcc/pic32mx/4.8.3/../../../../pic32mx/lib/libpic32.a(_mon_putc.o)
 .comment       0x00000000       0x3d /diski/opt/microchip/xc32/v1.44/bin/bin/../../lib/gcc/pic32mx/4.8.3/../../../../pic32mx/lib/libpic32.a(xc32_uart.o)

.debug
 *(.debug)

.line
 *(.line)

.debug_srcinfo
 *(.debug_srcinfo)

.debug_sfnames
 *(.debug_sfnames)

.debug_aranges  0x00000000      0xe30
 *(.debug_aranges)
 .debug_aranges
                0x00000000       0x18 build/default/production/ChrFont0.o
 .debug_aranges
                0x00000018       0x18 build/default/production/FillPat.o
 .debug_aranges
                0x00000030       0x60 build/default/production/OledChar.o
 .debug_aranges
                0x00000090       0x90 build/default/production/OledDriver.o
 .debug_aranges
                0x00000120       0xe8 build/default/production/OledGrph.o
 .debug_aranges
                0x00000208       0x28 build/default/production/_ext/1360937237/app.o
 .debug_aranges
                0x00000230       0x20 build/default/production/_ext/1360937237/main.o
 .debug_aranges
                0x00000250       0x28 build/default/production/_ext/1360937237/bioshield.o
 .debug_aranges
                0x00000278       0x28 build/default/production/_ext/1360937237/orient.o
 .debug_aranges
                0x000002a0      0x100 build/default/production/_ext/1940121223/drv_i2c.o
 .debug_aranges
                0x000003a0       0x98 build/default/production/_ext/1090455705/drv_spi.o
 .debug_aranges
                0x00000438       0xd8 build/default/production/_ext/1091888233/drv_spi_sys_queue_fifo.o
 .debug_aranges
                0x00000510       0xe8 build/default/production/_ext/918999666/drv_usart.o
 .debug_aranges
                0x000005f8       0x48 build/default/production/_ext/918999666/drv_usart_byte_model.o
 .debug_aranges
                0x00000640       0x48 build/default/production/_ext/749520947/sys_int_pic32.o
 .debug_aranges
                0x00000688       0x50 build/default/production/_ext/1047219354/drv_oc_mapping.o
 .debug_aranges
                0x000006d8       0x88 build/default/production/_ext/1047219354/drv_oc_static.o
 .debug_aranges
                0x00000760       0x20 build/default/production/_ext/977502197/drv_spi_tasks.o
 .debug_aranges
                0x00000780       0x28 build/default/production/_ext/977502197/drv_spi_api.o
 .debug_aranges
                0x000007a8       0x28 build/default/production/_ext/977502197/drv_spi_master_rm_tasks.o
 .debug_aranges
                0x000007d0       0x88 build/default/production/_ext/1407244131/drv_tmr_static.o
 .debug_aranges
                0x00000858       0xe8 build/default/production/_ext/1407244131/drv_tmr_mapping.o
 .debug_aranges
                0x00000940       0x88 build/default/production/_ext/639803181/sys_clk.o
 .debug_aranges
                0x000009c8       0x80 build/default/production/_ext/639803181/sys_clk_pic32mx.o
 .debug_aranges
                0x00000a48       0x78 build/default/production/_ext/340578644/sys_devcon.o
 .debug_aranges
                0x00000ac0       0x20 build/default/production/_ext/340578644/sys_devcon_pic32mx.o
 .debug_aranges
                0x00000ae0      0x108 build/default/production/_ext/822048611/sys_ports_static.o
 .debug_aranges
                0x00000be8       0x20 build/default/production/_ext/1688732426/system_init.o
 .debug_aranges
                0x00000c08       0x48 build/default/production/_ext/1688732426/system_interrupt.o
 .debug_aranges
                0x00000c50       0x20 build/default/production/_ext/1688732426/system_exceptions.o
 .debug_aranges
                0x00000c70       0x20 build/default/production/_ext/1688732426/system_tasks.o
 .debug_aranges
                0x00000c90       0x20 /diski/opt/microchip/xc32/v1.44/bin/bin/../../lib/gcc/pic32mx/4.8.3/libgcc.a(floatunsisf.o)
 .debug_aranges
                0x00000cb0       0x20 /diski/opt/microchip/xc32/v1.44/bin/bin/../../lib/gcc/pic32mx/4.8.3/../../../../pic32mx/lib/libpic32.a(default-bootstrap-exception-handler.o)
 .debug_aranges
                0x00000cd0       0x20 /diski/opt/microchip/xc32/v1.44/bin/bin/../../lib/gcc/pic32mx/4.8.3/../../../../pic32mx/lib/libpic32.a(default-on-reset.o)
 .debug_aranges
                0x00000cf0       0x20 /diski/opt/microchip/xc32/v1.44/bin/bin/../../lib/gcc/pic32mx/4.8.3/../../../../pic32mx/lib/libpic32.a(default-on-bootstrap.o)
 .debug_aranges
                0x00000d10       0x20 /diski/opt/microchip/xc32/v1.44/bin/bin/../../lib/gcc/pic32mx/4.8.3/../../../../pic32mx/lib/libpic32.a(defaultinterrupt.o)
 .debug_aranges
                0x00000d30       0x20 /diski/opt/microchip/xc32/v1.44/bin/bin/../../lib/gcc/pic32mx/4.8.3/../../../../pic32mx/lib/libc.a(sprintf_cdnopsuxX.eo)
 .debug_aranges
                0x00000d50       0x20 /diski/opt/microchip/xc32/v1.44/bin/bin/../../lib/gcc/pic32mx/4.8.3/../../../../pic32mx/lib/libc.a(doprnt_cdnopsuxX.eo)
 .debug_aranges
                0x00000d70       0x20 /diski/opt/microchip/xc32/v1.44/bin/bin/../../lib/gcc/pic32mx/4.8.3/../../../../pic32mx/lib/libc.a(_fputc_simple.o)
 .debug_aranges
                0x00000d90       0x20 /diski/opt/microchip/xc32/v1.44/bin/bin/../../lib/gcc/pic32mx/4.8.3/../../../../pic32mx/lib/libc.a(_flsbuf_simple.o)
 .debug_aranges
                0x00000db0       0x20 /diski/opt/microchip/xc32/v1.44/bin/bin/../../lib/gcc/pic32mx/4.8.3/libgcc.a(_udivdi3.o)
 .debug_aranges
                0x00000dd0       0x20 /diski/opt/microchip/xc32/v1.44/bin/bin/../../lib/gcc/pic32mx/4.8.3/libgcc.a(_umoddi3.o)
 .debug_aranges
                0x00000df0       0x20 /diski/opt/microchip/xc32/v1.44/bin/bin/../../lib/gcc/pic32mx/4.8.3/../../../../pic32mx/lib/libpic32.a(write.o)
 .debug_aranges
                0x00000e10       0x20 /diski/opt/microchip/xc32/v1.44/bin/bin/../../lib/gcc/pic32mx/4.8.3/../../../../pic32mx/lib/libpic32.a(_mon_putc.o)

.debug_pubnames
 *(.debug_pubnames)

.debug_info     0x00000000    0x40432
 *(.debug_info .gnu.linkonce.wi.*)
 .debug_info    0x00000000      0x178 build/default/production/ChrFont0.o
 .debug_info    0x00000178      0x174 build/default/production/FillPat.o
 .debug_info    0x000002ec      0x531 build/default/production/OledChar.o
 .debug_info    0x0000081d     0x182a build/default/production/OledDriver.o
 .debug_info    0x00002047      0xccb build/default/production/OledGrph.o
 .debug_info    0x00002d12      0xfd1 build/default/production/_ext/1360937237/app.o
 .debug_info    0x00003ce3      0x1a6 build/default/production/_ext/1360937237/main.o
 .debug_info    0x00003e89      0xe00 build/default/production/_ext/1360937237/bioshield.o
 .debug_info    0x00004c89     0x132c build/default/production/_ext/1360937237/orient.o
 .debug_info    0x00005fb5     0x85e9 build/default/production/_ext/1940121223/drv_i2c.o
 .debug_info    0x0000e59e     0x4c99 build/default/production/_ext/1090455705/drv_spi.o
 .debug_info    0x00013237     0x1b78 build/default/production/_ext/1091888233/drv_spi_sys_queue_fifo.o
 .debug_info    0x00014daf     0x5d75 build/default/production/_ext/918999666/drv_usart.o
 .debug_info    0x0001ab24     0x2703 build/default/production/_ext/918999666/drv_usart_byte_model.o
 .debug_info    0x0001d227     0x11d4 build/default/production/_ext/749520947/sys_int_pic32.o
 .debug_info    0x0001e3fb      0xe88 build/default/production/_ext/1047219354/drv_oc_mapping.o
 .debug_info    0x0001f283     0x22e0 build/default/production/_ext/1047219354/drv_oc_static.o
 .debug_info    0x00021563     0x2817 build/default/production/_ext/977502197/drv_spi_tasks.o
 .debug_info    0x00023d7a     0x389a build/default/production/_ext/977502197/drv_spi_api.o
 .debug_info    0x00027614     0x1f52 build/default/production/_ext/977502197/drv_spi_master_rm_tasks.o
 .debug_info    0x00029566     0x3455 build/default/production/_ext/1407244131/drv_tmr_static.o
 .debug_info    0x0002c9bb     0x17e2 build/default/production/_ext/1407244131/drv_tmr_mapping.o
 .debug_info    0x0002e19d     0x1fd7 build/default/production/_ext/639803181/sys_clk.o
 .debug_info    0x00030174     0x2063 build/default/production/_ext/639803181/sys_clk_pic32mx.o
 .debug_info    0x000321d7     0x1600 build/default/production/_ext/340578644/sys_devcon.o
 .debug_info    0x000337d7     0x1759 build/default/production/_ext/340578644/sys_devcon_pic32mx.o
 .debug_info    0x00034f30     0x3c5a build/default/production/_ext/822048611/sys_ports_static.o
 .debug_info    0x00038b8a     0x38cd build/default/production/_ext/1688732426/system_init.o
 .debug_info    0x0003c457     0x12d0 build/default/production/_ext/1688732426/system_interrupt.o
 .debug_info    0x0003d727      0xb68 build/default/production/_ext/1688732426/system_exceptions.o
 .debug_info    0x0003e28f      0x91e build/default/production/_ext/1688732426/system_tasks.o
 .debug_info    0x0003ebad      0x12f /diski/opt/microchip/xc32/v1.44/bin/bin/../../lib/gcc/pic32mx/4.8.3/libgcc.a(floatunsisf.o)
 .debug_info    0x0003ecdc       0xf5 /diski/opt/microchip/xc32/v1.44/bin/bin/../../lib/gcc/pic32mx/4.8.3/../../../../pic32mx/lib/libpic32.a(default-bootstrap-exception-handler.o)
 .debug_info    0x0003edd1       0xce /diski/opt/microchip/xc32/v1.44/bin/bin/../../lib/gcc/pic32mx/4.8.3/../../../../pic32mx/lib/libpic32.a(default-on-reset.o)
 .debug_info    0x0003ee9f       0xd6 /diski/opt/microchip/xc32/v1.44/bin/bin/../../lib/gcc/pic32mx/4.8.3/../../../../pic32mx/lib/libpic32.a(default-on-bootstrap.o)
 .debug_info    0x0003ef75       0xe8 /diski/opt/microchip/xc32/v1.44/bin/bin/../../lib/gcc/pic32mx/4.8.3/../../../../pic32mx/lib/libpic32.a(defaultinterrupt.o)
 .debug_info    0x0003f05d       0xd3 /diski/opt/microchip/xc32/v1.44/bin/bin/../../lib/gcc/pic32mx/4.8.3/../../../../pic32mx/lib/libc.a(sprintf_cdnopsuxX.eo)
 .debug_info    0x0003f130       0xd4 /diski/opt/microchip/xc32/v1.44/bin/bin/../../lib/gcc/pic32mx/4.8.3/../../../../pic32mx/lib/libc.a(doprnt_cdnopsuxX.eo)
 .debug_info    0x0003f204       0xc4 /diski/opt/microchip/xc32/v1.44/bin/bin/../../lib/gcc/pic32mx/4.8.3/../../../../pic32mx/lib/libc.a(_fputc_simple.o)
 .debug_info    0x0003f2c8       0xc7 /diski/opt/microchip/xc32/v1.44/bin/bin/../../lib/gcc/pic32mx/4.8.3/../../../../pic32mx/lib/libc.a(_flsbuf_simple.o)
 .debug_info    0x0003f38f      0x76f /diski/opt/microchip/xc32/v1.44/bin/bin/../../lib/gcc/pic32mx/4.8.3/libgcc.a(_udivdi3.o)
 .debug_info    0x0003fafe      0x7ac /diski/opt/microchip/xc32/v1.44/bin/bin/../../lib/gcc/pic32mx/4.8.3/libgcc.a(_umoddi3.o)
 .debug_info    0x000402aa       0xc0 /diski/opt/microchip/xc32/v1.44/bin/bin/../../lib/gcc/pic32mx/4.8.3/../../../../pic32mx/lib/libpic32.a(write.o)
 .debug_info    0x0004036a       0xc8 /diski/opt/microchip/xc32/v1.44/bin/bin/../../lib/gcc/pic32mx/4.8.3/../../../../pic32mx/lib/libpic32.a(_mon_putc.o)

.debug_abbrev   0x00000000     0x4dde
 *(.debug_abbrev)
 .debug_abbrev  0x00000000       0x52 build/default/production/ChrFont0.o
 .debug_abbrev  0x00000052       0x52 build/default/production/FillPat.o
 .debug_abbrev  0x000000a4      0x16f build/default/production/OledChar.o
 .debug_abbrev  0x00000213      0x2ac build/default/production/OledDriver.o
 .debug_abbrev  0x000004bf      0x226 build/default/production/OledGrph.o
 .debug_abbrev  0x000006e5      0x17f build/default/production/_ext/1360937237/app.o
 .debug_abbrev  0x00000864       0x93 build/default/production/_ext/1360937237/main.o
 .debug_abbrev  0x000008f7      0x193 build/default/production/_ext/1360937237/bioshield.o
 .debug_abbrev  0x00000a8a      0x207 build/default/production/_ext/1360937237/orient.o
 .debug_abbrev  0x00000c91      0x453 build/default/production/_ext/1940121223/drv_i2c.o
 .debug_abbrev  0x000010e4      0x4be build/default/production/_ext/1090455705/drv_spi.o
 .debug_abbrev  0x000015a2      0x2c1 build/default/production/_ext/1091888233/drv_spi_sys_queue_fifo.o
 .debug_abbrev  0x00001863      0x4a4 build/default/production/_ext/918999666/drv_usart.o
 .debug_abbrev  0x00001d07      0x331 build/default/production/_ext/918999666/drv_usart_byte_model.o
 .debug_abbrev  0x00002038      0x226 build/default/production/_ext/749520947/sys_int_pic32.o
 .debug_abbrev  0x0000225e      0x1be build/default/production/_ext/1047219354/drv_oc_mapping.o
 .debug_abbrev  0x0000241c      0x22f build/default/production/_ext/1047219354/drv_oc_static.o
 .debug_abbrev  0x0000264b      0x2fc build/default/production/_ext/977502197/drv_spi_tasks.o
 .debug_abbrev  0x00002947      0x2e9 build/default/production/_ext/977502197/drv_spi_api.o
 .debug_abbrev  0x00002c30      0x291 build/default/production/_ext/977502197/drv_spi_master_rm_tasks.o
 .debug_abbrev  0x00002ec1      0x37f build/default/production/_ext/1407244131/drv_tmr_static.o
 .debug_abbrev  0x00003240      0x2cc build/default/production/_ext/1407244131/drv_tmr_mapping.o
 .debug_abbrev  0x0000350c      0x392 build/default/production/_ext/639803181/sys_clk.o
 .debug_abbrev  0x0000389e      0x389 build/default/production/_ext/639803181/sys_clk_pic32mx.o
 .debug_abbrev  0x00003c27      0x27b build/default/production/_ext/340578644/sys_devcon.o
 .debug_abbrev  0x00003ea2      0x20f build/default/production/_ext/340578644/sys_devcon_pic32mx.o
 .debug_abbrev  0x000040b1      0x279 build/default/production/_ext/822048611/sys_ports_static.o
 .debug_abbrev  0x0000432a      0x2d1 build/default/production/_ext/1688732426/system_init.o
 .debug_abbrev  0x000045fb      0x1bd build/default/production/_ext/1688732426/system_interrupt.o
 .debug_abbrev  0x000047b8       0xef build/default/production/_ext/1688732426/system_exceptions.o
 .debug_abbrev  0x000048a7       0xc6 build/default/production/_ext/1688732426/system_tasks.o
 .debug_abbrev  0x0000496d       0x62 /diski/opt/microchip/xc32/v1.44/bin/bin/../../lib/gcc/pic32mx/4.8.3/libgcc.a(floatunsisf.o)
 .debug_abbrev  0x000049cf       0x28 /diski/opt/microchip/xc32/v1.44/bin/bin/../../lib/gcc/pic32mx/4.8.3/../../../../pic32mx/lib/libpic32.a(default-bootstrap-exception-handler.o)
 .debug_abbrev  0x000049f7       0x28 /diski/opt/microchip/xc32/v1.44/bin/bin/../../lib/gcc/pic32mx/4.8.3/../../../../pic32mx/lib/libpic32.a(default-on-reset.o)
 .debug_abbrev  0x00004a1f       0x28 /diski/opt/microchip/xc32/v1.44/bin/bin/../../lib/gcc/pic32mx/4.8.3/../../../../pic32mx/lib/libpic32.a(default-on-bootstrap.o)
 .debug_abbrev  0x00004a47       0x28 /diski/opt/microchip/xc32/v1.44/bin/bin/../../lib/gcc/pic32mx/4.8.3/../../../../pic32mx/lib/libpic32.a(defaultinterrupt.o)
 .debug_abbrev  0x00004a6f       0x28 /diski/opt/microchip/xc32/v1.44/bin/bin/../../lib/gcc/pic32mx/4.8.3/../../../../pic32mx/lib/libc.a(sprintf_cdnopsuxX.eo)
 .debug_abbrev  0x00004a97       0x28 /diski/opt/microchip/xc32/v1.44/bin/bin/../../lib/gcc/pic32mx/4.8.3/../../../../pic32mx/lib/libc.a(doprnt_cdnopsuxX.eo)
 .debug_abbrev  0x00004abf       0x28 /diski/opt/microchip/xc32/v1.44/bin/bin/../../lib/gcc/pic32mx/4.8.3/../../../../pic32mx/lib/libc.a(_fputc_simple.o)
 .debug_abbrev  0x00004ae7       0x28 /diski/opt/microchip/xc32/v1.44/bin/bin/../../lib/gcc/pic32mx/4.8.3/../../../../pic32mx/lib/libc.a(_flsbuf_simple.o)
 .debug_abbrev  0x00004b0f      0x138 /diski/opt/microchip/xc32/v1.44/bin/bin/../../lib/gcc/pic32mx/4.8.3/libgcc.a(_udivdi3.o)
 .debug_abbrev  0x00004c47      0x147 /diski/opt/microchip/xc32/v1.44/bin/bin/../../lib/gcc/pic32mx/4.8.3/libgcc.a(_umoddi3.o)
 .debug_abbrev  0x00004d8e       0x28 /diski/opt/microchip/xc32/v1.44/bin/bin/../../lib/gcc/pic32mx/4.8.3/../../../../pic32mx/lib/libpic32.a(write.o)
 .debug_abbrev  0x00004db6       0x28 /diski/opt/microchip/xc32/v1.44/bin/bin/../../lib/gcc/pic32mx/4.8.3/../../../../pic32mx/lib/libpic32.a(_mon_putc.o)

.debug_line     0x00000000     0xc47c
 *(.debug_line)
 .debug_line    0x00000000       0xb3 build/default/production/ChrFont0.o
 .debug_line    0x000000b3       0xb2 build/default/production/FillPat.o
 .debug_line    0x00000165      0x190 build/default/production/OledChar.o
 .debug_line    0x000002f5      0x4ab build/default/production/OledDriver.o
 .debug_line    0x000007a0      0x3af build/default/production/OledGrph.o
 .debug_line    0x00000b4f      0x345 build/default/production/_ext/1360937237/app.o
 .debug_line    0x00000e94       0xe9 build/default/production/_ext/1360937237/main.o
 .debug_line    0x00000f7d      0x2d1 build/default/production/_ext/1360937237/bioshield.o
 .debug_line    0x0000124e      0x320 build/default/production/_ext/1360937237/orient.o
 .debug_line    0x0000156e     0x179d build/default/production/_ext/1940121223/drv_i2c.o
 .debug_line    0x00002d0b      0xc4c build/default/production/_ext/1090455705/drv_spi.o
 .debug_line    0x00003957      0x507 build/default/production/_ext/1091888233/drv_spi_sys_queue_fifo.o
 .debug_line    0x00003e5e      0xf5e build/default/production/_ext/918999666/drv_usart.o
 .debug_line    0x00004dbc      0x78b build/default/production/_ext/918999666/drv_usart_byte_model.o
 .debug_line    0x00005547      0x405 build/default/production/_ext/749520947/sys_int_pic32.o
 .debug_line    0x0000594c      0x32d build/default/production/_ext/1047219354/drv_oc_mapping.o
 .debug_line    0x00005c79      0x5a2 build/default/production/_ext/1047219354/drv_oc_static.o
 .debug_line    0x0000621b      0x813 build/default/production/_ext/977502197/drv_spi_tasks.o
 .debug_line    0x00006a2e      0x8d3 build/default/production/_ext/977502197/drv_spi_api.o
 .debug_line    0x00007301      0x641 build/default/production/_ext/977502197/drv_spi_master_rm_tasks.o
 .debug_line    0x00007942      0x7a5 build/default/production/_ext/1407244131/drv_tmr_static.o
 .debug_line    0x000080e7      0x539 build/default/production/_ext/1407244131/drv_tmr_mapping.o
 .debug_line    0x00008620      0x6e0 build/default/production/_ext/639803181/sys_clk.o
 .debug_line    0x00008d00      0x707 build/default/production/_ext/639803181/sys_clk_pic32mx.o
 .debug_line    0x00009407      0x7ec build/default/production/_ext/340578644/sys_devcon.o
 .debug_line    0x00009bf3      0x60c build/default/production/_ext/340578644/sys_devcon_pic32mx.o
 .debug_line    0x0000a1ff      0x778 build/default/production/_ext/822048611/sys_ports_static.o
 .debug_line    0x0000a977      0xb2c build/default/production/_ext/1688732426/system_init.o
 .debug_line    0x0000b4a3      0x4ac build/default/production/_ext/1688732426/system_interrupt.o
 .debug_line    0x0000b94f      0x1de build/default/production/_ext/1688732426/system_exceptions.o
 .debug_line    0x0000bb2d      0x11a build/default/production/_ext/1688732426/system_tasks.o
 .debug_line    0x0000bc47       0x9a /diski/opt/microchip/xc32/v1.44/bin/bin/../../lib/gcc/pic32mx/4.8.3/libgcc.a(floatunsisf.o)
 .debug_line    0x0000bce1       0xa7 /diski/opt/microchip/xc32/v1.44/bin/bin/../../lib/gcc/pic32mx/4.8.3/../../../../pic32mx/lib/libpic32.a(default-bootstrap-exception-handler.o)
 .debug_line    0x0000bd88       0x94 /diski/opt/microchip/xc32/v1.44/bin/bin/../../lib/gcc/pic32mx/4.8.3/../../../../pic32mx/lib/libpic32.a(default-on-reset.o)
 .debug_line    0x0000be1c       0x98 /diski/opt/microchip/xc32/v1.44/bin/bin/../../lib/gcc/pic32mx/4.8.3/../../../../pic32mx/lib/libpic32.a(default-on-bootstrap.o)
 .debug_line    0x0000beb4       0xa6 /diski/opt/microchip/xc32/v1.44/bin/bin/../../lib/gcc/pic32mx/4.8.3/../../../../pic32mx/lib/libpic32.a(defaultinterrupt.o)
 .debug_line    0x0000bf5a       0x81 /diski/opt/microchip/xc32/v1.44/bin/bin/../../lib/gcc/pic32mx/4.8.3/../../../../pic32mx/lib/libc.a(sprintf_cdnopsuxX.eo)
 .debug_line    0x0000bfdb       0x80 /diski/opt/microchip/xc32/v1.44/bin/bin/../../lib/gcc/pic32mx/4.8.3/../../../../pic32mx/lib/libc.a(doprnt_cdnopsuxX.eo)
 .debug_line    0x0000c05b       0x7f /diski/opt/microchip/xc32/v1.44/bin/bin/../../lib/gcc/pic32mx/4.8.3/../../../../pic32mx/lib/libc.a(_fputc_simple.o)
 .debug_line    0x0000c0da        0x0 /diski/opt/microchip/xc32/v1.44/bin/bin/../../lib/gcc/pic32mx/4.8.3/../../../../pic32mx/lib/libc.a(ctype.o)
 .debug_line    0x0000c0da        0x0 /diski/opt/microchip/xc32/v1.44/bin/bin/../../lib/gcc/pic32mx/4.8.3/../../../../pic32mx/lib/libc.a(_iob.o)
 .debug_line    0x0000c0da       0x80 /diski/opt/microchip/xc32/v1.44/bin/bin/../../lib/gcc/pic32mx/4.8.3/../../../../pic32mx/lib/libc.a(_flsbuf_simple.o)
 .debug_line    0x0000c15a       0xfd /diski/opt/microchip/xc32/v1.44/bin/bin/../../lib/gcc/pic32mx/4.8.3/libgcc.a(_udivdi3.o)
 .debug_line    0x0000c257      0x10f /diski/opt/microchip/xc32/v1.44/bin/bin/../../lib/gcc/pic32mx/4.8.3/libgcc.a(_umoddi3.o)
 .debug_line    0x0000c366       0x89 /diski/opt/microchip/xc32/v1.44/bin/bin/../../lib/gcc/pic32mx/4.8.3/../../../../pic32mx/lib/libpic32.a(write.o)
 .debug_line    0x0000c3ef       0x8d /diski/opt/microchip/xc32/v1.44/bin/bin/../../lib/gcc/pic32mx/4.8.3/../../../../pic32mx/lib/libpic32.a(_mon_putc.o)
 .debug_line    0x0000c47c        0x0 /diski/opt/microchip/xc32/v1.44/bin/bin/../../lib/gcc/pic32mx/4.8.3/../../../../pic32mx/lib/libpic32.a(xc32_uart.o)

.debug_frame    0x00000000     0x1e6c
 *(.debug_frame)
 .debug_frame   0x00000000       0xc0 build/default/production/OledChar.o
 .debug_frame   0x000000c0      0x174 build/default/production/OledDriver.o
 .debug_frame   0x00000234      0x238 build/default/production/OledGrph.o
 .debug_frame   0x0000046c       0x40 build/default/production/_ext/1360937237/app.o
 .debug_frame   0x000004ac       0x28 build/default/production/_ext/1360937237/main.o
 .debug_frame   0x000004d4       0x40 build/default/production/_ext/1360937237/bioshield.o
 .debug_frame   0x00000514       0x4c build/default/production/_ext/1360937237/orient.o
 .debug_frame   0x00000560      0x298 build/default/production/_ext/1940121223/drv_i2c.o
 .debug_frame   0x000007f8      0x1a4 build/default/production/_ext/1090455705/drv_spi.o
 .debug_frame   0x0000099c      0x22c build/default/production/_ext/1091888233/drv_spi_sys_queue_fifo.o
 .debug_frame   0x00000bc8      0x280 build/default/production/_ext/918999666/drv_usart.o
 .debug_frame   0x00000e48       0xa0 build/default/production/_ext/918999666/drv_usart_byte_model.o
 .debug_frame   0x00000ee8       0x90 build/default/production/_ext/749520947/sys_int_pic32.o
 .debug_frame   0x00000f78       0xa8 build/default/production/_ext/1047219354/drv_oc_mapping.o
 .debug_frame   0x00001020       0xf0 build/default/production/_ext/1047219354/drv_oc_static.o
 .debug_frame   0x00001110       0x38 build/default/production/_ext/977502197/drv_spi_tasks.o
 .debug_frame   0x00001148       0x3c build/default/production/_ext/977502197/drv_spi_api.o
 .debug_frame   0x00001184       0x30 build/default/production/_ext/977502197/drv_spi_master_rm_tasks.o
 .debug_frame   0x000011b4       0xf8 build/default/production/_ext/1407244131/drv_tmr_static.o
 .debug_frame   0x000012ac      0x26c build/default/production/_ext/1407244131/drv_tmr_mapping.o
 .debug_frame   0x00001518      0x134 build/default/production/_ext/639803181/sys_clk.o
 .debug_frame   0x0000164c      0x138 build/default/production/_ext/639803181/sys_clk_pic32mx.o
 .debug_frame   0x00001784       0xe8 build/default/production/_ext/340578644/sys_devcon.o
 .debug_frame   0x0000186c       0x28 build/default/production/_ext/340578644/sys_devcon_pic32mx.o
 .debug_frame   0x00001894      0x1f0 build/default/production/_ext/822048611/sys_ports_static.o
 .debug_frame   0x00001a84       0x2c build/default/production/_ext/1688732426/system_init.o
 .debug_frame   0x00001ab0      0x164 build/default/production/_ext/1688732426/system_interrupt.o
 .debug_frame   0x00001c14       0x28 build/default/production/_ext/1688732426/system_exceptions.o
 .debug_frame   0x00001c3c       0x28 build/default/production/_ext/1688732426/system_tasks.o
 .debug_frame   0x00001c64       0x28 /diski/opt/microchip/xc32/v1.44/bin/bin/../../lib/gcc/pic32mx/4.8.3/libgcc.a(floatunsisf.o)
 .debug_frame   0x00001c8c       0x2c /diski/opt/microchip/xc32/v1.44/bin/bin/../../lib/gcc/pic32mx/4.8.3/../../../../pic32mx/lib/libpic32.a(default-bootstrap-exception-handler.o)
 .debug_frame   0x00001cb8       0x20 /diski/opt/microchip/xc32/v1.44/bin/bin/../../lib/gcc/pic32mx/4.8.3/../../../../pic32mx/lib/libpic32.a(default-on-reset.o)
 .debug_frame   0x00001cd8       0x20 /diski/opt/microchip/xc32/v1.44/bin/bin/../../lib/gcc/pic32mx/4.8.3/../../../../pic32mx/lib/libpic32.a(default-on-bootstrap.o)
 .debug_frame   0x00001cf8       0x20 /diski/opt/microchip/xc32/v1.44/bin/bin/../../lib/gcc/pic32mx/4.8.3/../../../../pic32mx/lib/libpic32.a(defaultinterrupt.o)
 .debug_frame   0x00001d18       0x28 /diski/opt/microchip/xc32/v1.44/bin/bin/../../lib/gcc/pic32mx/4.8.3/../../../../pic32mx/lib/libc.a(sprintf_cdnopsuxX.eo)
 .debug_frame   0x00001d40       0x38 /diski/opt/microchip/xc32/v1.44/bin/bin/../../lib/gcc/pic32mx/4.8.3/../../../../pic32mx/lib/libc.a(doprnt_cdnopsuxX.eo)
 .debug_frame   0x00001d78       0x2c /diski/opt/microchip/xc32/v1.44/bin/bin/../../lib/gcc/pic32mx/4.8.3/../../../../pic32mx/lib/libc.a(_fputc_simple.o)
 .debug_frame   0x00001da4       0x28 /diski/opt/microchip/xc32/v1.44/bin/bin/../../lib/gcc/pic32mx/4.8.3/../../../../pic32mx/lib/libc.a(_flsbuf_simple.o)
 .debug_frame   0x00001dcc       0x20 /diski/opt/microchip/xc32/v1.44/bin/bin/../../lib/gcc/pic32mx/4.8.3/libgcc.a(_udivdi3.o)
 .debug_frame   0x00001dec       0x20 /diski/opt/microchip/xc32/v1.44/bin/bin/../../lib/gcc/pic32mx/4.8.3/libgcc.a(_umoddi3.o)
 .debug_frame   0x00001e0c       0x38 /diski/opt/microchip/xc32/v1.44/bin/bin/../../lib/gcc/pic32mx/4.8.3/../../../../pic32mx/lib/libpic32.a(write.o)
 .debug_frame   0x00001e44       0x28 /diski/opt/microchip/xc32/v1.44/bin/bin/../../lib/gcc/pic32mx/4.8.3/../../../../pic32mx/lib/libpic32.a(_mon_putc.o)

.debug_str      0x00000000      0xb43
 *(.debug_str)
 .debug_str     0x00000000        0x0 build/default/production/ChrFont0.o
 .debug_str     0x00000000        0x0 build/default/production/FillPat.o
 .debug_str     0x00000000        0x0 build/default/production/OledChar.o
 .debug_str     0x00000000        0x0 build/default/production/OledDriver.o
 .debug_str     0x00000000       0x56 build/default/production/OledGrph.o
 .debug_str     0x00000056        0x0 build/default/production/_ext/1360937237/app.o
 .debug_str     0x00000056        0x0 build/default/production/_ext/1360937237/main.o
 .debug_str     0x00000056        0x0 build/default/production/_ext/1360937237/bioshield.o
 .debug_str     0x00000056       0x20 build/default/production/_ext/1360937237/orient.o
 .debug_str     0x00000076      0x145 build/default/production/_ext/1940121223/drv_i2c.o
 .debug_str     0x000001bb      0x178 build/default/production/_ext/1090455705/drv_spi.o
 .debug_str     0x00000333      0x147 build/default/production/_ext/1091888233/drv_spi_sys_queue_fifo.o
 .debug_str     0x0000047a      0x1bb build/default/production/_ext/918999666/drv_usart.o
 .debug_str     0x00000635       0x2e build/default/production/_ext/918999666/drv_usart_byte_model.o
 .debug_str     0x00000663       0x2d build/default/production/_ext/749520947/sys_int_pic32.o
 .debug_str     0x00000690       0x13 build/default/production/_ext/1047219354/drv_oc_mapping.o
 .debug_str     0x000006a3       0x44 build/default/production/_ext/1047219354/drv_oc_static.o
 .debug_str     0x000006e7       0x59 build/default/production/_ext/977502197/drv_spi_tasks.o
 .debug_str     0x00000740       0xde build/default/production/_ext/977502197/drv_spi_api.o
 .debug_str     0x0000081e       0x1e build/default/production/_ext/977502197/drv_spi_master_rm_tasks.o
 .debug_str     0x0000083c       0x68 build/default/production/_ext/1407244131/drv_tmr_static.o
 .debug_str     0x000008a4        0xe build/default/production/_ext/1407244131/drv_tmr_mapping.o
 .debug_str     0x000008b2       0x9a build/default/production/_ext/639803181/sys_clk.o
 .debug_str     0x0000094c      0x118 build/default/production/_ext/639803181/sys_clk_pic32mx.o
 .debug_str     0x00000a64       0x16 build/default/production/_ext/340578644/sys_devcon.o
 .debug_str     0x00000a7a        0x6 build/default/production/_ext/340578644/sys_devcon_pic32mx.o
 .debug_str     0x00000a80       0x55 build/default/production/_ext/822048611/sys_ports_static.o
 .debug_str     0x00000ad5       0x6e build/default/production/_ext/1688732426/system_init.o
 .debug_str     0x00000b43        0x0 build/default/production/_ext/1688732426/system_interrupt.o
 .debug_str     0x00000b43        0x0 build/default/production/_ext/1688732426/system_exceptions.o
 .debug_str     0x00000b43        0x0 build/default/production/_ext/1688732426/system_tasks.o
 .debug_str     0x00000b43        0x0 /diski/opt/microchip/xc32/v1.44/bin/bin/../../lib/gcc/pic32mx/4.8.3/libgcc.a(floatunsisf.o)
 .debug_str     0x00000b43        0x0 /diski/opt/microchip/xc32/v1.44/bin/bin/../../lib/gcc/pic32mx/4.8.3/../../../../pic32mx/lib/libpic32.a(default-bootstrap-exception-handler.o)
 .debug_str     0x00000b43        0x0 /diski/opt/microchip/xc32/v1.44/bin/bin/../../lib/gcc/pic32mx/4.8.3/../../../../pic32mx/lib/libpic32.a(default-on-reset.o)
 .debug_str     0x00000b43        0x0 /diski/opt/microchip/xc32/v1.44/bin/bin/../../lib/gcc/pic32mx/4.8.3/../../../../pic32mx/lib/libpic32.a(default-on-bootstrap.o)
 .debug_str     0x00000b43        0x0 /diski/opt/microchip/xc32/v1.44/bin/bin/../../lib/gcc/pic32mx/4.8.3/../../../../pic32mx/lib/libpic32.a(defaultinterrupt.o)
 .debug_str     0x00000b43        0x0 /diski/opt/microchip/xc32/v1.44/bin/bin/../../lib/gcc/pic32mx/4.8.3/../../../../pic32mx/lib/libc.a(sprintf_cdnopsuxX.eo)
 .debug_str     0x00000b43        0x0 /diski/opt/microchip/xc32/v1.44/bin/bin/../../lib/gcc/pic32mx/4.8.3/../../../../pic32mx/lib/libc.a(doprnt_cdnopsuxX.eo)
 .debug_str     0x00000b43        0x0 /diski/opt/microchip/xc32/v1.44/bin/bin/../../lib/gcc/pic32mx/4.8.3/../../../../pic32mx/lib/libc.a(_fputc_simple.o)
 .debug_str     0x00000b43        0x0 /diski/opt/microchip/xc32/v1.44/bin/bin/../../lib/gcc/pic32mx/4.8.3/../../../../pic32mx/lib/libc.a(ctype.o)
 .debug_str     0x00000b43        0x0 /diski/opt/microchip/xc32/v1.44/bin/bin/../../lib/gcc/pic32mx/4.8.3/../../../../pic32mx/lib/libc.a(_iob.o)
 .debug_str     0x00000b43        0x0 /diski/opt/microchip/xc32/v1.44/bin/bin/../../lib/gcc/pic32mx/4.8.3/../../../../pic32mx/lib/libc.a(_flsbuf_simple.o)
 .debug_str     0x00000b43        0x0 /diski/opt/microchip/xc32/v1.44/bin/bin/../../lib/gcc/pic32mx/4.8.3/libgcc.a(_udivdi3.o)
 .debug_str     0x00000b43        0x0 /diski/opt/microchip/xc32/v1.44/bin/bin/../../lib/gcc/pic32mx/4.8.3/libgcc.a(_umoddi3.o)
 .debug_str     0x00000b43        0x0 /diski/opt/microchip/xc32/v1.44/bin/bin/../../lib/gcc/pic32mx/4.8.3/../../../../pic32mx/lib/libpic32.a(write.o)
 .debug_str     0x00000b43        0x0 /diski/opt/microchip/xc32/v1.44/bin/bin/../../lib/gcc/pic32mx/4.8.3/../../../../pic32mx/lib/libpic32.a(_mon_putc.o)
 .debug_str     0x00000b43        0x0 /diski/opt/microchip/xc32/v1.44/bin/bin/../../lib/gcc/pic32mx/4.8.3/../../../../pic32mx/lib/libpic32.a(xc32_uart.o)

.debug_loc      0x00000000     0xc46b
 *(.debug_loc)
 .debug_loc     0x00000000      0x1cd build/default/production/OledChar.o
 .debug_loc     0x000001cd      0x14d build/default/production/OledDriver.o
 .debug_loc     0x0000031a      0x995 build/default/production/OledGrph.o
 .debug_loc     0x00000caf       0x3d build/default/production/_ext/1360937237/app.o
 .debug_loc     0x00000cec      0x1cd build/default/production/_ext/1360937237/orient.o
 .debug_loc     0x00000eb9     0x32d8 build/default/production/_ext/1940121223/drv_i2c.o
 .debug_loc     0x00004191     0x14a5 build/default/production/_ext/1090455705/drv_spi.o
 .debug_loc     0x00005636      0xbb9 build/default/production/_ext/1091888233/drv_spi_sys_queue_fifo.o
 .debug_loc     0x000061ef     0x1ba8 build/default/production/_ext/918999666/drv_usart.o
 .debug_loc     0x00007d97      0x3ab build/default/production/_ext/918999666/drv_usart_byte_model.o
 .debug_loc     0x00008142       0x69 build/default/production/_ext/749520947/sys_int_pic32.o
 .debug_loc     0x000081ab      0x26b build/default/production/_ext/1047219354/drv_oc_mapping.o
 .debug_loc     0x00008416       0x42 build/default/production/_ext/1047219354/drv_oc_static.o
 .debug_loc     0x00008458      0x685 build/default/production/_ext/977502197/drv_spi_tasks.o
 .debug_loc     0x00008add      0x617 build/default/production/_ext/977502197/drv_spi_api.o
 .debug_loc     0x000090f4      0x186 build/default/production/_ext/977502197/drv_spi_master_rm_tasks.o
 .debug_loc     0x0000927a      0x267 build/default/production/_ext/1407244131/drv_tmr_static.o
 .debug_loc     0x000094e1      0x3a8 build/default/production/_ext/1407244131/drv_tmr_mapping.o
 .debug_loc     0x00009889      0x18f build/default/production/_ext/639803181/sys_clk.o
 .debug_loc     0x00009a18      0xb8c build/default/production/_ext/639803181/sys_clk_pic32mx.o
 .debug_loc     0x0000a5a4       0xf0 build/default/production/_ext/340578644/sys_devcon.o
 .debug_loc     0x0000a694       0xda build/default/production/_ext/340578644/sys_devcon_pic32mx.o
 .debug_loc     0x0000a76e      0x73d build/default/production/_ext/822048611/sys_ports_static.o
 .debug_loc     0x0000aeab       0x21 build/default/production/_ext/1688732426/system_init.o
 .debug_loc     0x0000aecc       0x74 /diski/opt/microchip/xc32/v1.44/bin/bin/../../lib/gcc/pic32mx/4.8.3/libgcc.a(floatunsisf.o)
 .debug_loc     0x0000af40       0x2c /diski/opt/microchip/xc32/v1.44/bin/bin/../../lib/gcc/pic32mx/4.8.3/../../../../pic32mx/lib/libpic32.a(default-bootstrap-exception-handler.o)
 .debug_loc     0x0000af6c      0xa6a /diski/opt/microchip/xc32/v1.44/bin/bin/../../lib/gcc/pic32mx/4.8.3/libgcc.a(_udivdi3.o)
 .debug_loc     0x0000b9d6      0xa3d /diski/opt/microchip/xc32/v1.44/bin/bin/../../lib/gcc/pic32mx/4.8.3/libgcc.a(_umoddi3.o)
 .debug_loc     0x0000c413       0x38 /diski/opt/microchip/xc32/v1.44/bin/bin/../../lib/gcc/pic32mx/4.8.3/../../../../pic32mx/lib/libpic32.a(write.o)
 .debug_loc     0x0000c44b       0x20 /diski/opt/microchip/xc32/v1.44/bin/bin/../../lib/gcc/pic32mx/4.8.3/../../../../pic32mx/lib/libpic32.a(_mon_putc.o)

.debug_macinfo
 *(.debug_macinfo)

.debug_weaknames
 *(.debug_weaknames)

.debug_funcnames
 *(.debug_funcnames)

.debug_typenames
 *(.debug_typenames)

.debug_varnames
 *(.debug_varnames)

.debug_pubtypes
 *(.debug_pubtypes)

.debug_ranges   0x00000000      0xe70
 *(.debug_ranges)
 .debug_ranges  0x00000000       0x50 build/default/production/OledChar.o
 .debug_ranges  0x00000050       0x80 build/default/production/OledDriver.o
 .debug_ranges  0x000000d0       0xd8 build/default/production/OledGrph.o
 .debug_ranges  0x000001a8       0x18 build/default/production/_ext/1360937237/app.o
 .debug_ranges  0x000001c0       0x10 build/default/production/_ext/1360937237/main.o
 .debug_ranges  0x000001d0       0x18 build/default/production/_ext/1360937237/bioshield.o
 .debug_ranges  0x000001e8       0x18 build/default/production/_ext/1360937237/orient.o
 .debug_ranges  0x00000200      0x120 build/default/production/_ext/1940121223/drv_i2c.o
 .debug_ranges  0x00000320       0xd0 build/default/production/_ext/1090455705/drv_spi.o
 .debug_ranges  0x000003f0       0xe0 build/default/production/_ext/1091888233/drv_spi_sys_queue_fifo.o
 .debug_ranges  0x000004d0      0x170 build/default/production/_ext/918999666/drv_usart.o
 .debug_ranges  0x00000640       0x38 build/default/production/_ext/918999666/drv_usart_byte_model.o
 .debug_ranges  0x00000678       0x50 build/default/production/_ext/749520947/sys_int_pic32.o
 .debug_ranges  0x000006c8       0x40 build/default/production/_ext/1047219354/drv_oc_mapping.o
 .debug_ranges  0x00000708       0x78 build/default/production/_ext/1047219354/drv_oc_static.o
 .debug_ranges  0x00000780       0x58 build/default/production/_ext/977502197/drv_spi_tasks.o
 .debug_ranges  0x000007d8       0x18 build/default/production/_ext/977502197/drv_spi_api.o
 .debug_ranges  0x000007f0       0x30 build/default/production/_ext/977502197/drv_spi_master_rm_tasks.o
 .debug_ranges  0x00000820       0x78 build/default/production/_ext/1407244131/drv_tmr_static.o
 .debug_ranges  0x00000898       0xd8 build/default/production/_ext/1407244131/drv_tmr_mapping.o
 .debug_ranges  0x00000970       0x78 build/default/production/_ext/639803181/sys_clk.o
 .debug_ranges  0x000009e8       0xa0 build/default/production/_ext/639803181/sys_clk_pic32mx.o
 .debug_ranges  0x00000a88       0x68 build/default/production/_ext/340578644/sys_devcon.o
 .debug_ranges  0x00000af0       0x10 build/default/production/_ext/340578644/sys_devcon_pic32mx.o
 .debug_ranges  0x00000b00       0xf8 build/default/production/_ext/822048611/sys_ports_static.o
 .debug_ranges  0x00000bf8       0x10 build/default/production/_ext/1688732426/system_init.o
 .debug_ranges  0x00000c08       0x38 build/default/production/_ext/1688732426/system_interrupt.o
 .debug_ranges  0x00000c40       0x10 build/default/production/_ext/1688732426/system_exceptions.o
 .debug_ranges  0x00000c50       0x10 build/default/production/_ext/1688732426/system_tasks.o
 .debug_ranges  0x00000c60       0x10 /diski/opt/microchip/xc32/v1.44/bin/bin/../../lib/gcc/pic32mx/4.8.3/../../../../pic32mx/lib/libpic32.a(default-bootstrap-exception-handler.o)
 .debug_ranges  0x00000c70       0x10 /diski/opt/microchip/xc32/v1.44/bin/bin/../../lib/gcc/pic32mx/4.8.3/../../../../pic32mx/lib/libpic32.a(default-on-reset.o)
 .debug_ranges  0x00000c80       0x10 /diski/opt/microchip/xc32/v1.44/bin/bin/../../lib/gcc/pic32mx/4.8.3/../../../../pic32mx/lib/libpic32.a(default-on-bootstrap.o)
 .debug_ranges  0x00000c90       0x10 /diski/opt/microchip/xc32/v1.44/bin/bin/../../lib/gcc/pic32mx/4.8.3/../../../../pic32mx/lib/libpic32.a(defaultinterrupt.o)
 .debug_ranges  0x00000ca0       0x10 /diski/opt/microchip/xc32/v1.44/bin/bin/../../lib/gcc/pic32mx/4.8.3/../../../../pic32mx/lib/libc.a(sprintf_cdnopsuxX.eo)
 .debug_ranges  0x00000cb0       0x10 /diski/opt/microchip/xc32/v1.44/bin/bin/../../lib/gcc/pic32mx/4.8.3/../../../../pic32mx/lib/libc.a(doprnt_cdnopsuxX.eo)
 .debug_ranges  0x00000cc0       0x10 /diski/opt/microchip/xc32/v1.44/bin/bin/../../lib/gcc/pic32mx/4.8.3/../../../../pic32mx/lib/libc.a(_fputc_simple.o)
 .debug_ranges  0x00000cd0       0x10 /diski/opt/microchip/xc32/v1.44/bin/bin/../../lib/gcc/pic32mx/4.8.3/../../../../pic32mx/lib/libc.a(_flsbuf_simple.o)
 .debug_ranges  0x00000ce0       0x98 /diski/opt/microchip/xc32/v1.44/bin/bin/../../lib/gcc/pic32mx/4.8.3/libgcc.a(_udivdi3.o)
 .debug_ranges  0x00000d78       0xd8 /diski/opt/microchip/xc32/v1.44/bin/bin/../../lib/gcc/pic32mx/4.8.3/libgcc.a(_umoddi3.o)
 .debug_ranges  0x00000e50       0x10 /diski/opt/microchip/xc32/v1.44/bin/bin/../../lib/gcc/pic32mx/4.8.3/../../../../pic32mx/lib/libpic32.a(write.o)
 .debug_ranges  0x00000e60       0x10 /diski/opt/microchip/xc32/v1.44/bin/bin/../../lib/gcc/pic32mx/4.8.3/../../../../pic32mx/lib/libpic32.a(_mon_putc.o)

.gnu.attributes
                0x00000000       0x10
 *(.gnu.attributes)
 .gnu.attributes
                0x00000000       0x10 build/default/production/ChrFont0.o
 .gnu.attributes
                0x00000010       0x10 build/default/production/FillPat.o
 .gnu.attributes
                0x00000020       0x10 build/default/production/OledChar.o
 .gnu.attributes
                0x00000030       0x10 build/default/production/OledDriver.o
 .gnu.attributes
                0x00000040       0x10 build/default/production/OledGrph.o
 .gnu.attributes
                0x00000050       0x10 build/default/production/_ext/1360937237/app.o
 .gnu.attributes
                0x00000060       0x10 build/default/production/_ext/1360937237/main.o
 .gnu.attributes
                0x00000070       0x10 build/default/production/_ext/1360937237/bioshield.o
 .gnu.attributes
                0x00000080       0x10 build/default/production/_ext/1360937237/orient.o
 .gnu.attributes
                0x00000090       0x10 build/default/production/_ext/1940121223/drv_i2c.o
 .gnu.attributes
                0x000000a0       0x10 build/default/production/_ext/1090455705/drv_spi.o
 .gnu.attributes
                0x000000b0       0x10 build/default/production/_ext/1091888233/drv_spi_sys_queue_fifo.o
 .gnu.attributes
                0x000000c0       0x10 build/default/production/_ext/918999666/drv_usart.o
 .gnu.attributes
                0x000000d0       0x10 build/default/production/_ext/918999666/drv_usart_byte_model.o
 .gnu.attributes
                0x000000e0       0x10 build/default/production/_ext/749520947/sys_int_pic32.o
 .gnu.attributes
                0x000000f0       0x10 build/default/production/_ext/1047219354/drv_oc_mapping.o
 .gnu.attributes
                0x00000100       0x10 build/default/production/_ext/1047219354/drv_oc_static.o
 .gnu.attributes
                0x00000110       0x10 build/default/production/_ext/977502197/drv_spi_tasks.o
 .gnu.attributes
                0x00000120       0x10 build/default/production/_ext/977502197/drv_spi_api.o
 .gnu.attributes
                0x00000130       0x10 build/default/production/_ext/977502197/drv_spi_master_rm_tasks.o
 .gnu.attributes
                0x00000140       0x10 build/default/production/_ext/1407244131/drv_tmr_static.o
 .gnu.attributes
                0x00000150       0x10 build/default/production/_ext/1407244131/drv_tmr_mapping.o
 .gnu.attributes
                0x00000160       0x10 build/default/production/_ext/639803181/sys_clk.o
 .gnu.attributes
                0x00000170       0x10 build/default/production/_ext/639803181/sys_clk_pic32mx.o
 .gnu.attributes
                0x00000180       0x10 build/default/production/_ext/340578644/sys_devcon.o
 .gnu.attributes
                0x00000190       0x10 build/default/production/_ext/340578644/sys_devcon_pic32mx.o
 .gnu.attributes
                0x000001a0       0x10 build/default/production/_ext/822048611/sys_ports_static.o
 .gnu.attributes
                0x000001b0       0x10 build/default/production/_ext/1688732426/system_init.o
 .gnu.attributes
                0x000001c0       0x10 build/default/production/_ext/1688732426/system_interrupt.o
 .gnu.attributes
                0x000001d0       0x10 build/default/production/_ext/1688732426/system_exceptions.o
 .gnu.attributes
                0x000001e0       0x10 build/default/production/_ext/1688732426/system_tasks.o
 .gnu.attributes
                0x000001f0       0x10 /diski/opt/microchip/xc32/v1.44/bin/bin/../../lib/gcc/pic32mx/4.8.3/libgcc.a(floatunsisf.o)
 .gnu.attributes
                0x00000200       0x10 /diski/opt/microchip/xc32/v1.44/bin/bin/../../lib/gcc/pic32mx/4.8.3/../../../../pic32mx/lib/libpic32.a(default-bootstrap-exception-handler.o)
 .gnu.attributes
                0x00000210       0x10 /diski/opt/microchip/xc32/v1.44/bin/bin/../../lib/gcc/pic32mx/4.8.3/../../../../pic32mx/lib/libpic32.a(default-on-reset.o)
 .gnu.attributes
                0x00000220       0x10 /diski/opt/microchip/xc32/v1.44/bin/bin/../../lib/gcc/pic32mx/4.8.3/../../../../pic32mx/lib/libpic32.a(default-on-bootstrap.o)
 .gnu.attributes
                0x00000230       0x10 /diski/opt/microchip/xc32/v1.44/bin/bin/../../lib/gcc/pic32mx/4.8.3/../../../../pic32mx/lib/libpic32.a(defaultinterrupt.o)
 .gnu.attributes
                0x00000240       0x10 /diski/opt/microchip/xc32/v1.44/bin/bin/../../lib/gcc/pic32mx/4.8.3/../../../../pic32mx/lib/libc.a(sprintf_cdnopsuxX.eo)
 .gnu.attributes
                0x00000250       0x10 /diski/opt/microchip/xc32/v1.44/bin/bin/../../lib/gcc/pic32mx/4.8.3/../../../../pic32mx/lib/libc.a(doprnt_cdnopsuxX.eo)
 .gnu.attributes
                0x00000260       0x10 /diski/opt/microchip/xc32/v1.44/bin/bin/../../lib/gcc/pic32mx/4.8.3/../../../../pic32mx/lib/libc.a(_fputc_simple.o)
 .gnu.attributes
                0x00000270       0x10 /diski/opt/microchip/xc32/v1.44/bin/bin/../../lib/gcc/pic32mx/4.8.3/../../../../pic32mx/lib/libc.a(ctype.o)
 .gnu.attributes
                0x00000280       0x10 /diski/opt/microchip/xc32/v1.44/bin/bin/../../lib/gcc/pic32mx/4.8.3/../../../../pic32mx/lib/libc.a(_iob.o)
 .gnu.attributes
                0x00000290       0x10 /diski/opt/microchip/xc32/v1.44/bin/bin/../../lib/gcc/pic32mx/4.8.3/../../../../pic32mx/lib/libc.a(_flsbuf_simple.o)
 .gnu.attributes
                0x000002a0       0x10 /diski/opt/microchip/xc32/v1.44/bin/bin/../../lib/gcc/pic32mx/4.8.3/libgcc.a(_udivdi3.o)
 .gnu.attributes
                0x000002b0       0x10 /diski/opt/microchip/xc32/v1.44/bin/bin/../../lib/gcc/pic32mx/4.8.3/libgcc.a(_umoddi3.o)
 .gnu.attributes
                0x000002c0       0x10 /diski/opt/microchip/xc32/v1.44/bin/bin/../../lib/gcc/pic32mx/4.8.3/../../../../pic32mx/lib/libpic32.a(write.o)
 .gnu.attributes